<?xml version="1.0" encoding="ISO-8859-1" ?>
<link_info>
   <banner>TI ARM Linker PC v20.2.5.LTS</banner>
   <copyright>Copyright (c) 1996-2018 Texas Instruments Incorporated</copyright>
   <link_time>0x61b16dc7</link_time>
   <link_errors>0x0</link_errors>
   <output_file>gpiointerrupt_CC3220S_LAUNCHXL_nortos_ccs.out</output_file>
   <entry_point>
      <name>resetISR</name>
      <address>0x20012145</address>
   </entry_point>
   <input_file_list>
      <input_file id="fl-2">
         <path>.\</path>
         <kind>object</kind>
         <file>gpiointerrupt.obj</file>
         <name>gpiointerrupt.obj</name>
      </input_file>
      <input_file id="fl-3">
         <path>.\syscfg\</path>
         <kind>object</kind>
         <file>ti_drivers_config.obj</file>
         <name>ti_drivers_config.obj</name>
      </input_file>
      <input_file id="fl-4">
         <path>.\</path>
         <kind>object</kind>
         <file>main_nortos.obj</file>
         <name>main_nortos.obj</name>
      </input_file>
      <input_file id="fl-d">
         <kind>object</kind>
         <file>&lt;internal&gt;</file>
         <name>&lt;internal&gt;</name>
      </input_file>
      <input_file id="fl-e">
         <path>C:\ti\simplelink_cc32xx_sdk_5_20_00_06\source\ti\drivers\lib\ccs\m4\</path>
         <kind>archive</kind>
         <file>drivers_cc32xx.a</file>
         <name>I2C.oem4</name>
      </input_file>
      <input_file id="fl-f">
         <path>C:\ti\simplelink_cc32xx_sdk_5_20_00_06\source\ti\drivers\lib\ccs\m4\</path>
         <kind>archive</kind>
         <file>drivers_cc32xx.a</file>
         <name>Timer.oem4</name>
      </input_file>
      <input_file id="fl-10">
         <path>C:\ti\simplelink_cc32xx_sdk_5_20_00_06\source\ti\drivers\lib\ccs\m4\</path>
         <kind>archive</kind>
         <file>drivers_cc32xx.a</file>
         <name>UART.oem4</name>
      </input_file>
      <input_file id="fl-11">
         <path>C:\ti\simplelink_cc32xx_sdk_5_20_00_06\source\ti\drivers\lib\ccs\m4\</path>
         <kind>archive</kind>
         <file>drivers_cc32xx.a</file>
         <name>GPIOCC32XX.oem4</name>
      </input_file>
      <input_file id="fl-12">
         <path>C:\ti\simplelink_cc32xx_sdk_5_20_00_06\source\ti\drivers\lib\ccs\m4\</path>
         <kind>archive</kind>
         <file>drivers_cc32xx.a</file>
         <name>I2CCC32XX.oem4</name>
      </input_file>
      <input_file id="fl-13">
         <path>C:\ti\simplelink_cc32xx_sdk_5_20_00_06\source\ti\drivers\lib\ccs\m4\</path>
         <kind>archive</kind>
         <file>drivers_cc32xx.a</file>
         <name>PowerCC32XX.oem4</name>
      </input_file>
      <input_file id="fl-14">
         <path>C:\ti\simplelink_cc32xx_sdk_5_20_00_06\source\ti\drivers\lib\ccs\m4\</path>
         <kind>archive</kind>
         <file>drivers_cc32xx.a</file>
         <name>PowerCC32XX_asm.oem4</name>
      </input_file>
      <input_file id="fl-15">
         <path>C:\ti\simplelink_cc32xx_sdk_5_20_00_06\source\ti\drivers\lib\ccs\m4\</path>
         <kind>archive</kind>
         <file>drivers_cc32xx.a</file>
         <name>TimerCC32XX.oem4</name>
      </input_file>
      <input_file id="fl-16">
         <path>C:\ti\simplelink_cc32xx_sdk_5_20_00_06\source\ti\drivers\lib\ccs\m4\</path>
         <kind>archive</kind>
         <file>drivers_cc32xx.a</file>
         <name>UARTCC32XX.oem4</name>
      </input_file>
      <input_file id="fl-17">
         <path>C:\ti\simplelink_cc32xx_sdk_5_20_00_06\source\ti\drivers\lib\ccs\m4\</path>
         <kind>archive</kind>
         <file>drivers_cc32xx.a</file>
         <name>List.oem4</name>
      </input_file>
      <input_file id="fl-18">
         <path>C:\ti\simplelink_cc32xx_sdk_5_20_00_06\source\ti\drivers\lib\ccs\m4\</path>
         <kind>archive</kind>
         <file>drivers_cc32xx.a</file>
         <name>RingBuf.oem4</name>
      </input_file>
      <input_file id="fl-19">
         <path>C:\ti\simplelink_cc32xx_sdk_5_20_00_06\kernel\nortos\lib\ccs\m4\</path>
         <kind>archive</kind>
         <file>nortos_cc32xx.a</file>
         <name>NoRTOS.oem4</name>
      </input_file>
      <input_file id="fl-1a">
         <path>C:\ti\simplelink_cc32xx_sdk_5_20_00_06\kernel\nortos\lib\ccs\m4\</path>
         <kind>archive</kind>
         <file>nortos_cc32xx.a</file>
         <name>SemaphoreP_nortos.oem4</name>
      </input_file>
      <input_file id="fl-1b">
         <path>C:\ti\simplelink_cc32xx_sdk_5_20_00_06\kernel\nortos\lib\ccs\m4\</path>
         <kind>archive</kind>
         <file>nortos_cc32xx.a</file>
         <name>ClockPSysTick_nortos.oem4</name>
      </input_file>
      <input_file id="fl-1c">
         <path>C:\ti\simplelink_cc32xx_sdk_5_20_00_06\kernel\nortos\lib\ccs\m4\</path>
         <kind>archive</kind>
         <file>nortos_cc32xx.a</file>
         <name>HwiPCC32XX_nortos.oem4</name>
      </input_file>
      <input_file id="fl-1d">
         <path>C:\ti\simplelink_cc32xx_sdk_5_20_00_06\kernel\nortos\lib\ccs\m4\</path>
         <kind>archive</kind>
         <file>nortos_cc32xx.a</file>
         <name>PowerCC32XX_nortos.oem4</name>
      </input_file>
      <input_file id="fl-1e">
         <path>C:\ti\simplelink_cc32xx_sdk_5_20_00_06\kernel\nortos\lib\ccs\m4\</path>
         <kind>archive</kind>
         <file>nortos_cc32xx.a</file>
         <name>startup_cc32xx_ccs.oem4</name>
      </input_file>
      <input_file id="fl-1f">
         <path>C:\ti\simplelink_cc32xx_sdk_5_20_00_06\kernel\nortos\lib\ccs\m4\</path>
         <kind>archive</kind>
         <file>nortos_cc32xx.a</file>
         <name>SwiP_nortos.oem4</name>
      </input_file>
      <input_file id="fl-20">
         <path>C:\ti\simplelink_cc32xx_sdk_5_20_00_06\kernel\nortos\lib\ccs\m4\</path>
         <kind>archive</kind>
         <file>nortos_cc32xx.a</file>
         <name>QueueP_nortos.oem4</name>
      </input_file>
      <input_file id="fl-21">
         <path>C:\ti\simplelink_cc32xx_sdk_5_20_00_06\source\ti\devices\cc32xx\driverlib\ccs\Release\</path>
         <kind>archive</kind>
         <file>driverlib.a</file>
         <name>cpu.obj</name>
      </input_file>
      <input_file id="fl-22">
         <path>C:\ti\simplelink_cc32xx_sdk_5_20_00_06\source\ti\devices\cc32xx\driverlib\ccs\Release\</path>
         <kind>archive</kind>
         <file>driverlib.a</file>
         <name>i2c.obj</name>
      </input_file>
      <input_file id="fl-23">
         <path>C:\ti\simplelink_cc32xx_sdk_5_20_00_06\source\ti\devices\cc32xx\driverlib\ccs\Release\</path>
         <kind>archive</kind>
         <file>driverlib.a</file>
         <name>interrupt.obj</name>
      </input_file>
      <input_file id="fl-24">
         <path>C:\ti\simplelink_cc32xx_sdk_5_20_00_06\source\ti\devices\cc32xx\driverlib\ccs\Release\</path>
         <kind>archive</kind>
         <file>driverlib.a</file>
         <name>pin.obj</name>
      </input_file>
      <input_file id="fl-25">
         <path>C:\ti\simplelink_cc32xx_sdk_5_20_00_06\source\ti\devices\cc32xx\driverlib\ccs\Release\</path>
         <kind>archive</kind>
         <file>driverlib.a</file>
         <name>prcm.obj</name>
      </input_file>
      <input_file id="fl-26">
         <path>C:\ti\simplelink_cc32xx_sdk_5_20_00_06\source\ti\devices\cc32xx\driverlib\ccs\Release\</path>
         <kind>archive</kind>
         <file>driverlib.a</file>
         <name>timer.obj</name>
      </input_file>
      <input_file id="fl-27">
         <path>C:\ti\simplelink_cc32xx_sdk_5_20_00_06\source\ti\devices\cc32xx\driverlib\ccs\Release\</path>
         <kind>archive</kind>
         <file>driverlib.a</file>
         <name>uart.obj</name>
      </input_file>
      <input_file id="fl-28">
         <path>C:\ti\simplelink_cc32xx_sdk_5_20_00_06\source\ti\devices\cc32xx\driverlib\ccs\Release\</path>
         <kind>archive</kind>
         <file>driverlib.a</file>
         <name>utils.obj</name>
      </input_file>
      <input_file id="fl-29">
         <path>C:\ti\simplelink_cc32xx_sdk_5_20_00_06\source\ti\devices\cc32xx\driverlib\ccs\Release\</path>
         <kind>archive</kind>
         <file>driverlib.a</file>
         <name>flash.obj</name>
      </input_file>
      <input_file id="fl-df">
         <path>C:\ti\ccs1040\ccs\tools\compiler\ti-cgt-arm_20.2.5.LTS\lib\</path>
         <kind>archive</kind>
         <file>rtsv7M4_T_le_eabi.lib</file>
         <name>snprintf.c.obj</name>
      </input_file>
      <input_file id="fl-e0">
         <path>C:\ti\ccs1040\ccs\tools\compiler\ti-cgt-arm_20.2.5.LTS\lib\</path>
         <kind>archive</kind>
         <file>rtsv7M4_T_le_eabi.lib</file>
         <name>fs_mul_t2.asm.obj</name>
      </input_file>
      <input_file id="fl-e1">
         <path>C:\ti\ccs1040\ccs\tools\compiler\ti-cgt-arm_20.2.5.LTS\lib\</path>
         <kind>archive</kind>
         <file>rtsv7M4_T_le_eabi.lib</file>
         <name>fs_toi_t2.asm.obj</name>
      </input_file>
      <input_file id="fl-e2">
         <path>C:\ti\ccs1040\ccs\tools\compiler\ti-cgt-arm_20.2.5.LTS\lib\</path>
         <kind>archive</kind>
         <file>rtsv7M4_T_le_eabi.lib</file>
         <name>i_tofs_t2.asm.obj</name>
      </input_file>
      <input_file id="fl-e3">
         <path>C:\ti\ccs1040\ccs\tools\compiler\ti-cgt-arm_20.2.5.LTS\lib\</path>
         <kind>archive</kind>
         <file>rtsv7M4_T_le_eabi.lib</file>
         <name>ll_mul_t2.asm.obj</name>
      </input_file>
      <input_file id="fl-e4">
         <path>C:\ti\ccs1040\ccs\tools\compiler\ti-cgt-arm_20.2.5.LTS\lib\</path>
         <kind>archive</kind>
         <file>rtsv7M4_T_le_eabi.lib</file>
         <name>memcpy_t2.asm.obj</name>
      </input_file>
      <input_file id="fl-e5">
         <path>C:\ti\ccs1040\ccs\tools\compiler\ti-cgt-arm_20.2.5.LTS\lib\</path>
         <kind>archive</kind>
         <file>rtsv7M4_T_le_eabi.lib</file>
         <name>ull_div_t2.asm.obj</name>
      </input_file>
      <input_file id="fl-e6">
         <path>C:\ti\ccs1040\ccs\tools\compiler\ti-cgt-arm_20.2.5.LTS\lib\</path>
         <kind>archive</kind>
         <file>rtsv7M4_T_le_eabi.lib</file>
         <name>copy_zero_init.c.obj</name>
      </input_file>
      <input_file id="fl-e7">
         <path>C:\ti\ccs1040\ccs\tools\compiler\ti-cgt-arm_20.2.5.LTS\lib\</path>
         <kind>archive</kind>
         <file>rtsv7M4_T_le_eabi.lib</file>
         <name>copy_decompress_none.c.obj</name>
      </input_file>
      <input_file id="fl-e8">
         <path>C:\ti\ccs1040\ccs\tools\compiler\ti-cgt-arm_20.2.5.LTS\lib\</path>
         <kind>archive</kind>
         <file>rtsv7M4_T_le_eabi.lib</file>
         <name>copy_decompress_lzss.c.obj</name>
      </input_file>
      <input_file id="fl-e9">
         <path>C:\ti\ccs1040\ccs\tools\compiler\ti-cgt-arm_20.2.5.LTS\lib\</path>
         <kind>archive</kind>
         <file>rtsv7M4_T_le_eabi.lib</file>
         <name>memory.c.obj</name>
      </input_file>
      <input_file id="fl-ea">
         <path>C:\ti\ccs1040\ccs\tools\compiler\ti-cgt-arm_20.2.5.LTS\lib\</path>
         <kind>archive</kind>
         <file>rtsv7M4_T_le_eabi.lib</file>
         <name>boot_cortex_m.c.obj</name>
      </input_file>
      <input_file id="fl-eb">
         <path>C:\ti\ccs1040\ccs\tools\compiler\ti-cgt-arm_20.2.5.LTS\lib\</path>
         <kind>archive</kind>
         <file>rtsv7M4_T_le_eabi.lib</file>
         <name>_printfi.c.obj</name>
      </input_file>
      <input_file id="fl-ec">
         <path>C:\ti\ccs1040\ccs\tools\compiler\ti-cgt-arm_20.2.5.LTS\lib\</path>
         <kind>archive</kind>
         <file>rtsv7M4_T_le_eabi.lib</file>
         <name>s_frexp.c.obj</name>
      </input_file>
      <input_file id="fl-ed">
         <path>C:\ti\ccs1040\ccs\tools\compiler\ti-cgt-arm_20.2.5.LTS\lib\</path>
         <kind>archive</kind>
         <file>rtsv7M4_T_le_eabi.lib</file>
         <name>s_scalbn.c.obj</name>
      </input_file>
      <input_file id="fl-ee">
         <path>C:\ti\ccs1040\ccs\tools\compiler\ti-cgt-arm_20.2.5.LTS\lib\</path>
         <kind>archive</kind>
         <file>rtsv7M4_T_le_eabi.lib</file>
         <name>wcslen.c.obj</name>
      </input_file>
      <input_file id="fl-ef">
         <path>C:\ti\ccs1040\ccs\tools\compiler\ti-cgt-arm_20.2.5.LTS\lib\</path>
         <kind>archive</kind>
         <file>rtsv7M4_T_le_eabi.lib</file>
         <name>div0.asm.obj</name>
      </input_file>
      <input_file id="fl-f0">
         <path>C:\ti\ccs1040\ccs\tools\compiler\ti-cgt-arm_20.2.5.LTS\lib\</path>
         <kind>archive</kind>
         <file>rtsv7M4_T_le_eabi.lib</file>
         <name>fd_add_t2.asm.obj</name>
      </input_file>
      <input_file id="fl-f1">
         <path>C:\ti\ccs1040\ccs\tools\compiler\ti-cgt-arm_20.2.5.LTS\lib\</path>
         <kind>archive</kind>
         <file>rtsv7M4_T_le_eabi.lib</file>
         <name>fd_cmp_t2.asm.obj</name>
      </input_file>
      <input_file id="fl-f2">
         <path>C:\ti\ccs1040\ccs\tools\compiler\ti-cgt-arm_20.2.5.LTS\lib\</path>
         <kind>archive</kind>
         <file>rtsv7M4_T_le_eabi.lib</file>
         <name>fd_div_t2.asm.obj</name>
      </input_file>
      <input_file id="fl-f3">
         <path>C:\ti\ccs1040\ccs\tools\compiler\ti-cgt-arm_20.2.5.LTS\lib\</path>
         <kind>archive</kind>
         <file>rtsv7M4_T_le_eabi.lib</file>
         <name>fd_mul_t2.asm.obj</name>
      </input_file>
      <input_file id="fl-f4">
         <path>C:\ti\ccs1040\ccs\tools\compiler\ti-cgt-arm_20.2.5.LTS\lib\</path>
         <kind>archive</kind>
         <file>rtsv7M4_T_le_eabi.lib</file>
         <name>fd_toi_t2.asm.obj</name>
      </input_file>
      <input_file id="fl-f5">
         <path>C:\ti\ccs1040\ccs\tools\compiler\ti-cgt-arm_20.2.5.LTS\lib\</path>
         <kind>archive</kind>
         <file>rtsv7M4_T_le_eabi.lib</file>
         <name>i_tofd_t2.asm.obj</name>
      </input_file>
      <input_file id="fl-f6">
         <path>C:\ti\ccs1040\ccs\tools\compiler\ti-cgt-arm_20.2.5.LTS\lib\</path>
         <kind>archive</kind>
         <file>rtsv7M4_T_le_eabi.lib</file>
         <name>memset_t2.asm.obj</name>
      </input_file>
      <input_file id="fl-f7">
         <path>C:\ti\ccs1040\ccs\tools\compiler\ti-cgt-arm_20.2.5.LTS\lib\</path>
         <kind>archive</kind>
         <file>rtsv7M4_T_le_eabi.lib</file>
         <name>autoinit.c.obj</name>
      </input_file>
      <input_file id="fl-f8">
         <path>C:\ti\ccs1040\ccs\tools\compiler\ti-cgt-arm_20.2.5.LTS\lib\</path>
         <kind>archive</kind>
         <file>rtsv7M4_T_le_eabi.lib</file>
         <name>pre_init.c.obj</name>
      </input_file>
      <input_file id="fl-f9">
         <path>C:\ti\ccs1040\ccs\tools\compiler\ti-cgt-arm_20.2.5.LTS\lib\</path>
         <kind>archive</kind>
         <file>rtsv7M4_T_le_eabi.lib</file>
         <name>cpy_tbl.c.obj</name>
      </input_file>
      <input_file id="fl-fa">
         <path>C:\ti\ccs1040\ccs\tools\compiler\ti-cgt-arm_20.2.5.LTS\lib\</path>
         <kind>archive</kind>
         <file>rtsv7M4_T_le_eabi.lib</file>
         <name>exit.c.obj</name>
      </input_file>
      <input_file id="fl-fb">
         <path>C:\ti\ccs1040\ccs\tools\compiler\ti-cgt-arm_20.2.5.LTS\lib\</path>
         <kind>archive</kind>
         <file>rtsv7M4_T_le_eabi.lib</file>
         <name>_lock.c.obj</name>
      </input_file>
      <input_file id="fl-fc">
         <path>C:\ti\ccs1040\ccs\tools\compiler\ti-cgt-arm_20.2.5.LTS\lib\</path>
         <kind>archive</kind>
         <file>rtsv7M4_T_le_eabi.lib</file>
         <name>_ltoa.c.obj</name>
      </input_file>
      <input_file id="fl-fd">
         <path>C:\ti\ccs1040\ccs\tools\compiler\ti-cgt-arm_20.2.5.LTS\lib\</path>
         <kind>archive</kind>
         <file>rtsv7M4_T_le_eabi.lib</file>
         <name>args_main.c.obj</name>
      </input_file>
      <input_file id="fl-fe">
         <path>C:\ti\ccs1040\ccs\tools\compiler\ti-cgt-arm_20.2.5.LTS\lib\</path>
         <kind>archive</kind>
         <file>rtsv7M4_T_le_eabi.lib</file>
         <name>atoi.c.obj</name>
      </input_file>
      <input_file id="fl-ff">
         <path>C:\ti\ccs1040\ccs\tools\compiler\ti-cgt-arm_20.2.5.LTS\lib\</path>
         <kind>archive</kind>
         <file>rtsv7M4_T_le_eabi.lib</file>
         <name>ctype.c.obj</name>
      </input_file>
      <input_file id="fl-100">
         <path>C:\ti\ccs1040\ccs\tools\compiler\ti-cgt-arm_20.2.5.LTS\lib\</path>
         <kind>archive</kind>
         <file>rtsv7M4_T_le_eabi.lib</file>
         <name>memccpy.c.obj</name>
      </input_file>
      <input_file id="fl-101">
         <path>C:\ti\ccs1040\ccs\tools\compiler\ti-cgt-arm_20.2.5.LTS\lib\</path>
         <kind>archive</kind>
         <file>rtsv7M4_T_le_eabi.lib</file>
         <name>strchr.c.obj</name>
      </input_file>
      <input_file id="fl-102">
         <path>C:\ti\ccs1040\ccs\tools\compiler\ti-cgt-arm_20.2.5.LTS\lib\</path>
         <kind>archive</kind>
         <file>rtsv7M4_T_le_eabi.lib</file>
         <name>strlen.c.obj</name>
      </input_file>
      <input_file id="fl-103">
         <path>C:\ti\ccs1040\ccs\tools\compiler\ti-cgt-arm_20.2.5.LTS\lib\</path>
         <kind>archive</kind>
         <file>rtsv7M4_T_le_eabi.lib</file>
         <name>errno.c.obj</name>
      </input_file>
      <input_file id="fl-104">
         <path>C:\ti\ccs1040\ccs\tools\compiler\ti-cgt-arm_20.2.5.LTS\lib\</path>
         <kind>archive</kind>
         <file>rtsv7M4_T_le_eabi.lib</file>
         <name>s_copysign.c.obj</name>
      </input_file>
   </input_file_list>
   <object_component_list>
      <object_component id="oc-3d5">
         <name>.text:__TI_printfi</name>
         <load_address>0x2000c040</load_address>
         <run_address>0x2000c040</run_address>
         <size>0xa4e</size>
         <input_file_ref idref="fl-eb"/>
      </object_component>
      <object_component id="oc-1df">
         <name>.text:Board_initHook</name>
         <load_address>0x2000ca8e</load_address>
         <run_address>0x2000ca8e</run_address>
         <size>0x2</size>
         <input_file_ref idref="fl-3"/>
      </object_component>
      <object_component id="oc-1d3">
         <name>.text:PRCMCC3200MCUInit</name>
         <load_address>0x2000ca90</load_address>
         <run_address>0x2000ca90</run_address>
         <size>0x42c</size>
         <input_file_ref idref="fl-25"/>
      </object_component>
      <object_component id="oc-845">
         <name>.text:UARTCC32XX_open</name>
         <load_address>0x2000cebc</load_address>
         <run_address>0x2000cebc</run_address>
         <size>0x288</size>
         <input_file_ref idref="fl-16"/>
      </object_component>
      <object_component id="oc-595">
         <name>.text:_pconv_a</name>
         <load_address>0x2000d144</load_address>
         <run_address>0x2000d144</run_address>
         <size>0x268</size>
         <input_file_ref idref="fl-eb"/>
      </object_component>
      <object_component id="oc-1ed">
         <name>.text:initI2C</name>
         <load_address>0x2000d3ac</load_address>
         <run_address>0x2000d3ac</run_address>
         <size>0x250</size>
         <input_file_ref idref="fl-2"/>
      </object_component>
      <object_component id="oc-205">
         <name>.text:GPIO_setConfig</name>
         <load_address>0x2000d5fc</load_address>
         <run_address>0x2000d5fc</run_address>
         <size>0x1e4</size>
         <input_file_ref idref="fl-11"/>
      </object_component>
      <object_component id="oc-583">
         <name>.text:_pconv_g</name>
         <load_address>0x2000d7e0</load_address>
         <run_address>0x2000d7e0</run_address>
         <size>0x1cc</size>
         <input_file_ref idref="fl-eb"/>
      </object_component>
      <object_component id="oc-787">
         <name>.text</name>
         <load_address>0x2000d9ac</load_address>
         <run_address>0x2000d9ac</run_address>
         <size>0x1b6</size>
         <input_file_ref idref="fl-f0"/>
      </object_component>
      <object_component id="oc-2f7">
         <name>.text:I2C_init</name>
         <load_address>0x2000db62</load_address>
         <run_address>0x2000db62</run_address>
         <size>0x2</size>
         <input_file_ref idref="fl-e"/>
      </object_component>
      <object_component id="oc-439">
         <name>.text:PowerCC32XX_sleepPolicy</name>
         <load_address>0x2000db64</load_address>
         <run_address>0x2000db64</run_address>
         <size>0x19c</size>
         <input_file_ref idref="fl-1d"/>
      </object_component>
      <object_component id="oc-15f">
         <name>.text:mainThread</name>
         <load_address>0x2000dd00</load_address>
         <run_address>0x2000dd00</run_address>
         <size>0x184</size>
         <input_file_ref idref="fl-2"/>
      </object_component>
      <object_component id="oc-47c">
         <name>.text:I2CCC32XX_hwiFxn</name>
         <load_address>0x2000de84</load_address>
         <run_address>0x2000de84</run_address>
         <size>0x148</size>
         <input_file_ref idref="fl-12"/>
      </object_component>
      <object_component id="oc-7f7">
         <name>.text:parkPins</name>
         <load_address>0x2000dfcc</load_address>
         <run_address>0x2000dfcc</run_address>
         <size>0x148</size>
         <input_file_ref idref="fl-13"/>
      </object_component>
      <object_component id="oc-58f">
         <name>.text:_pconv_e</name>
         <load_address>0x2000e114</load_address>
         <run_address>0x2000e114</run_address>
         <size>0x13c</size>
         <input_file_ref idref="fl-eb"/>
      </object_component>
      <object_component id="oc-60b">
         <name>.text:Power_sleep</name>
         <load_address>0x2000e250</load_address>
         <run_address>0x2000e250</run_address>
         <size>0x138</size>
         <input_file_ref idref="fl-13"/>
      </object_component>
      <object_component id="oc-323">
         <name>.text:Timer_open</name>
         <load_address>0x2000e388</load_address>
         <run_address>0x2000e388</run_address>
         <size>0x138</size>
         <input_file_ref idref="fl-15"/>
      </object_component>
      <object_component id="oc-76d">
         <name>.text</name>
         <load_address>0x2000e4c0</load_address>
         <run_address>0x2000e4c0</run_address>
         <size>0x136</size>
         <input_file_ref idref="fl-f2"/>
      </object_component>
      <object_component id="oc-48a">
         <name>.text:I2C_transferTimeout</name>
         <load_address>0x2000e5f6</load_address>
         <run_address>0x2000e5f6</run_address>
         <size>0x122</size>
         <input_file_ref idref="fl-e"/>
      </object_component>
      <object_component id="oc-833">
         <name>.text:UARTCC32XX_close</name>
         <load_address>0x2000e718</load_address>
         <run_address>0x2000e718</run_address>
         <size>0x120</size>
         <input_file_ref idref="fl-16"/>
      </object_component>
      <object_component id="oc-799">
         <name>.text:fcvt</name>
         <load_address>0x2000e838</load_address>
         <run_address>0x2000e838</run_address>
         <size>0x120</size>
         <input_file_ref idref="fl-eb"/>
      </object_component>
      <object_component id="oc-21d">
         <name>.text:readTemp</name>
         <load_address>0x2000e958</load_address>
         <run_address>0x2000e958</run_address>
         <size>0x120</size>
         <input_file_ref idref="fl-2"/>
      </object_component>
      <object_component id="oc-758">
         <name>.text:aligned_alloc</name>
         <load_address>0x2000ea78</load_address>
         <run_address>0x2000ea78</run_address>
         <size>0x100</size>
         <input_file_ref idref="fl-e9"/>
      </object_component>
      <object_component id="oc-303">
         <name>.text:I2C_open</name>
         <load_address>0x2000eb78</load_address>
         <run_address>0x2000eb78</run_address>
         <size>0xfc</size>
         <input_file_ref idref="fl-12"/>
      </object_component>
      <object_component id="oc-768">
         <name>.text</name>
         <load_address>0x2000ec74</load_address>
         <run_address>0x2000ec74</run_address>
         <size>0xfc</size>
         <input_file_ref idref="fl-f3"/>
      </object_component>
      <object_component id="oc-839">
         <name>.text:UARTCC32XX_control</name>
         <load_address>0x2000ed70</load_address>
         <run_address>0x2000ed70</run_address>
         <size>0xf2</size>
         <input_file_ref idref="fl-16"/>
      </object_component>
      <object_component id="oc-433">
         <name>.text:PowerCC32XX_initPolicy</name>
         <load_address>0x2000ee62</load_address>
         <run_address>0x2000ee62</run_address>
         <size>0x2</size>
         <input_file_ref idref="fl-1d"/>
      </object_component>
      <object_component id="oc-4de">
         <name>.text:free</name>
         <load_address>0x2000ee64</load_address>
         <run_address>0x2000ee64</run_address>
         <size>0xe4</size>
         <input_file_ref idref="fl-e9"/>
      </object_component>
      <object_component id="oc-7ad">
         <name>.text:scalbn</name>
         <load_address>0x2000ef48</load_address>
         <run_address>0x2000ef48</run_address>
         <size>0xd0</size>
         <input_file_ref idref="fl-ed"/>
      </object_component>
      <object_component id="oc-85d">
         <name>.text:UARTCC32XX_write</name>
         <load_address>0x2000f018</load_address>
         <run_address>0x2000f018</run_address>
         <size>0xca</size>
         <input_file_ref idref="fl-16"/>
      </object_component>
      <object_component id="oc-6da">
         <name>.text:SemaphoreP_destruct</name>
         <load_address>0x2000f0e2</load_address>
         <run_address>0x2000f0e2</run_address>
         <size>0x2</size>
         <input_file_ref idref="fl-1a"/>
      </object_component>
      <object_component id="oc-1f9">
         <name>.text:GPIO_init</name>
         <load_address>0x2000f0e4</load_address>
         <run_address>0x2000f0e4</run_address>
         <size>0xc4</size>
         <input_file_ref idref="fl-11"/>
      </object_component>
      <object_component id="oc-814">
         <name>.text:restoreParkedPins</name>
         <load_address>0x2000f1a8</load_address>
         <run_address>0x2000f1a8</run_address>
         <size>0xc0</size>
         <input_file_ref idref="fl-13"/>
      </object_component>
      <object_component id="oc-851">
         <name>.text:UARTCC32XX_readPolling</name>
         <load_address>0x2000f268</load_address>
         <run_address>0x2000f268</run_address>
         <size>0xba</size>
         <input_file_ref idref="fl-16"/>
      </object_component>
      <object_component id="oc-317">
         <name>.text:Timer_init</name>
         <load_address>0x2000f322</load_address>
         <run_address>0x2000f322</run_address>
         <size>0x2</size>
         <input_file_ref idref="fl-f"/>
      </object_component>
      <object_component id="oc-9d1">
         <name>.text:initHw</name>
         <load_address>0x2000f324</load_address>
         <run_address>0x2000f324</run_address>
         <size>0xb8</size>
         <input_file_ref idref="fl-16"/>
      </object_component>
      <object_component id="oc-a7e">
         <name>.text:readTaskCallback</name>
         <load_address>0x2000f3dc</load_address>
         <run_address>0x2000f3dc</run_address>
         <size>0xb6</size>
         <input_file_ref idref="fl-16"/>
      </object_component>
      <object_component id="oc-688">
         <name>.text:I2CCC32XX_completeTransfer</name>
         <load_address>0x2000f492</load_address>
         <run_address>0x2000f492</run_address>
         <size>0xb2</size>
         <input_file_ref idref="fl-12"/>
      </object_component>
      <object_component id="oc-578">
         <name>.text:_ltostr</name>
         <load_address>0x2000f544</load_address>
         <run_address>0x2000f544</run_address>
         <size>0xb1</size>
         <input_file_ref idref="fl-eb"/>
      </object_component>
      <object_component id="oc-83f">
         <name>.text:UARTCC32XX_init</name>
         <load_address>0x2000f5f6</load_address>
         <run_address>0x2000f5f6</run_address>
         <size>0x2</size>
         <input_file_ref idref="fl-16"/>
      </object_component>
      <object_component id="oc-223">
         <name>.text:TickFct_ButtonFlag</name>
         <load_address>0x2000f5f8</load_address>
         <run_address>0x2000f5f8</run_address>
         <size>0xb0</size>
         <input_file_ref idref="fl-2"/>
      </object_component>
      <object_component id="oc-a6c">
         <name>.text:readTaskBlocking</name>
         <load_address>0x2000f6a8</load_address>
         <run_address>0x2000f6a8</run_address>
         <size>0xb0</size>
         <input_file_ref idref="fl-16"/>
      </object_component>
      <object_component id="oc-a72">
         <name>.text:readIsrTextBlocking</name>
         <load_address>0x2000f758</load_address>
         <run_address>0x2000f758</run_address>
         <size>0xae</size>
         <input_file_ref idref="fl-16"/>
      </object_component>
      <object_component id="oc-676">
         <name>.text:I2CCC32XX_primeWriteBurst</name>
         <load_address>0x2000f806</load_address>
         <run_address>0x2000f806</run_address>
         <size>0xa8</size>
         <input_file_ref idref="fl-12"/>
      </object_component>
      <object_component id="oc-400">
         <name>.text:_nop</name>
         <load_address>0x2000f8ae</load_address>
         <run_address>0x2000f8ae</run_address>
         <size>0x2</size>
         <input_file_ref idref="fl-fb"/>
      </object_component>
      <object_component id="oc-b5">
         <name>.text:IntEnable</name>
         <load_address>0x2000f8b0</load_address>
         <run_address>0x2000f8b0</run_address>
         <size>0xa8</size>
         <input_file_ref idref="fl-23"/>
      </object_component>
      <object_component id="oc-2d6">
         <name>.text:PowerCC32XX_configureWakeup</name>
         <load_address>0x2000f958</load_address>
         <run_address>0x2000f958</run_address>
         <size>0xa8</size>
         <input_file_ref idref="fl-13"/>
      </object_component>
      <object_component id="oc-a84">
         <name>.text:readIsrTextCallback</name>
         <load_address>0x2000fa00</load_address>
         <run_address>0x2000fa00</run_address>
         <size>0xa2</size>
         <input_file_ref idref="fl-16"/>
      </object_component>
      <object_component id="oc-a08">
         <name>.text:writeData</name>
         <load_address>0x2000faa2</load_address>
         <run_address>0x2000faa2</run_address>
         <size>0xa2</size>
         <input_file_ref idref="fl-16"/>
      </object_component>
      <object_component id="oc-34e">
         <name>.text:SemaphoreP_pend</name>
         <load_address>0x2000fb44</load_address>
         <run_address>0x2000fb44</run_address>
         <size>0xa0</size>
         <input_file_ref idref="fl-1a"/>
      </object_component>
      <object_component id="oc-46a">
         <name>.text:I2CCC32XX_initHw</name>
         <load_address>0x2000fbe4</load_address>
         <run_address>0x2000fbe4</run_address>
         <size>0x9c</size>
         <input_file_ref idref="fl-12"/>
      </object_component>
      <object_component id="oc-3b">
         <name>.text</name>
         <load_address>0x2000fc80</load_address>
         <run_address>0x2000fc80</run_address>
         <size>0x9c</size>
         <input_file_ref idref="fl-e4"/>
      </object_component>
      <object_component id="oc-229">
         <name>.text:TickFct_TmpLED</name>
         <load_address>0x2000fd1c</load_address>
         <run_address>0x2000fd1c</run_address>
         <size>0x98</size>
         <input_file_ref idref="fl-2"/>
      </object_component>
      <object_component id="oc-36a">
         <name>.text:powerNotifyFxn</name>
         <load_address>0x2000fdb4</load_address>
         <run_address>0x2000fdb4</run_address>
         <size>0x98</size>
         <input_file_ref idref="fl-11"/>
      </object_component>
      <object_component id="oc-606">
         <name>.text</name>
         <load_address>0x2000fe4c</load_address>
         <run_address>0x2000fe4c</run_address>
         <size>0x96</size>
         <input_file_ref idref="fl-e5"/>
      </object_component>
      <object_component id="oc-73">
         <name>.text:busFaultHandler</name>
         <load_address>0x2000fee2</load_address>
         <run_address>0x2000fee2</run_address>
         <size>0x2</size>
         <input_file_ref idref="fl-1e"/>
      </object_component>
      <object_component id="oc-808">
         <name>.text:restoreNVICRegs</name>
         <load_address>0x2000fee4</load_address>
         <run_address>0x2000fee4</run_address>
         <size>0x90</size>
         <input_file_ref idref="fl-13"/>
      </object_component>
      <object_component id="oc-45e">
         <name>.text:HwiP_construct</name>
         <load_address>0x2000ff74</load_address>
         <run_address>0x2000ff74</run_address>
         <size>0x8c</size>
         <input_file_ref idref="fl-1c"/>
      </object_component>
      <object_component id="oc-98f">
         <name>.text:IntPendSet</name>
         <load_address>0x20010000</load_address>
         <run_address>0x20010000</run_address>
         <size>0x88</size>
         <input_file_ref idref="fl-23"/>
      </object_component>
      <object_component id="oc-388">
         <name>.text:PinConfigSet</name>
         <load_address>0x20010088</load_address>
         <run_address>0x20010088</run_address>
         <size>0x88</size>
         <input_file_ref idref="fl-24"/>
      </object_component>
      <object_component id="oc-57e">
         <name>.text:__aeabi_cdcmple</name>
         <load_address>0x20010110</load_address>
         <run_address>0x20010110</run_address>
         <size>0x86</size>
         <input_file_ref idref="fl-f1"/>
      </object_component>
      <object_component id="oc-772">
         <name>.text:__aeabi_cdrcmple</name>
         <load_address>0x20010196</load_address>
         <run_address>0x20010196</run_address>
         <size>0x86</size>
         <input_file_ref idref="fl-f1"/>
      </object_component>
      <object_component id="oc-1d9">
         <name>.text:Power_init</name>
         <load_address>0x2001021c</load_address>
         <run_address>0x2001021c</run_address>
         <size>0x84</size>
         <input_file_ref idref="fl-13"/>
      </object_component>
      <object_component id="oc-7fd">
         <name>.text:saveNVICRegs</name>
         <load_address>0x200102a0</load_address>
         <run_address>0x200102a0</run_address>
         <size>0x84</size>
         <input_file_ref idref="fl-13"/>
      </object_component>
      <object_component id="oc-38e">
         <name>.text:Power_setDependency</name>
         <load_address>0x20010324</load_address>
         <run_address>0x20010324</run_address>
         <size>0x80</size>
         <input_file_ref idref="fl-13"/>
      </object_component>
      <object_component id="oc-a66">
         <name>.text:readIsrBinaryBlocking</name>
         <load_address>0x200103a4</load_address>
         <run_address>0x200103a4</run_address>
         <size>0x7c</size>
         <input_file_ref idref="fl-16"/>
      </object_component>
      <object_component id="oc-670">
         <name>.text:I2CCC32XX_primeReadBurst</name>
         <load_address>0x20010420</load_address>
         <run_address>0x20010420</run_address>
         <size>0x7a</size>
         <input_file_ref idref="fl-12"/>
      </object_component>
      <object_component id="oc-3c8">
         <name>.text</name>
         <load_address>0x2001049a</load_address>
         <run_address>0x2001049a</run_address>
         <size>0x7a</size>
         <input_file_ref idref="fl-e0"/>
      </object_component>
      <object_component id="oc-9d">
         <name>.text</name>
         <load_address>0x20010514</load_address>
         <run_address>0x20010514</run_address>
         <size>0x7a</size>
         <input_file_ref idref="fl-f6"/>
      </object_component>
      <object_component id="oc-503">
         <name>.text:clkFxn</name>
         <load_address>0x2001058e</load_address>
         <run_address>0x2001058e</run_address>
         <size>0x2</size>
         <input_file_ref idref="fl-1a"/>
      </object_component>
      <object_component id="oc-3b2">
         <name>.text:GPIO_hwiIntFxn</name>
         <load_address>0x20010590</load_address>
         <run_address>0x20010590</run_address>
         <size>0x78</size>
         <input_file_ref idref="fl-11"/>
      </object_component>
      <object_component id="oc-a78">
         <name>.text:readIsrBinaryCallback</name>
         <load_address>0x20010608</load_address>
         <run_address>0x20010608</run_address>
         <size>0x78</size>
         <input_file_ref idref="fl-16"/>
      </object_component>
      <object_component id="oc-9e0">
         <name>.text:UARTCC32XX_hwiIntFxn</name>
         <load_address>0x20010680</load_address>
         <run_address>0x20010680</run_address>
         <size>0x74</size>
         <input_file_ref idref="fl-16"/>
      </object_component>
      <object_component id="oc-906">
         <name>.text:split</name>
         <load_address>0x200106f4</load_address>
         <run_address>0x200106f4</run_address>
         <size>0x70</size>
         <input_file_ref idref="fl-e9"/>
      </object_component>
      <object_component id="oc-792">
         <name>.text:_mcpy</name>
         <load_address>0x20010764</load_address>
         <run_address>0x20010764</run_address>
         <size>0x6e</size>
         <input_file_ref idref="fl-eb"/>
      </object_component>
      <object_component id="oc-6a3">
         <name>.text:I2CSupport_primeTransfer</name>
         <load_address>0x200107d2</load_address>
         <run_address>0x200107d2</run_address>
         <size>0x6a</size>
         <input_file_ref idref="fl-12"/>
      </object_component>
      <object_component id="oc-1ff">
         <name>.text:Timer_setPeriod</name>
         <load_address>0x2001083c</load_address>
         <run_address>0x2001083c</run_address>
         <size>0x68</size>
         <input_file_ref idref="fl-f"/>
      </object_component>
      <object_component id="oc-14">
         <name>.text:decompress:lzss:__TI_decompress_lzss</name>
         <load_address>0x200108a4</load_address>
         <run_address>0x200108a4</run_address>
         <size>0x68</size>
         <input_file_ref idref="fl-e8"/>
      </object_component>
      <object_component id="oc-869">
         <name>.text:UARTCC32XX_writeCancel</name>
         <load_address>0x2001090c</load_address>
         <run_address>0x2001090c</run_address>
         <size>0x66</size>
         <input_file_ref idref="fl-16"/>
      </object_component>
      <object_component id="oc-6d">
         <name>.text:defaultHandler</name>
         <load_address>0x20010972</load_address>
         <run_address>0x20010972</run_address>
         <size>0x2</size>
         <input_file_ref idref="fl-1e"/>
      </object_component>
      <object_component id="oc-52d">
         <name>.text:PowerCC32XX_setParkState</name>
         <load_address>0x20010974</load_address>
         <run_address>0x20010974</run_address>
         <size>0x64</size>
         <input_file_ref idref="fl-13"/>
      </object_component>
      <object_component id="oc-863">
         <name>.text:UARTCC32XX_writePolling</name>
         <load_address>0x200109d8</load_address>
         <run_address>0x200109d8</run_address>
         <size>0x62</size>
         <input_file_ref idref="fl-16"/>
      </object_component>
      <object_component id="oc-67">
         <name>.text:faultISR</name>
         <load_address>0x20010a3a</load_address>
         <run_address>0x20010a3a</run_address>
         <size>0x2</size>
         <input_file_ref idref="fl-1e"/>
      </object_component>
      <object_component id="oc-2a4">
         <name>.text:PRCMSysResetCauseGet</name>
         <load_address>0x20010a3c</load_address>
         <run_address>0x20010a3c</run_address>
         <size>0x60</size>
         <input_file_ref idref="fl-25"/>
      </object_component>
      <object_component id="oc-211">
         <name>.text:GPIO_setCallback</name>
         <load_address>0x20010a9c</load_address>
         <run_address>0x20010a9c</run_address>
         <size>0x5c</size>
         <input_file_ref idref="fl-11"/>
      </object_component>
      <object_component id="oc-7a7">
         <name>.text:frexp</name>
         <load_address>0x20010af8</load_address>
         <run_address>0x20010af8</run_address>
         <size>0x5c</size>
         <input_file_ref idref="fl-ec"/>
      </object_component>
      <object_component id="oc-94f">
         <name>.text:sysTickInit</name>
         <load_address>0x20010b54</load_address>
         <run_address>0x20010b54</run_address>
         <size>0x5c</size>
         <input_file_ref idref="fl-1b"/>
      </object_component>
      <object_component id="oc-20b">
         <name>.text:GPIO_write</name>
         <load_address>0x20010bb0</load_address>
         <run_address>0x20010bb0</run_address>
         <size>0x58</size>
         <input_file_ref idref="fl-11"/>
      </object_component>
      <object_component id="oc-2bd">
         <name>.text:PRCMPeripheralReset</name>
         <load_address>0x20010c08</load_address>
         <run_address>0x20010c08</run_address>
         <size>0x58</size>
         <input_file_ref idref="fl-25"/>
      </object_component>
      <object_component id="oc-8e7">
         <name>.text:Power_releaseDependency</name>
         <load_address>0x20010c60</load_address>
         <run_address>0x20010c60</run_address>
         <size>0x58</size>
         <input_file_ref idref="fl-13"/>
      </object_component>
      <object_component id="oc-589">
         <name>.text:_pconv_f</name>
         <load_address>0x20010cb8</load_address>
         <run_address>0x20010cb8</run_address>
         <size>0x56</size>
         <input_file_ref idref="fl-eb"/>
      </object_component>
      <object_component id="oc-77c">
         <name>.text:__TI_ltoa</name>
         <load_address>0x20010d0e</load_address>
         <run_address>0x20010d0e</run_address>
         <size>0x54</size>
         <input_file_ref idref="fl-fc"/>
      </object_component>
      <object_component id="oc-61">
         <name>.text:nmiISR</name>
         <load_address>0x20010d62</load_address>
         <run_address>0x20010d62</run_address>
         <size>0x2</size>
         <input_file_ref idref="fl-1e"/>
      </object_component>
      <object_component id="oc-1f3">
         <name>.text:initTimer</name>
         <load_address>0x20010d64</load_address>
         <run_address>0x20010d64</run_address>
         <size>0x54</size>
         <input_file_ref idref="fl-2"/>
      </object_component>
      <object_component id="oc-ac1">
         <name>.text:ringBufGet</name>
         <load_address>0x20010db8</load_address>
         <run_address>0x20010db8</run_address>
         <size>0x54</size>
         <input_file_ref idref="fl-16"/>
      </object_component>
      <object_component id="oc-96c">
         <name>.text:PowerCC32XX_resumeLPDS</name>
         <load_address>0x20010e0c</load_address>
         <run_address>0x20010e0c</run_address>
         <size>0x52</size>
         <input_file_ref idref="fl-14"/>
      </object_component>
      <object_component id="oc-78c">
         <name>.text:_ecpy</name>
         <load_address>0x20010e5e</load_address>
         <run_address>0x20010e5e</run_address>
         <size>0x52</size>
         <input_file_ref idref="fl-eb"/>
      </object_component>
      <object_component id="oc-4ab">
         <name>.text:initHw</name>
         <load_address>0x20010eb0</load_address>
         <run_address>0x20010eb0</run_address>
         <size>0x52</size>
         <input_file_ref idref="fl-15"/>
      </object_component>
      <object_component id="oc-7eb">
         <name>.text</name>
         <load_address>0x20010f02</load_address>
         <run_address>0x20010f02</run_address>
         <size>0x2</size>
         <input_file_ref idref="fl-ef"/>
      </object_component>
      <object_component id="oc-79">
         <name>.text:ClockP_sysTickHandler</name>
         <load_address>0x20010f04</load_address>
         <run_address>0x20010f04</run_address>
         <size>0x50</size>
         <input_file_ref idref="fl-1b"/>
      </object_component>
      <object_component id="oc-647">
         <name>.text:SemaphoreP_construct</name>
         <load_address>0x20010f54</load_address>
         <run_address>0x20010f54</run_address>
         <size>0x50</size>
         <input_file_ref idref="fl-1a"/>
      </object_component>
      <object_component id="oc-499">
         <name>.text:TimerCC32XX_allocateTimerResource</name>
         <load_address>0x20010fa4</load_address>
         <run_address>0x20010fa4</run_address>
         <size>0x50</size>
         <input_file_ref idref="fl-15"/>
      </object_component>
      <object_component id="oc-217">
         <name>.text:GPIO_enableInt</name>
         <load_address>0x20010ff4</load_address>
         <run_address>0x20010ff4</run_address>
         <size>0x4c</size>
         <input_file_ref idref="fl-11"/>
      </object_component>
      <object_component id="oc-664">
         <name>.text:I2CCC32XX_readRecieveFifo</name>
         <load_address>0x20011040</load_address>
         <run_address>0x20011040</run_address>
         <size>0x4c</size>
         <input_file_ref idref="fl-12"/>
      </object_component>
      <object_component id="oc-963">
         <name>.text:PowerCC32XX_parkPin</name>
         <load_address>0x2001108c</load_address>
         <run_address>0x2001108c</run_address>
         <size>0x4c</size>
         <input_file_ref idref="fl-13"/>
      </object_component>
      <object_component id="oc-572">
         <name>.text:atoi</name>
         <load_address>0x200110d8</load_address>
         <run_address>0x200110d8</run_address>
         <size>0x4c</size>
         <input_file_ref idref="fl-fe"/>
      </object_component>
      <object_component id="oc-80e">
         <name>.text:restorePeriphClocks</name>
         <load_address>0x20011124</load_address>
         <run_address>0x20011124</run_address>
         <size>0x4c</size>
         <input_file_ref idref="fl-13"/>
      </object_component>
      <object_component id="oc-22f">
         <name>.text:snprintf</name>
         <load_address>0x20011170</load_address>
         <run_address>0x20011170</run_address>
         <size>0x4c</size>
         <input_file_ref idref="fl-df"/>
      </object_component>
      <object_component id="oc-987">
         <name>.text:FlashDisable</name>
         <load_address>0x200111bc</load_address>
         <run_address>0x200111bc</run_address>
         <size>0x48</size>
         <input_file_ref idref="fl-29"/>
      </object_component>
      <object_component id="oc-81a">
         <name>.text:PRCMLPDSEnter</name>
         <load_address>0x20011204</load_address>
         <run_address>0x20011204</run_address>
         <size>0x48</size>
         <input_file_ref idref="fl-25"/>
      </object_component>
      <object_component id="oc-2b7">
         <name>.text:PRCMPeripheralClkEnable</name>
         <load_address>0x2001124c</load_address>
         <run_address>0x2001124c</run_address>
         <size>0x48</size>
         <input_file_ref idref="fl-25"/>
      </object_component>
      <object_component id="oc-8a5">
         <name>.text:Power_releaseConstraint</name>
         <load_address>0x20011294</load_address>
         <run_address>0x20011294</run_address>
         <size>0x48</size>
         <input_file_ref idref="fl-13"/>
      </object_component>
      <object_component id="oc-777">
         <name>.text</name>
         <load_address>0x200112dc</load_address>
         <run_address>0x200112dc</run_address>
         <size>0x48</size>
         <input_file_ref idref="fl-f4"/>
      </object_component>
      <object_component id="oc-aae">
         <name>.text:RingBuf_put</name>
         <load_address>0x20011324</load_address>
         <run_address>0x20011324</run_address>
         <size>0x46</size>
         <input_file_ref idref="fl-18"/>
      </object_component>
      <object_component id="oc-4a5">
         <name>.text:getPrescaler</name>
         <load_address>0x2001136a</load_address>
         <run_address>0x2001136a</run_address>
         <size>0x46</size>
         <input_file_ref idref="fl-15"/>
      </object_component>
      <object_component id="oc-740">
         <name>.text:ClockP_stop</name>
         <load_address>0x200113b0</load_address>
         <run_address>0x200113b0</run_address>
         <size>0x44</size>
         <input_file_ref idref="fl-1b"/>
      </object_component>
      <object_component id="oc-971">
         <name>.text:PRCMLPDSRestoreInfoSet</name>
         <load_address>0x200113f4</load_address>
         <run_address>0x200113f4</run_address>
         <size>0x44</size>
         <input_file_ref idref="fl-25"/>
      </object_component>
      <object_component id="oc-803">
         <name>.text:PowerCC32XX_enterLPDS</name>
         <load_address>0x20011438</load_address>
         <run_address>0x20011438</run_address>
         <size>0x44</size>
         <input_file_ref idref="fl-14"/>
      </object_component>
      <object_component id="oc-35a">
         <name>.text:SemaphoreP_post</name>
         <load_address>0x2001147c</load_address>
         <run_address>0x2001147c</run_address>
         <size>0x44</size>
         <input_file_ref idref="fl-1a"/>
      </object_component>
      <object_component id="oc-61c">
         <name>.text:SwiP_restore</name>
         <load_address>0x200114c0</load_address>
         <run_address>0x200114c0</run_address>
         <size>0x44</size>
         <input_file_ref idref="fl-1f"/>
      </object_component>
      <object_component id="oc-329">
         <name>.text:Timer_start</name>
         <load_address>0x20011504</load_address>
         <run_address>0x20011504</run_address>
         <size>0x44</size>
         <input_file_ref idref="fl-f"/>
      </object_component>
      <object_component id="oc-2e4">
         <name>.text:UART_init</name>
         <load_address>0x20011548</load_address>
         <run_address>0x20011548</run_address>
         <size>0x44</size>
         <input_file_ref idref="fl-10"/>
      </object_component>
      <object_component id="oc-172">
         <name>.text:__TI_auto_init_nobinit_nopinit:__TI_auto_init_nobinit_nopinit</name>
         <load_address>0x2001158c</load_address>
         <run_address>0x2001158c</run_address>
         <size>0x44</size>
         <input_file_ref idref="fl-f7"/>
      </object_component>
      <object_component id="oc-1e7">
         <name>.text:initUART</name>
         <load_address>0x200115d0</load_address>
         <run_address>0x200115d0</run_address>
         <size>0x44</size>
         <input_file_ref idref="fl-2"/>
      </object_component>
      <object_component id="oc-a55">
         <name>.text:ClockP_construct</name>
         <load_address>0x20011614</load_address>
         <run_address>0x20011614</run_address>
         <size>0x40</size>
         <input_file_ref idref="fl-1b"/>
      </object_component>
      <object_component id="oc-2cf">
         <name>.text:PinModeSet</name>
         <load_address>0x20011654</load_address>
         <run_address>0x20011654</run_address>
         <size>0x40</size>
         <input_file_ref idref="fl-24"/>
      </object_component>
      <object_component id="oc-9fa">
         <name>.text:RingBuf_get</name>
         <load_address>0x20011694</load_address>
         <run_address>0x20011694</run_address>
         <size>0x40</size>
         <input_file_ref idref="fl-18"/>
      </object_component>
      <object_component id="oc-4c5">
         <name>.text:TimerSupport_timerEnable</name>
         <load_address>0x200116d4</load_address>
         <run_address>0x200116d4</run_address>
         <size>0x40</size>
         <input_file_ref idref="fl-15"/>
      </object_component>
      <object_component id="oc-49f">
         <name>.text:Timer_close</name>
         <load_address>0x20011714</load_address>
         <run_address>0x20011714</run_address>
         <size>0x40</size>
         <input_file_ref idref="fl-15"/>
      </object_component>
      <object_component id="oc-84b">
         <name>.text:UARTCC32XX_read</name>
         <load_address>0x20011754</load_address>
         <run_address>0x20011754</run_address>
         <size>0x40</size>
         <input_file_ref idref="fl-16"/>
      </object_component>
      <object_component id="oc-2f0">
         <name>.text:UART_open</name>
         <load_address>0x20011794</load_address>
         <run_address>0x20011794</run_address>
         <size>0x40</size>
         <input_file_ref idref="fl-10"/>
      </object_component>
      <object_component id="oc-79f">
         <name>.text:_fcpy</name>
         <load_address>0x200117d4</load_address>
         <run_address>0x200117d4</run_address>
         <size>0x3e</size>
         <input_file_ref idref="fl-eb"/>
      </object_component>
      <object_component id="oc-4fd">
         <name>.text:ClockP_destruct</name>
         <load_address>0x20011814</load_address>
         <run_address>0x20011814</run_address>
         <size>0x3c</size>
         <input_file_ref idref="fl-1b"/>
      </object_component>
      <object_component id="oc-70d">
         <name>.text:Power_setConstraint</name>
         <load_address>0x20011850</load_address>
         <run_address>0x20011850</run_address>
         <size>0x3c</size>
         <input_file_ref idref="fl-13"/>
      </object_component>
      <object_component id="oc-600">
         <name>.text:getCountsRTC</name>
         <load_address>0x2001188c</load_address>
         <run_address>0x2001188c</run_address>
         <size>0x3a</size>
         <input_file_ref idref="fl-1d"/>
      </object_component>
      <object_component id="oc-820">
         <name>.text:PRCMLPDSEnterKeepDebugIf</name>
         <load_address>0x200118c8</load_address>
         <run_address>0x200118c8</run_address>
         <size>0x38</size>
         <input_file_ref idref="fl-25"/>
      </object_component>
      <object_component id="oc-db">
         <name>.text:addToList</name>
         <load_address>0x20011900</load_address>
         <run_address>0x20011900</run_address>
         <size>0x38</size>
         <input_file_ref idref="fl-1b"/>
      </object_component>
      <object_component id="oc-59">
         <name>.text:initVectors</name>
         <load_address>0x20011938</load_address>
         <run_address>0x20011938</run_address>
         <size>0x38</size>
         <input_file_ref idref="fl-1e"/>
      </object_component>
      <object_component id="oc-7f1">
         <name>.text:notify</name>
         <load_address>0x20011970</load_address>
         <run_address>0x20011970</run_address>
         <size>0x38</size>
         <input_file_ref idref="fl-13"/>
      </object_component>
      <object_component id="oc-3cd">
         <name>.text</name>
         <load_address>0x200119a8</load_address>
         <run_address>0x200119a8</run_address>
         <size>0x38</size>
         <input_file_ref idref="fl-e1"/>
      </object_component>
      <object_component id="oc-3c3">
         <name>.text</name>
         <load_address>0x200119e0</load_address>
         <run_address>0x200119e0</run_address>
         <size>0x38</size>
         <input_file_ref idref="fl-e2"/>
      </object_component>
      <object_component id="oc-6ee">
         <name>.text:TimerControlStall</name>
         <load_address>0x20011a18</load_address>
         <run_address>0x20011a18</run_address>
         <size>0x36</size>
         <input_file_ref idref="fl-26"/>
      </object_component>
      <object_component id="oc-6c8">
         <name>.text:Timer_stop</name>
         <load_address>0x20011a4e</load_address>
         <run_address>0x20011a4e</run_address>
         <size>0x36</size>
         <input_file_ref idref="fl-f"/>
      </object_component>
      <object_component id="oc-857">
         <name>.text:UARTCC32XX_readCancel</name>
         <load_address>0x20011a84</load_address>
         <run_address>0x20011a84</run_address>
         <size>0x36</size>
         <input_file_ref idref="fl-16"/>
      </object_component>
      <object_component id="oc-5ee">
         <name>.text:ClockP_getTicksUntilInterrupt</name>
         <load_address>0x20011abc</load_address>
         <run_address>0x20011abc</run_address>
         <size>0x34</size>
         <input_file_ref idref="fl-1b"/>
      </object_component>
      <object_component id="oc-7e2">
         <name>.text:ClockP_startup</name>
         <load_address>0x20011af0</load_address>
         <run_address>0x20011af0</run_address>
         <size>0x34</size>
         <input_file_ref idref="fl-1b"/>
      </object_component>
      <object_component id="oc-2c9">
         <name>.text:PinModeGet</name>
         <load_address>0x20011b24</load_address>
         <run_address>0x20011b24</run_address>
         <size>0x34</size>
         <input_file_ref idref="fl-24"/>
      </object_component>
      <object_component id="oc-99e">
         <name>.text:PowerCC32XX_restoreParkState</name>
         <load_address>0x20011b58</load_address>
         <run_address>0x20011b58</run_address>
         <size>0x34</size>
         <input_file_ref idref="fl-13"/>
      </object_component>
      <object_component id="oc-6e0">
         <name>.text:TimerCC32XX_freeTimerResource</name>
         <load_address>0x20011b8c</load_address>
         <run_address>0x20011b8c</run_address>
         <size>0x34</size>
         <input_file_ref idref="fl-15"/>
      </object_component>
      <object_component id="oc-4bd">
         <name>.text:TimerCC32XX_hwiIntFunction</name>
         <load_address>0x20011bc0</load_address>
         <run_address>0x20011bc0</run_address>
         <size>0x34</size>
         <input_file_ref idref="fl-15"/>
      </object_component>
      <object_component id="oc-6be">
         <name>.text:getPowerMgrId</name>
         <load_address>0x20011bf4</load_address>
         <run_address>0x20011bf4</run_address>
         <size>0x34</size>
         <input_file_ref idref="fl-15"/>
      </object_component>
      <object_component id="oc-4eb">
         <name>.text:ClockP_start</name>
         <load_address>0x20011c28</load_address>
         <run_address>0x20011c28</run_address>
         <size>0x30</size>
         <input_file_ref idref="fl-1b"/>
      </object_component>
      <object_component id="oc-980">
         <name>.text:PowerCC32XX_restoreParkedPin</name>
         <load_address>0x20011c58</load_address>
         <run_address>0x20011c58</run_address>
         <size>0x30</size>
         <input_file_ref idref="fl-13"/>
      </object_component>
      <object_component id="oc-3db">
         <name>.text:_outs</name>
         <load_address>0x20011c88</load_address>
         <run_address>0x20011c88</run_address>
         <size>0x30</size>
         <input_file_ref idref="fl-df"/>
      </object_component>
      <object_component id="oc-782">
         <name>.text</name>
         <load_address>0x20011cb8</load_address>
         <run_address>0x20011cb8</run_address>
         <size>0x2e</size>
         <input_file_ref idref="fl-f5"/>
      </object_component>
      <object_component id="oc-9bf">
         <name>.text:PowerCC32XX_getParkState</name>
         <load_address>0x20011ce8</load_address>
         <run_address>0x20011ce8</run_address>
         <size>0x2c</size>
         <input_file_ref idref="fl-13"/>
      </object_component>
      <object_component id="oc-39a">
         <name>.text:HwiP_create</name>
         <load_address>0x20011d14</load_address>
         <run_address>0x20011d14</run_address>
         <size>0x2a</size>
         <input_file_ref idref="fl-1c"/>
      </object_component>
      <object_component id="oc-53e">
         <name>.text:TimerLoadSet</name>
         <load_address>0x20011d3e</load_address>
         <run_address>0x20011d3e</run_address>
         <size>0x2a</size>
         <input_file_ref idref="fl-26"/>
      </object_component>
      <object_component id="oc-538">
         <name>.text:TimerPrescaleSet</name>
         <load_address>0x20011d68</load_address>
         <run_address>0x20011d68</run_address>
         <size>0x2a</size>
         <input_file_ref idref="fl-26"/>
      </object_component>
      <object_component id="oc-67c">
         <name>.text:I2CFIFODataPutNonBlocking</name>
         <load_address>0x20011d92</load_address>
         <run_address>0x20011d92</run_address>
         <size>0x28</size>
         <input_file_ref idref="fl-22"/>
      </object_component>
      <object_component id="oc-2c3">
         <name>.text:PRCMPeripheralClkDisable</name>
         <load_address>0x20011dbc</load_address>
         <run_address>0x20011dbc</run_address>
         <size>0x28</size>
         <input_file_ref idref="fl-25"/>
      </object_component>
      <object_component id="oc-354">
         <name>.text:Power_registerNotify</name>
         <load_address>0x20011de4</load_address>
         <run_address>0x20011de4</run_address>
         <size>0x28</size>
         <input_file_ref idref="fl-13"/>
      </object_component>
      <object_component id="oc-738">
         <name>.text:free_list_insert</name>
         <load_address>0x20011e0c</load_address>
         <run_address>0x20011e0c</run_address>
         <size>0x28</size>
         <input_file_ref idref="fl-e9"/>
      </object_component>
      <object_component id="oc-881">
         <name>.text:I2CFIFODataGetNonBlocking</name>
         <load_address>0x20011e34</load_address>
         <run_address>0x20011e34</run_address>
         <size>0x26</size>
         <input_file_ref idref="fl-22"/>
      </object_component>
      <object_component id="oc-6af">
         <name>.text:I2C_cancel</name>
         <load_address>0x20011e5a</load_address>
         <run_address>0x20011e5a</run_address>
         <size>0x26</size>
         <input_file_ref idref="fl-e"/>
      </object_component>
      <object_component id="oc-50d">
         <name>.text:List_put</name>
         <load_address>0x20011e80</load_address>
         <run_address>0x20011e80</run_address>
         <size>0x26</size>
         <input_file_ref idref="fl-17"/>
      </object_component>
      <object_component id="oc-8d8">
         <name>.text:List_remove</name>
         <load_address>0x20011ea6</load_address>
         <run_address>0x20011ea6</run_address>
         <size>0x26</size>
         <input_file_ref idref="fl-17"/>
      </object_component>
      <object_component id="oc-380">
         <name>.text:TimerSupport_timerLoad</name>
         <load_address>0x20011ecc</load_address>
         <run_address>0x20011ecc</run_address>
         <size>0x26</size>
         <input_file_ref idref="fl-15"/>
      </object_component>
      <object_component id="oc-63d">
         <name>.text:HwiP_dispatch</name>
         <load_address>0x20011ef4</load_address>
         <run_address>0x20011ef4</run_address>
         <size>0x24</size>
         <input_file_ref idref="fl-1c"/>
      </object_component>
      <object_component id="oc-9b9">
         <name>.text:PowerCC32XX_reset</name>
         <load_address>0x20011f18</load_address>
         <run_address>0x20011f18</run_address>
         <size>0x24</size>
         <input_file_ref idref="fl-13"/>
      </object_component>
      <object_component id="oc-8d1">
         <name>.text:TimerSupport_timerDisable</name>
         <load_address>0x20011f3c</load_address>
         <run_address>0x20011f3c</run_address>
         <size>0x24</size>
         <input_file_ref idref="fl-15"/>
      </object_component>
      <object_component id="oc-c5">
         <name>.text:_c_int00_noargs:_c_int00_noargs</name>
         <load_address>0x20011f60</load_address>
         <run_address>0x20011f60</run_address>
         <size>0x24</size>
         <input_file_ref idref="fl-ea"/>
      </object_component>
      <object_component id="oc-889">
         <name>.text:I2CMasterSlaveAddrSet</name>
         <load_address>0x20011f84</load_address>
         <run_address>0x20011f84</run_address>
         <size>0x22</size>
         <input_file_ref idref="fl-22"/>
      </object_component>
      <object_component id="oc-8df">
         <name>.text:HwiP_destruct</name>
         <load_address>0x20011fa6</load_address>
         <run_address>0x20011fa6</run_address>
         <size>0x20</size>
         <input_file_ref idref="fl-1c"/>
      </object_component>
      <object_component id="oc-6ce">
         <name>.text:Power_unregisterNotify</name>
         <load_address>0x20011fc8</load_address>
         <run_address>0x20011fc8</run_address>
         <size>0x20</size>
         <input_file_ref idref="fl-13"/>
      </object_component>
      <object_component id="oc-9a5">
         <name>.text:RingBuf_peek</name>
         <load_address>0x20011fe8</load_address>
         <run_address>0x20011fe8</run_address>
         <size>0x20</size>
         <input_file_ref idref="fl-18"/>
      </object_component>
      <object_component id="oc-9b3">
         <name>.text:getPowerMgrId</name>
         <load_address>0x20012008</load_address>
         <run_address>0x20012008</run_address>
         <size>0x20</size>
         <input_file_ref idref="fl-16"/>
      </object_component>
      <object_component id="oc-658">
         <name>.text:I2CMasterIntStatusEx</name>
         <load_address>0x20012028</load_address>
         <run_address>0x20012028</run_address>
         <size>0x1e</size>
         <input_file_ref idref="fl-22"/>
      </object_component>
      <object_component id="oc-464">
         <name>.text:SemaphoreP_constructBinary</name>
         <load_address>0x20012046</load_address>
         <run_address>0x20012046</run_address>
         <size>0x1e</size>
         <input_file_ref idref="fl-1a"/>
      </object_component>
      <object_component id="oc-6e8">
         <name>.text:TimerDisable</name>
         <load_address>0x20012064</load_address>
         <run_address>0x20012064</run_address>
         <size>0x1e</size>
         <input_file_ref idref="fl-26"/>
      </object_component>
      <object_component id="oc-713">
         <name>.text:TimerEnable</name>
         <load_address>0x20012082</load_address>
         <run_address>0x20012082</run_address>
         <size>0x1e</size>
         <input_file_ref idref="fl-26"/>
      </object_component>
      <object_component id="oc-95d">
         <name>.text:PinToPadGet</name>
         <load_address>0x200120a0</load_address>
         <run_address>0x200120a0</run_address>
         <size>0x1c</size>
         <input_file_ref idref="fl-24"/>
      </object_component>
      <object_component id="oc-5e2">
         <name>.text:SwiP_disable</name>
         <load_address>0x200120bc</load_address>
         <run_address>0x200120bc</run_address>
         <size>0x1c</size>
         <input_file_ref idref="fl-1f"/>
      </object_component>
      <object_component id="oc-732">
         <name>.text:free_list_remove</name>
         <load_address>0x200120d8</load_address>
         <run_address>0x200120d8</run_address>
         <size>0x1c</size>
         <input_file_ref idref="fl-e9"/>
      </object_component>
      <object_component id="oc-59b">
         <name>.text:memccpy</name>
         <load_address>0x200120f4</load_address>
         <run_address>0x200120f4</run_address>
         <size>0x1c</size>
         <input_file_ref idref="fl-100"/>
      </object_component>
      <object_component id="oc-9cb">
         <name>.text:ClockP_create</name>
         <load_address>0x20012110</load_address>
         <run_address>0x20012110</run_address>
         <size>0x1a</size>
         <input_file_ref idref="fl-1b"/>
      </object_component>
      <object_component id="oc-336">
         <name>.text:SemaphoreP_createBinary</name>
         <load_address>0x2001212a</load_address>
         <run_address>0x2001212a</run_address>
         <size>0x1a</size>
         <input_file_ref idref="fl-1a"/>
      </object_component>
      <object_component id="oc-21">
         <name>.text:resetISR</name>
         <load_address>0x20012144</load_address>
         <run_address>0x20012144</run_address>
         <size>0x1a</size>
         <input_file_ref idref="fl-1e"/>
      </object_component>
      <object_component id="oc-8ba">
         <name>.text:I2CMasterBusBusy</name>
         <load_address>0x2001215e</load_address>
         <run_address>0x2001215e</run_address>
         <size>0x18</size>
         <input_file_ref idref="fl-22"/>
      </object_component>
      <object_component id="oc-66a">
         <name>.text:I2CMasterIntDisableEx</name>
         <load_address>0x20012176</load_address>
         <run_address>0x20012176</run_address>
         <size>0x18</size>
         <input_file_ref idref="fl-22"/>
      </object_component>
      <object_component id="oc-89b">
         <name>.text:I2CMasterIntEnableEx</name>
         <load_address>0x2001218e</load_address>
         <run_address>0x2001218e</run_address>
         <size>0x18</size>
         <input_file_ref idref="fl-22"/>
      </object_component>
      <object_component id="oc-8b4">
         <name>.text:I2CRxFIFOFlush</name>
         <load_address>0x200121a6</load_address>
         <run_address>0x200121a6</run_address>
         <size>0x18</size>
         <input_file_ref idref="fl-22"/>
      </object_component>
      <object_component id="oc-8ae">
         <name>.text:I2CTxFIFOFlush</name>
         <load_address>0x200121be</load_address>
         <run_address>0x200121be</run_address>
         <size>0x18</size>
         <input_file_ref idref="fl-22"/>
      </object_component>
      <object_component id="oc-5f4">
         <name>.text:Power_getTransitionLatency</name>
         <load_address>0x200121d8</load_address>
         <run_address>0x200121d8</run_address>
         <size>0x18</size>
         <input_file_ref idref="fl-13"/>
      </object_component>
      <object_component id="oc-8f6">
         <name>.text:Power_idleFunc</name>
         <load_address>0x200121f0</load_address>
         <run_address>0x200121f0</run_address>
         <size>0x18</size>
         <input_file_ref idref="fl-13"/>
      </object_component>
      <object_component id="oc-a20">
         <name>.text:TimerIntDisable</name>
         <load_address>0x20012208</load_address>
         <run_address>0x20012208</run_address>
         <size>0x18</size>
         <input_file_ref idref="fl-26"/>
      </object_component>
      <object_component id="oc-707">
         <name>.text:TimerIntEnable</name>
         <load_address>0x20012220</load_address>
         <run_address>0x20012220</run_address>
         <size>0x18</size>
         <input_file_ref idref="fl-26"/>
      </object_component>
      <object_component id="oc-a02">
         <name>.text:UARTBusy</name>
         <load_address>0x20012238</load_address>
         <run_address>0x20012238</run_address>
         <size>0x18</size>
         <input_file_ref idref="fl-27"/>
      </object_component>
      <object_component id="oc-a99">
         <name>.text:UARTIntEnable</name>
         <load_address>0x20012250</load_address>
         <run_address>0x20012250</run_address>
         <size>0x18</size>
         <input_file_ref idref="fl-27"/>
      </object_component>
      <object_component id="oc-2ea">
         <name>.text:UART_Params_init</name>
         <load_address>0x20012268</load_address>
         <run_address>0x20012268</run_address>
         <size>0x18</size>
         <input_file_ref idref="fl-10"/>
      </object_component>
      <object_component id="oc-3e1">
         <name>.text:_outc</name>
         <load_address>0x20012280</load_address>
         <run_address>0x20012280</run_address>
         <size>0x18</size>
         <input_file_ref idref="fl-df"/>
      </object_component>
      <object_component id="oc-23c">
         <name>.text:gpioButtonFxn0</name>
         <load_address>0x20012298</load_address>
         <run_address>0x20012298</run_address>
         <size>0x18</size>
         <input_file_ref idref="fl-2"/>
      </object_component>
      <object_component id="oc-242">
         <name>.text:gpioButtonFxn1</name>
         <load_address>0x200122b0</load_address>
         <run_address>0x200122b0</run_address>
         <size>0x18</size>
         <input_file_ref idref="fl-2"/>
      </object_component>
      <object_component id="oc-611">
         <name>.text</name>
         <load_address>0x200122c8</load_address>
         <run_address>0x200122c8</run_address>
         <size>0x18</size>
         <input_file_ref idref="fl-e3"/>
      </object_component>
      <object_component id="oc-32f">
         <name>.text:timerCallback</name>
         <load_address>0x200122e0</load_address>
         <run_address>0x200122e0</run_address>
         <size>0x18</size>
         <input_file_ref idref="fl-2"/>
      </object_component>
      <object_component id="oc-895">
         <name>.text:I2CMasterBurstLengthSet</name>
         <load_address>0x200122f8</load_address>
         <run_address>0x200122f8</run_address>
         <size>0x16</size>
         <input_file_ref idref="fl-22"/>
      </object_component>
      <object_component id="oc-2b1">
         <name>.text:PRCMHIBRegRead</name>
         <load_address>0x2001230e</load_address>
         <run_address>0x2001230e</run_address>
         <size>0x16</size>
         <input_file_ref idref="fl-25"/>
      </object_component>
      <object_component id="oc-2ab">
         <name>.text:PRCMHIBRegWrite</name>
         <load_address>0x20012324</load_address>
         <run_address>0x20012324</run_address>
         <size>0x16</size>
         <input_file_ref idref="fl-25"/>
      </object_component>
      <object_component id="oc-4d3">
         <name>.text:SemaphoreP_create</name>
         <load_address>0x2001233a</load_address>
         <run_address>0x2001233a</run_address>
         <size>0x16</size>
         <input_file_ref idref="fl-1a"/>
      </object_component>
      <object_component id="oc-7b3">
         <name>.text:strchr</name>
         <load_address>0x20012350</load_address>
         <run_address>0x20012350</run_address>
         <size>0x16</size>
         <input_file_ref idref="fl-101"/>
      </object_component>
      <object_component id="oc-a3">
         <name>.text:CPUcpsid</name>
         <load_address>0x20012366</load_address>
         <run_address>0x20012366</run_address>
         <size>0x14</size>
         <input_file_ref idref="fl-21"/>
      </object_component>
      <object_component id="oc-514">
         <name>.text:HwiP_inISR</name>
         <load_address>0x2001237c</load_address>
         <run_address>0x2001237c</run_address>
         <size>0x14</size>
         <input_file_ref idref="fl-1c"/>
      </object_component>
      <object_component id="oc-8c2">
         <name>.text:I2CSupport_masterFinish</name>
         <load_address>0x20012390</load_address>
         <run_address>0x20012390</run_address>
         <size>0x14</size>
         <input_file_ref idref="fl-12"/>
      </object_component>
      <object_component id="oc-309">
         <name>.text:I2C_transfer</name>
         <load_address>0x200123a4</load_address>
         <run_address>0x200123a4</run_address>
         <size>0x14</size>
         <input_file_ref idref="fl-e"/>
      </object_component>
      <object_component id="oc-af">
         <name>.text:IntVTableBaseSet</name>
         <load_address>0x200123b8</load_address>
         <run_address>0x200123b8</run_address>
         <size>0x14</size>
         <input_file_ref idref="fl-23"/>
      </object_component>
      <object_component id="oc-51a">
         <name>.text:Power_disablePolicy</name>
         <load_address>0x200123cc</load_address>
         <run_address>0x200123cc</run_address>
         <size>0x14</size>
         <input_file_ref idref="fl-13"/>
      </object_component>
      <object_component id="oc-979">
         <name>.text:Power_getDependencyCount</name>
         <load_address>0x200123e0</load_address>
         <run_address>0x200123e0</run_address>
         <size>0x14</size>
         <input_file_ref idref="fl-13"/>
      </object_component>
      <object_component id="oc-a93">
         <name>.text:releasePowerConstraint</name>
         <load_address>0x200123f4</load_address>
         <run_address>0x200123f4</run_address>
         <size>0x14</size>
         <input_file_ref idref="fl-16"/>
      </object_component>
      <object_component id="oc-56c">
         <name>.text:strlen</name>
         <load_address>0x20012408</load_address>
         <run_address>0x20012408</run_address>
         <size>0x14</size>
         <input_file_ref idref="fl-102"/>
      </object_component>
      <object_component id="oc-394">
         <name>.text:HwiP_Params_init</name>
         <load_address>0x2001241c</load_address>
         <run_address>0x2001241c</run_address>
         <size>0x12</size>
         <input_file_ref idref="fl-1c"/>
      </object_component>
      <object_component id="oc-65e">
         <name>.text:I2CMasterIntClearEx</name>
         <load_address>0x2001242e</load_address>
         <run_address>0x2001242e</run_address>
         <size>0x12</size>
         <input_file_ref idref="fl-22"/>
      </object_component>
      <object_component id="oc-9ad">
         <name>.text:RingBuf_construct</name>
         <load_address>0x20012440</load_address>
         <run_address>0x20012440</run_address>
         <size>0x12</size>
         <input_file_ref idref="fl-18"/>
      </object_component>
      <object_component id="oc-6fe">
         <name>.text:TimerIntClear</name>
         <load_address>0x20012452</load_address>
         <run_address>0x20012452</run_address>
         <size>0x12</size>
         <input_file_ref idref="fl-26"/>
      </object_component>
      <object_component id="oc-11a">
         <name>.text:main</name>
         <load_address>0x20012464</load_address>
         <run_address>0x20012464</run_address>
         <size>0x12</size>
         <input_file_ref idref="fl-4"/>
[...]
      </symbol>
      <symbol id="sm-b2f">
         <name>HwiP_disableInterrupt</name>
         <value>0x20012595</value>
         <object_component_ref idref="oc-69d"/>
      </symbol>
      <symbol id="sm-b5f">
         <name>PowerCC32XX_initPolicy</name>
         <value>0x2000ee63</value>
         <object_component_ref idref="oc-433"/>
      </symbol>
      <symbol id="sm-b60">
         <name>PowerCC32XX_sleepPolicy</name>
         <value>0x2000db65</value>
         <object_component_ref idref="oc-439"/>
      </symbol>
      <symbol id="sm-bb5">
         <name>resetISR</name>
         <value>0x20012145</value>
         <object_component_ref idref="oc-21"/>
      </symbol>
      <symbol id="sm-bb6">
         <name>resetVectorAddr</name>
         <value>0x20012158</value>
         <object_component_ref idref="oc-21"/>
      </symbol>
      <symbol id="sm-bb7">
         <name>initVectors</name>
         <value>0x20011939</value>
         <object_component_ref idref="oc-59"/>
      </symbol>
      <symbol id="sm-bb8">
         <name>resetVectors</name>
         <value>0x20004000</value>
         <object_component_ref idref="oc-27"/>
      </symbol>
      <symbol id="sm-be8">
         <name>SwiP_disable</name>
         <value>0x200120bd</value>
         <object_component_ref idref="oc-5e2"/>
      </symbol>
      <symbol id="sm-be9">
         <name>SwiP_restore</name>
         <value>0x200114c1</value>
         <object_component_ref idref="oc-61c"/>
      </symbol>
      <symbol id="sm-bf4">
         <name>CPUcpsid</name>
         <value>0x20012367</value>
         <object_component_ref idref="oc-a3"/>
      </symbol>
      <symbol id="sm-c61">
         <name>I2CRxFIFOFlush</name>
         <value>0x200121a7</value>
         <object_component_ref idref="oc-8b4"/>
      </symbol>
      <symbol id="sm-c62">
         <name>I2CTxFIFOFlush</name>
         <value>0x200121bf</value>
         <object_component_ref idref="oc-8ae"/>
      </symbol>
      <symbol id="sm-c63">
         <name>I2CFIFODataPutNonBlocking</name>
         <value>0x20011d93</value>
         <object_component_ref idref="oc-67c"/>
      </symbol>
      <symbol id="sm-c64">
         <name>I2CMasterBusBusy</name>
         <value>0x2001215f</value>
         <object_component_ref idref="oc-8ba"/>
      </symbol>
      <symbol id="sm-c65">
         <name>I2CMasterIntDisableEx</name>
         <value>0x20012177</value>
         <object_component_ref idref="oc-66a"/>
      </symbol>
      <symbol id="sm-c66">
         <name>I2CMasterBurstLengthSet</name>
         <value>0x200122f9</value>
         <object_component_ref idref="oc-895"/>
      </symbol>
      <symbol id="sm-c67">
         <name>I2CMasterIntClearEx</name>
         <value>0x2001242f</value>
         <object_component_ref idref="oc-65e"/>
      </symbol>
      <symbol id="sm-c68">
         <name>I2CMasterSlaveAddrSet</name>
         <value>0x20011f85</value>
         <object_component_ref idref="oc-889"/>
      </symbol>
      <symbol id="sm-c69">
         <name>I2CMasterIntEnableEx</name>
         <value>0x2001218f</value>
         <object_component_ref idref="oc-89b"/>
      </symbol>
      <symbol id="sm-c6a">
         <name>I2CFIFOStatus</name>
         <value>0x20012509</value>
         <object_component_ref idref="oc-682"/>
      </symbol>
      <symbol id="sm-c6b">
         <name>I2CMasterIntStatusEx</name>
         <value>0x20012029</value>
         <object_component_ref idref="oc-658"/>
      </symbol>
      <symbol id="sm-c6c">
         <name>I2CFIFODataGetNonBlocking</name>
         <value>0x20011e35</value>
         <object_component_ref idref="oc-881"/>
      </symbol>
      <symbol id="sm-cb1">
         <name>IntVTableBaseSet</name>
         <value>0x200123b9</value>
         <object_component_ref idref="oc-af"/>
      </symbol>
      <symbol id="sm-cb2">
         <name>IntEnable</name>
         <value>0x2000f8b1</value>
         <object_component_ref idref="oc-b5"/>
      </symbol>
      <symbol id="sm-cb3">
         <name>IntMasterDisable</name>
         <value>0x20012645</value>
         <object_component_ref idref="oc-53"/>
      </symbol>
      <symbol id="sm-cb4">
         <name>IntPendSet</name>
         <value>0x20010001</value>
         <object_component_ref idref="oc-98f"/>
      </symbol>
      <symbol id="sm-cee">
         <name>PinModeGet</name>
         <value>0x20011b25</value>
         <object_component_ref idref="oc-2c9"/>
      </symbol>
      <symbol id="sm-cef">
         <name>PinConfigSet</name>
         <value>0x20010089</value>
         <object_component_ref idref="oc-388"/>
      </symbol>
      <symbol id="sm-cf0">
         <name>PinModeSet</name>
         <value>0x20011655</value>
         <object_component_ref idref="oc-2cf"/>
      </symbol>
      <symbol id="sm-cf1">
         <name>PinToPadGet</name>
         <value>0x200120a1</value>
         <object_component_ref idref="oc-95d"/>
      </symbol>
      <symbol id="sm-dba">
         <name>PRCMLPDSRestoreInfoSet</name>
         <value>0x200113f5</value>
         <object_component_ref idref="oc-971"/>
      </symbol>
      <symbol id="sm-dbb">
         <name>PRCMPeripheralReset</name>
         <value>0x20010c09</value>
         <object_component_ref idref="oc-2bd"/>
      </symbol>
      <symbol id="sm-dbc">
         <name>PRCMLPDSEnter</name>
         <value>0x20011205</value>
         <object_component_ref idref="oc-81a"/>
      </symbol>
      <symbol id="sm-dbd">
         <name>PRCMPeripheralClkEnable</name>
         <value>0x2001124d</value>
         <object_component_ref idref="oc-2b7"/>
      </symbol>
      <symbol id="sm-dbe">
         <name>PRCMLPDSEnterKeepDebugIf</name>
         <value>0x200118c9</value>
         <object_component_ref idref="oc-820"/>
      </symbol>
      <symbol id="sm-dbf">
         <name>PRCMCC3200MCUInit</name>
         <value>0x2000ca91</value>
         <object_component_ref idref="oc-1d3"/>
      </symbol>
      <symbol id="sm-dc0">
         <name>PRCMHIBRegWrite</name>
         <value>0x20012325</value>
         <object_component_ref idref="oc-2ab"/>
      </symbol>
      <symbol id="sm-dc1">
         <name>PRCMSysResetCauseGet</name>
         <value>0x20010a3d</value>
         <object_component_ref idref="oc-2a4"/>
      </symbol>
      <symbol id="sm-dc2">
         <name>PRCMPeripheralClkDisable</name>
         <value>0x20011dbd</value>
         <object_component_ref idref="oc-2c3"/>
      </symbol>
      <symbol id="sm-dc3">
         <name>PRCMHIBRegRead</name>
         <value>0x2001230f</value>
         <object_component_ref idref="oc-2b1"/>
      </symbol>
      <symbol id="sm-e0b">
         <name>TimerLoadSet</name>
         <value>0x20011d3f</value>
         <object_component_ref idref="oc-53e"/>
      </symbol>
      <symbol id="sm-e0c">
         <name>TimerDisable</name>
         <value>0x20012065</value>
         <object_component_ref idref="oc-6e8"/>
      </symbol>
      <symbol id="sm-e0d">
         <name>TimerEnable</name>
         <value>0x20012083</value>
         <object_component_ref idref="oc-713"/>
      </symbol>
      <symbol id="sm-e0e">
         <name>TimerIntDisable</name>
         <value>0x20012209</value>
         <object_component_ref idref="oc-a20"/>
      </symbol>
      <symbol id="sm-e0f">
         <name>TimerPrescaleSet</name>
         <value>0x20011d69</value>
         <object_component_ref idref="oc-538"/>
      </symbol>
      <symbol id="sm-e10">
         <name>TimerControlStall</name>
         <value>0x20011a19</value>
         <object_component_ref idref="oc-6ee"/>
      </symbol>
      <symbol id="sm-e11">
         <name>TimerIntEnable</name>
         <value>0x20012221</value>
         <object_component_ref idref="oc-707"/>
      </symbol>
      <symbol id="sm-e12">
         <name>TimerIntClear</name>
         <value>0x20012453</value>
         <object_component_ref idref="oc-6fe"/>
      </symbol>
      <symbol id="sm-e26">
         <name>UARTBusy</name>
         <value>0x20012239</value>
         <object_component_ref idref="oc-a02"/>
      </symbol>
      <symbol id="sm-e27">
         <name>UARTIntEnable</name>
         <value>0x20012251</value>
         <object_component_ref idref="oc-a99"/>
      </symbol>
      <symbol id="sm-e2b">
         <name>UtilsDelay</name>
         <value>0x2001268d</value>
         <object_component_ref idref="oc-2aa"/>
      </symbol>
      <symbol id="sm-e3b">
         <name>FlashDisable</name>
         <value>0x200111bd</value>
         <object_component_ref idref="oc-987"/>
      </symbol>
      <symbol id="sm-e6a">
         <name>snprintf</name>
         <value>0x20011171</value>
         <object_component_ref idref="oc-22f"/>
      </symbol>
      <symbol id="sm-e74">
         <name>__aeabi_fmul</name>
         <value>0x2001049b</value>
         <object_component_ref idref="oc-3c8"/>
      </symbol>
      <symbol id="sm-e7e">
         <name>__aeabi_f2iz</name>
         <value>0x200119a9</value>
         <object_component_ref idref="oc-3cd"/>
      </symbol>
      <symbol id="sm-e89">
         <name>__aeabi_i2f</name>
         <value>0x200119e1</value>
         <object_component_ref idref="oc-3c3"/>
      </symbol>
      <symbol id="sm-e92">
         <name>__aeabi_lmul</name>
         <value>0x200122c9</value>
         <object_component_ref idref="oc-611"/>
      </symbol>
      <symbol id="sm-ead">
         <name>memcpy</name>
         <value>0x2000fc81</value>
         <object_component_ref idref="oc-3b"/>
      </symbol>
      <symbol id="sm-eae">
         <name>__aeabi_memcpy</name>
         <value>0x2000fc81</value>
         <object_component_ref idref="oc-3b"/>
      </symbol>
      <symbol id="sm-eaf">
         <name>__aeabi_memcpy8</name>
         <value>0x2000fc81</value>
         <object_component_ref idref="oc-3b"/>
      </symbol>
      <symbol id="sm-eb0">
         <name>__aeabi_memcpy4</name>
         <value>0x2000fc81</value>
         <object_component_ref idref="oc-3b"/>
      </symbol>
      <symbol id="sm-ebd">
         <name>__aeabi_uldivmod</name>
         <value>0x2000fe4d</value>
         <object_component_ref idref="oc-606"/>
      </symbol>
      <symbol id="sm-ecf">
         <name>__TI_zero_init</name>
         <value>0x2001260d</value>
         <object_component_ref idref="oc-4d"/>
      </symbol>
      <symbol id="sm-ee6">
         <name>__TI_decompress_none</name>
         <value>0x200125db</value>
         <object_component_ref idref="oc-1a"/>
      </symbol>
      <symbol id="sm-f09">
         <name>__TI_decompress_lzss</name>
         <value>0x200108a5</value>
         <object_component_ref idref="oc-14"/>
      </symbol>
      <symbol id="sm-f92">
         <name>_sys_memory</name>
         <value>0x20004040</value>
         <object_component_ref idref="oc-2a"/>
      </symbol>
      <symbol id="sm-f93">
         <name>free</name>
         <value>0x2000ee65</value>
         <object_component_ref idref="oc-4de"/>
      </symbol>
      <symbol id="sm-f94">
         <name>memalign</name>
         <value>0x2000ea79</value>
         <object_component_ref idref="oc-758"/>
      </symbol>
      <symbol id="sm-f95">
         <name>malloc</name>
         <value>0x20012669</value>
         <object_component_ref idref="oc-54a"/>
      </symbol>
      <symbol id="sm-f96">
         <name>aligned_alloc</name>
         <value>0x2000ea79</value>
         <object_component_ref idref="oc-758"/>
      </symbol>
      <symbol id="sm-fa8">
         <name>__stack</name>
         <value>0x20003000</value>
         <object_component_ref idref="oc-2d"/>
      </symbol>
      <symbol id="sm-fa9">
         <name>_c_int00_noargs</name>
         <value>0x20011f61</value>
         <object_component_ref idref="oc-c5"/>
      </symbol>
      <symbol id="sm-110e">
         <name>__TI_printfi</name>
         <value>0x2000c041</value>
         <object_component_ref idref="oc-3d5"/>
      </symbol>
      <symbol id="sm-112e">
         <name>frexpl</name>
         <value>0x20010af9</value>
         <object_component_ref idref="oc-7a7"/>
      </symbol>
      <symbol id="sm-112f">
         <name>frexp</name>
         <value>0x20010af9</value>
         <object_component_ref idref="oc-7a7"/>
      </symbol>
      <symbol id="sm-114d">
         <name>scalbn</name>
         <value>0x2000ef49</value>
         <object_component_ref idref="oc-7ad"/>
      </symbol>
      <symbol id="sm-114e">
         <name>scalbnl</name>
         <value>0x2000ef49</value>
         <object_component_ref idref="oc-7ad"/>
      </symbol>
      <symbol id="sm-114f">
         <name>ldexpl</name>
         <value>0x2000ef49</value>
         <object_component_ref idref="oc-7ad"/>
      </symbol>
      <symbol id="sm-1150">
         <name>ldexp</name>
         <value>0x2000ef49</value>
         <object_component_ref idref="oc-7ad"/>
      </symbol>
      <symbol id="sm-1169">
         <name>wcslen</name>
         <value>0x20012477</value>
         <object_component_ref idref="oc-5a1"/>
      </symbol>
      <symbol id="sm-1173">
         <name>__aeabi_idiv0</name>
         <value>0x20010f03</value>
         <object_component_ref idref="oc-7eb"/>
      </symbol>
      <symbol id="sm-1174">
         <name>__aeabi_ldiv0</name>
         <value>0x20010f03</value>
         <object_component_ref idref="oc-7eb"/>
      </symbol>
      <symbol id="sm-118b">
         <name>__aeabi_dsub</name>
         <value>0x2000d9ad</value>
         <object_component_ref idref="oc-787"/>
      </symbol>
      <symbol id="sm-118c">
         <name>__aeabi_dadd</name>
         <value>0x2000d9b7</value>
         <object_component_ref idref="oc-787"/>
      </symbol>
      <symbol id="sm-11ae">
         <name>__aeabi_cdcmpeq</name>
         <value>0x20010111</value>
         <object_component_ref idref="oc-57e"/>
      </symbol>
      <symbol id="sm-11af">
         <name>__aeabi_cdcmple</name>
         <value>0x20010111</value>
         <object_component_ref idref="oc-57e"/>
      </symbol>
      <symbol id="sm-11b0">
         <name>__aeabi_cdrcmple</name>
         <value>0x20010197</value>
         <object_component_ref idref="oc-772"/>
      </symbol>
      <symbol id="sm-11c4">
         <name>__aeabi_ddiv</name>
         <value>0x2000e4c1</value>
         <object_component_ref idref="oc-76d"/>
      </symbol>
      <symbol id="sm-11cf">
         <name>__aeabi_dmul</name>
         <value>0x2000ec75</value>
         <object_component_ref idref="oc-768"/>
      </symbol>
      <symbol id="sm-11d9">
         <name>__aeabi_d2iz</name>
         <value>0x200112dd</value>
         <object_component_ref idref="oc-777"/>
      </symbol>
      <symbol id="sm-11e3">
         <name>__aeabi_i2d</name>
         <value>0x20011cb9</value>
         <object_component_ref idref="oc-782"/>
      </symbol>
      <symbol id="sm-11f2">
         <name>__aeabi_memset</name>
         <value>0x20010517</value>
         <object_component_ref idref="oc-9d"/>
      </symbol>
      <symbol id="sm-11f3">
         <name>memset</name>
         <value>0x2001051d</value>
         <object_component_ref idref="oc-9d"/>
      </symbol>
      <symbol id="sm-11f4">
         <name>__aeabi_memset8</name>
         <value>0x20010517</value>
         <object_component_ref idref="oc-9d"/>
      </symbol>
      <symbol id="sm-11f5">
         <name>__aeabi_memset4</name>
         <value>0x20010517</value>
         <object_component_ref idref="oc-9d"/>
      </symbol>
      <symbol id="sm-11f6">
         <name>__aeabi_memclr8</name>
         <value>0x20010515</value>
         <object_component_ref idref="oc-9d"/>
      </symbol>
      <symbol id="sm-11f7">
         <name>__aeabi_memclr4</name>
         <value>0x20010515</value>
         <object_component_ref idref="oc-9d"/>
      </symbol>
      <symbol id="sm-11f8">
         <name>__aeabi_memclr</name>
         <value>0x20010515</value>
         <object_component_ref idref="oc-9d"/>
      </symbol>
      <symbol id="sm-1220">
         <name>__TI_auto_init_nobinit_nopinit</name>
         <value>0x2001158d</value>
         <object_component_ref idref="oc-172"/>
      </symbol>
      <symbol id="sm-122a">
         <name>_system_pre_init</name>
         <value>0x2001269f</value>
         <object_component_ref idref="oc-114"/>
      </symbol>
      <symbol id="sm-1236">
         <name>C$$EXIT</name>
         <value>0x200126a3</value>
         <object_component_ref idref="oc-166"/>
      </symbol>
      <symbol id="sm-1237">
         <name>abort</name>
         <value>0x200126a3</value>
         <object_component_ref idref="oc-166"/>
      </symbol>
      <symbol id="sm-124c">
         <name>_nop</name>
         <value>0x2000f8af</value>
         <object_component_ref idref="oc-400"/>
      </symbol>
      <symbol id="sm-124d">
         <name>_lock</name>
         <value>0x20012c3c</value>
         <object_component_ref idref="oc-257"/>
      </symbol>
      <symbol id="sm-124e">
         <name>_unlock</name>
         <value>0x20012c40</value>
         <object_component_ref idref="oc-257"/>
      </symbol>
      <symbol id="sm-125d">
         <name>__TI_ltoa</name>
         <value>0x20010d0f</value>
         <object_component_ref idref="oc-77c"/>
      </symbol>
      <symbol id="sm-1274">
         <name>atoi</name>
         <value>0x200110d9</value>
         <object_component_ref idref="oc-572"/>
      </symbol>
      <symbol id="sm-127f">
         <name>_ctypes_</name>
         <value>0x20012c6c</value>
         <object_component_ref idref="oc-761"/>
      </symbol>
      <symbol id="sm-128f">
         <name>memccpy</name>
         <value>0x200120f5</value>
         <object_component_ref idref="oc-59b"/>
      </symbol>
      <symbol id="sm-129f">
         <name>strchr</name>
         <value>0x20012351</value>
         <object_component_ref idref="oc-7b3"/>
      </symbol>
      <symbol id="sm-12ad">
         <name>strlen</name>
         <value>0x20012409</value>
         <object_component_ref idref="oc-56c"/>
      </symbol>
      <symbol id="sm-12c3">
         <name>__aeabi_errno_addr</name>
         <value>0x20012661</value>
         <object_component_ref idref="oc-5a7"/>
      </symbol>
      <symbol id="sm-12c4">
         <name>errno</name>
         <value>0x20012c68</value>
         <object_component_ref idref="oc-7c3"/>
      </symbol>
      <symbol id="sm-12ce">
         <name>copysign</name>
         <value>0x20012601</value>
         <object_component_ref idref="oc-927"/>
      </symbol>
      <symbol id="sm-12cf">
         <name>copysignl</name>
         <value>0x20012601</value>
         <object_component_ref idref="oc-927"/>
      </symbol>
      <symbol id="sm-12d0">
         <name>__TI_static_base__</name>
         <value>0x20013598</value>
      </symbol>
      <symbol id="sm-12d3">
         <name>ITM_flush</name>
         <value>0x0</value>
      </symbol>
      <symbol id="sm-12d4">
         <name>ITM_restore</name>
         <value>0x0</value>
      </symbol>
      <symbol id="sm-12d5">
         <name>__mpu_init</name>
         <value>0x0</value>
      </symbol>
      <symbol id="sm-12d6">
         <name>_system_post_cinit</name>
         <value>0x0</value>
      </symbol>
      <symbol id="sm-12d7">
         <name>NoRTOS_start</name>
         <value>0x200125a3</value>
      </symbol>
   </symbol_table>
   <title>Link successful</title>
</link_info>
