******************************************************************************
                  TI ARM Linker PC v20.2.5                     
******************************************************************************
>> Linked Wed Dec  8 16:45:27 2021

OUTPUT FILE NAME:   <gpiointerrupt_CC3220S_LAUNCHXL_nortos_ccs.out>
ENTRY POINT SYMBOL: "resetISR"  address: 20012145


MEMORY CONFIGURATION

         name            origin    length      used     unused   attr    fill
----------------------  --------  ---------  --------  --------  ----  --------
  SRAM2                 20000000   00004000  0000130c  00002cf4  RW X
  SRAM                  20004000   0003c000  0000f684  0002c97c  RW X
  LOG_DATA              90000000   00040000  00000000  00040000  R   


SEGMENT ALLOCATION MAP

run origin  load origin   length   init length attrs members
----------  ----------- ---------- ----------- ----- -------
20003000    20003000    00001000   00000000    rw-
  20003000    20003000    00001000   00000000    rw- .stack
20004000    20004000    00000040   00000040    r--
  20004000    20004000    00000040   00000040    r-- .resetVecs
20004040    20004040    00008000   00000000    rw-
  20004040    20004040    00008000   00000000    rw- .sysmem
2000c040    2000c040    00006666   00006666    r-x
  2000c040    2000c040    00006666   00006666    r-x .text
200126a8    200126a8    000005c4   00000000    rw-
  200126a8    200126a8    000005c4   00000000    rw- .data
20012c6c    20012c6c    00000502   00000502    r--
  20012c6c    20012c6c    00000502   00000502    r-- .const
20013170    20013170    00000428   00000000    rw-
  20013170    20013170    00000428   00000000    rw- .bss
20013598    20013598    000000f0   000000f0    r--
  20013598    20013598    000000f0   000000f0    r-- .cinit


SECTION ALLOCATION MAP

 output                                  attributes/
section   page    origin      length       input sections
--------  ----  ----------  ----------   ----------------
.text      0    2000c040    00006666     
                  2000c040    00000a4e     rtsv7M4_T_le_eabi.lib : _printfi.c.obj (.text:__TI_printfi)
                  2000ca8e    00000002     ti_drivers_config.obj (.text:Board_initHook)
                  2000ca90    0000042c     driverlib.a : prcm.obj (.text:PRCMCC3200MCUInit)
                  2000cebc    00000288     drivers_cc32xx.a : UARTCC32XX.oem4 (.text:UARTCC32XX_open)
                  2000d144    00000268     rtsv7M4_T_le_eabi.lib : _printfi.c.obj (.text:_pconv_a)
                  2000d3ac    00000250     gpiointerrupt.obj (.text:initI2C)
                  2000d5fc    000001e4     drivers_cc32xx.a : GPIOCC32XX.oem4 (.text:GPIO_setConfig)
                  2000d7e0    000001cc     rtsv7M4_T_le_eabi.lib : _printfi.c.obj (.text:_pconv_g)
                  2000d9ac    000001b6                           : fd_add_t2.asm.obj (.text)
                  2000db62    00000002     drivers_cc32xx.a : I2C.oem4 (.text:I2C_init)
                  2000db64    0000019c     nortos_cc32xx.a : PowerCC32XX_nortos.oem4 (.text:PowerCC32XX_sleepPolicy)
                  2000dd00    00000184     gpiointerrupt.obj (.text:mainThread)
                  2000de84    00000148     drivers_cc32xx.a : I2CCC32XX.oem4 (.text:I2CCC32XX_hwiFxn)
                  2000dfcc    00000148                      : PowerCC32XX.oem4 (.text:parkPins)
                  2000e114    0000013c     rtsv7M4_T_le_eabi.lib : _printfi.c.obj (.text:_pconv_e)
                  2000e250    00000138     drivers_cc32xx.a : PowerCC32XX.oem4 (.text:Power_sleep)
                  2000e388    00000138                      : TimerCC32XX.oem4 (.text:Timer_open)
                  2000e4c0    00000136     rtsv7M4_T_le_eabi.lib : fd_div_t2.asm.obj (.text)
                  2000e5f6    00000122     drivers_cc32xx.a : I2C.oem4 (.text:I2C_transferTimeout)
                  2000e718    00000120                      : UARTCC32XX.oem4 (.text:UARTCC32XX_close)
                  2000e838    00000120     rtsv7M4_T_le_eabi.lib : _printfi.c.obj (.text:fcvt)
                  2000e958    00000120     gpiointerrupt.obj (.text:readTemp)
                  2000ea78    00000100     rtsv7M4_T_le_eabi.lib : memory.c.obj (.text:aligned_alloc)
                  2000eb78    000000fc     drivers_cc32xx.a : I2CCC32XX.oem4 (.text:I2C_open)
                  2000ec74    000000fc     rtsv7M4_T_le_eabi.lib : fd_mul_t2.asm.obj (.text)
                  2000ed70    000000f2     drivers_cc32xx.a : UARTCC32XX.oem4 (.text:UARTCC32XX_control)
                  2000ee62    00000002     nortos_cc32xx.a : PowerCC32XX_nortos.oem4 (.text:PowerCC32XX_initPolicy)
                  2000ee64    000000e4     rtsv7M4_T_le_eabi.lib : memory.c.obj (.text:free)
                  2000ef48    000000d0                           : s_scalbn.c.obj (.text:scalbn)
                  2000f018    000000ca     drivers_cc32xx.a : UARTCC32XX.oem4 (.text:UARTCC32XX_write)
                  2000f0e2    00000002     nortos_cc32xx.a : SemaphoreP_nortos.oem4 (.text:SemaphoreP_destruct)
                  2000f0e4    000000c4     drivers_cc32xx.a : GPIOCC32XX.oem4 (.text:GPIO_init)
                  2000f1a8    000000c0                      : PowerCC32XX.oem4 (.text:restoreParkedPins)
                  2000f268    000000ba                      : UARTCC32XX.oem4 (.text:UARTCC32XX_readPolling)
                  2000f322    00000002                      : Timer.oem4 (.text:Timer_init)
                  2000f324    000000b8                      : UARTCC32XX.oem4 (.text:initHw)
                  2000f3dc    000000b6                      : UARTCC32XX.oem4 (.text:readTaskCallback)
                  2000f492    000000b2                      : I2CCC32XX.oem4 (.text:I2CCC32XX_completeTransfer)
                  2000f544    000000b1     rtsv7M4_T_le_eabi.lib : _printfi.c.obj (.text:_ltostr)
                  2000f5f5    00000001     --HOLE-- [fill = 0]
                  2000f5f6    00000002     drivers_cc32xx.a : UARTCC32XX.oem4 (.text:UARTCC32XX_init)
                  2000f5f8    000000b0     gpiointerrupt.obj (.text:TickFct_ButtonFlag)
                  2000f6a8    000000b0     drivers_cc32xx.a : UARTCC32XX.oem4 (.text:readTaskBlocking)
                  2000f758    000000ae                      : UARTCC32XX.oem4 (.text:readIsrTextBlocking)
                  2000f806    000000a8                      : I2CCC32XX.oem4 (.text:I2CCC32XX_primeWriteBurst)
                  2000f8ae    00000002     rtsv7M4_T_le_eabi.lib : _lock.c.obj (.text:_nop)
                  2000f8b0    000000a8     driverlib.a : interrupt.obj (.text:IntEnable)
                  2000f958    000000a8     drivers_cc32xx.a : PowerCC32XX.oem4 (.text:PowerCC32XX_configureWakeup)
                  2000fa00    000000a2                      : UARTCC32XX.oem4 (.text:readIsrTextCallback)
                  2000faa2    000000a2                      : UARTCC32XX.oem4 (.text:writeData)
                  2000fb44    000000a0     nortos_cc32xx.a : SemaphoreP_nortos.oem4 (.text:SemaphoreP_pend)
                  2000fbe4    0000009c     drivers_cc32xx.a : I2CCC32XX.oem4 (.text:I2CCC32XX_initHw)
                  2000fc80    0000009c     rtsv7M4_T_le_eabi.lib : memcpy_t2.asm.obj (.text)
                  2000fd1c    00000098     gpiointerrupt.obj (.text:TickFct_TmpLED)
                  2000fdb4    00000098     drivers_cc32xx.a : GPIOCC32XX.oem4 (.text:powerNotifyFxn)
                  2000fe4c    00000096     rtsv7M4_T_le_eabi.lib : ull_div_t2.asm.obj (.text)
                  2000fee2    00000002     nortos_cc32xx.a : startup_cc32xx_ccs.oem4 (.text:busFaultHandler)
                  2000fee4    00000090     drivers_cc32xx.a : PowerCC32XX.oem4 (.text:restoreNVICRegs)
                  2000ff74    0000008c     nortos_cc32xx.a : HwiPCC32XX_nortos.oem4 (.text:HwiP_construct)
                  20010000    00000088     driverlib.a : interrupt.obj (.text:IntPendSet)
                  20010088    00000088                 : pin.obj (.text:PinConfigSet)
                  20010110    00000086     rtsv7M4_T_le_eabi.lib : fd_cmp_t2.asm.obj (.text:__aeabi_cdcmple)
                  20010196    00000086                           : fd_cmp_t2.asm.obj (.text:__aeabi_cdrcmple)
                  2001021c    00000084     drivers_cc32xx.a : PowerCC32XX.oem4 (.text:Power_init)
                  200102a0    00000084                      : PowerCC32XX.oem4 (.text:saveNVICRegs)
                  20010324    00000080                      : PowerCC32XX.oem4 (.text:Power_setDependency)
                  200103a4    0000007c                      : UARTCC32XX.oem4 (.text:readIsrBinaryBlocking)
                  20010420    0000007a                      : I2CCC32XX.oem4 (.text:I2CCC32XX_primeReadBurst)
                  2001049a    0000007a     rtsv7M4_T_le_eabi.lib : fs_mul_t2.asm.obj (.text)
                  20010514    0000007a                           : memset_t2.asm.obj (.text)
                  2001058e    00000002     nortos_cc32xx.a : SemaphoreP_nortos.oem4 (.text:clkFxn)
                  20010590    00000078     drivers_cc32xx.a : GPIOCC32XX.oem4 (.text:GPIO_hwiIntFxn)
                  20010608    00000078                      : UARTCC32XX.oem4 (.text:readIsrBinaryCallback)
                  20010680    00000074                      : UARTCC32XX.oem4 (.text:UARTCC32XX_hwiIntFxn)
                  200106f4    00000070     rtsv7M4_T_le_eabi.lib : memory.c.obj (.text:split)
                  20010764    0000006e                           : _printfi.c.obj (.text:_mcpy)
                  200107d2    0000006a     drivers_cc32xx.a : I2CCC32XX.oem4 (.text:I2CSupport_primeTransfer)
                  2001083c    00000068                      : Timer.oem4 (.text:Timer_setPeriod)
                  200108a4    00000068     rtsv7M4_T_le_eabi.lib : copy_decompress_lzss.c.obj (.text:decompress:lzss:__TI_decompress_lzss)
                  2001090c    00000066     drivers_cc32xx.a : UARTCC32XX.oem4 (.text:UARTCC32XX_writeCancel)
                  20010972    00000002     nortos_cc32xx.a : startup_cc32xx_ccs.oem4 (.text:defaultHandler)
                  20010974    00000064     drivers_cc32xx.a : PowerCC32XX.oem4 (.text:PowerCC32XX_setParkState)
                  200109d8    00000062                      : UARTCC32XX.oem4 (.text:UARTCC32XX_writePolling)
                  20010a3a    00000002     nortos_cc32xx.a : startup_cc32xx_ccs.oem4 (.text:faultISR)
                  20010a3c    00000060     driverlib.a : prcm.obj (.text:PRCMSysResetCauseGet)
                  20010a9c    0000005c     drivers_cc32xx.a : GPIOCC32XX.oem4 (.text:GPIO_setCallback)
                  20010af8    0000005c     rtsv7M4_T_le_eabi.lib : s_frexp.c.obj (.text:frexp)
                  20010b54    0000005c     nortos_cc32xx.a : ClockPSysTick_nortos.oem4 (.text:sysTickInit)
                  20010bb0    00000058     drivers_cc32xx.a : GPIOCC32XX.oem4 (.text:GPIO_write)
                  20010c08    00000058     driverlib.a : prcm.obj (.text:PRCMPeripheralReset)
                  20010c60    00000058     drivers_cc32xx.a : PowerCC32XX.oem4 (.text:Power_releaseDependency)
                  20010cb8    00000056     rtsv7M4_T_le_eabi.lib : _printfi.c.obj (.text:_pconv_f)
                  20010d0e    00000054                           : _ltoa.c.obj (.text:__TI_ltoa)
                  20010d62    00000002     nortos_cc32xx.a : startup_cc32xx_ccs.oem4 (.text:nmiISR)
                  20010d64    00000054     gpiointerrupt.obj (.text:initTimer)
                  20010db8    00000054     drivers_cc32xx.a : UARTCC32XX.oem4 (.text:ringBufGet)
                  20010e0c    00000052                      : PowerCC32XX_asm.oem4 (.text:PowerCC32XX_resumeLPDS)
                  20010e5e    00000052     rtsv7M4_T_le_eabi.lib : _printfi.c.obj (.text:_ecpy)
                  20010eb0    00000052     drivers_cc32xx.a : TimerCC32XX.oem4 (.text:initHw)
                  20010f02    00000002     rtsv7M4_T_le_eabi.lib : div0.asm.obj (.text)
                  20010f04    00000050     nortos_cc32xx.a : ClockPSysTick_nortos.oem4 (.text:ClockP_sysTickHandler)
                  20010f54    00000050                     : SemaphoreP_nortos.oem4 (.text:SemaphoreP_construct)
                  20010fa4    00000050     drivers_cc32xx.a : TimerCC32XX.oem4 (.text:TimerCC32XX_allocateTimerResource)
                  20010ff4    0000004c                      : GPIOCC32XX.oem4 (.text:GPIO_enableInt)
                  20011040    0000004c                      : I2CCC32XX.oem4 (.text:I2CCC32XX_readRecieveFifo)
                  2001108c    0000004c                      : PowerCC32XX.oem4 (.text:PowerCC32XX_parkPin)
                  200110d8    0000004c     rtsv7M4_T_le_eabi.lib : atoi.c.obj (.text:atoi)
                  20011124    0000004c     drivers_cc32xx.a : PowerCC32XX.oem4 (.text:restorePeriphClocks)
                  20011170    0000004c     rtsv7M4_T_le_eabi.lib : snprintf.c.obj (.text:snprintf)
                  200111bc    00000048     driverlib.a : flash.obj (.text:FlashDisable)
                  20011204    00000048                 : prcm.obj (.text:PRCMLPDSEnter)
                  2001124c    00000048                 : prcm.obj (.text:PRCMPeripheralClkEnable)
                  20011294    00000048     drivers_cc32xx.a : PowerCC32XX.oem4 (.text:Power_releaseConstraint)
                  200112dc    00000048     rtsv7M4_T_le_eabi.lib : fd_toi_t2.asm.obj (.text)
                  20011324    00000046     drivers_cc32xx.a : RingBuf.oem4 (.text:RingBuf_put)
                  2001136a    00000046                      : TimerCC32XX.oem4 (.text:getPrescaler)
                  200113b0    00000044     nortos_cc32xx.a : ClockPSysTick_nortos.oem4 (.text:ClockP_stop)
                  200113f4    00000044     driverlib.a : prcm.obj (.text:PRCMLPDSRestoreInfoSet)
                  20011438    00000044     drivers_cc32xx.a : PowerCC32XX_asm.oem4 (.text:PowerCC32XX_enterLPDS)
                  2001147c    00000044     nortos_cc32xx.a : SemaphoreP_nortos.oem4 (.text:SemaphoreP_post)
                  200114c0    00000044                     : SwiP_nortos.oem4 (.text:SwiP_restore)
                  20011504    00000044     drivers_cc32xx.a : Timer.oem4 (.text:Timer_start)
                  20011548    00000044                      : UART.oem4 (.text:UART_init)
                  2001158c    00000044     rtsv7M4_T_le_eabi.lib : autoinit.c.obj (.text:__TI_auto_init_nobinit_nopinit:__TI_auto_init_nobinit_nopinit)
                  200115d0    00000044     gpiointerrupt.obj (.text:initUART)
                  20011614    00000040     nortos_cc32xx.a : ClockPSysTick_nortos.oem4 (.text:ClockP_construct)
                  20011654    00000040     driverlib.a : pin.obj (.text:PinModeSet)
                  20011694    00000040     drivers_cc32xx.a : RingBuf.oem4 (.text:RingBuf_get)
                  200116d4    00000040                      : TimerCC32XX.oem4 (.text:TimerSupport_timerEnable)
                  20011714    00000040                      : TimerCC32XX.oem4 (.text:Timer_close)
                  20011754    00000040                      : UARTCC32XX.oem4 (.text:UARTCC32XX_read)
                  20011794    00000040                      : UART.oem4 (.text:UART_open)
                  200117d4    0000003e     rtsv7M4_T_le_eabi.lib : _printfi.c.obj (.text:_fcpy)
                  20011812    00000002     --HOLE-- [fill = 0]
                  20011814    0000003c     nortos_cc32xx.a : ClockPSysTick_nortos.oem4 (.text:ClockP_destruct)
                  20011850    0000003c     drivers_cc32xx.a : PowerCC32XX.oem4 (.text:Power_setConstraint)
                  2001188c    0000003a     nortos_cc32xx.a : PowerCC32XX_nortos.oem4 (.text:getCountsRTC)
                  200118c6    00000002     --HOLE-- [fill = 0]
                  200118c8    00000038     driverlib.a : prcm.obj (.text:PRCMLPDSEnterKeepDebugIf)
                  20011900    00000038     nortos_cc32xx.a : ClockPSysTick_nortos.oem4 (.text:addToList)
                  20011938    00000038                     : startup_cc32xx_ccs.oem4 (.text:initVectors)
                  20011970    00000038     drivers_cc32xx.a : PowerCC32XX.oem4 (.text:notify)
                  200119a8    00000038     rtsv7M4_T_le_eabi.lib : fs_toi_t2.asm.obj (.text)
                  200119e0    00000038                           : i_tofs_t2.asm.obj (.text)
                  20011a18    00000036     driverlib.a : timer.obj (.text:TimerControlStall)
                  20011a4e    00000036     drivers_cc32xx.a : Timer.oem4 (.text:Timer_stop)
                  20011a84    00000036                      : UARTCC32XX.oem4 (.text:UARTCC32XX_readCancel)
                  20011aba    00000002     --HOLE-- [fill = 0]
                  20011abc    00000034     nortos_cc32xx.a : ClockPSysTick_nortos.oem4 (.text:ClockP_getTicksUntilInterrupt)
                  20011af0    00000034                     : ClockPSysTick_nortos.oem4 (.text:ClockP_startup)
                  20011b24    00000034     driverlib.a : pin.obj (.text:PinModeGet)
                  20011b58    00000034     drivers_cc32xx.a : PowerCC32XX.oem4 (.text:PowerCC32XX_restoreParkState)
                  20011b8c    00000034                      : TimerCC32XX.oem4 (.text:TimerCC32XX_freeTimerResource)
                  20011bc0    00000034                      : TimerCC32XX.oem4 (.text:TimerCC32XX_hwiIntFunction)
                  20011bf4    00000034                      : TimerCC32XX.oem4 (.text:getPowerMgrId)
                  20011c28    00000030     nortos_cc32xx.a : ClockPSysTick_nortos.oem4 (.text:ClockP_start)
                  20011c58    00000030     drivers_cc32xx.a : PowerCC32XX.oem4 (.text:PowerCC32XX_restoreParkedPin)
                  20011c88    00000030     rtsv7M4_T_le_eabi.lib : snprintf.c.obj (.text:_outs)
                  20011cb8    0000002e                           : i_tofd_t2.asm.obj (.text)
                  20011ce6    00000002     --HOLE-- [fill = 0]
                  20011ce8    0000002c     drivers_cc32xx.a : PowerCC32XX.oem4 (.text:PowerCC32XX_getParkState)
                  20011d14    0000002a     nortos_cc32xx.a : HwiPCC32XX_nortos.oem4 (.text:HwiP_create)
                  20011d3e    0000002a     driverlib.a : timer.obj (.text:TimerLoadSet)
                  20011d68    0000002a                 : timer.obj (.text:TimerPrescaleSet)
                  20011d92    00000028                 : i2c.obj (.text:I2CFIFODataPutNonBlocking)
                  20011dba    00000002     --HOLE-- [fill = 0]
                  20011dbc    00000028                 : prcm.obj (.text:PRCMPeripheralClkDisable)
                  20011de4    00000028     drivers_cc32xx.a : PowerCC32XX.oem4 (.text:Power_registerNotify)
                  20011e0c    00000028     rtsv7M4_T_le_eabi.lib : memory.c.obj (.text:free_list_insert)
                  20011e34    00000026     driverlib.a : i2c.obj (.text:I2CFIFODataGetNonBlocking)
                  20011e5a    00000026     drivers_cc32xx.a : I2C.oem4 (.text:I2C_cancel)
                  20011e80    00000026                      : List.oem4 (.text:List_put)
                  20011ea6    00000026                      : List.oem4 (.text:List_remove)
                  20011ecc    00000026                      : TimerCC32XX.oem4 (.text:TimerSupport_timerLoad)
                  20011ef2    00000002     --HOLE-- [fill = 0]
                  20011ef4    00000024     nortos_cc32xx.a : HwiPCC32XX_nortos.oem4 (.text:HwiP_dispatch)
                  20011f18    00000024     drivers_cc32xx.a : PowerCC32XX.oem4 (.text:PowerCC32XX_reset)
                  20011f3c    00000024                      : TimerCC32XX.oem4 (.text:TimerSupport_timerDisable)
                  20011f60    00000024     rtsv7M4_T_le_eabi.lib : boot_cortex_m.c.obj (.text:_c_int00_noargs:_c_int00_noargs)
                  20011f84    00000022     driverlib.a : i2c.obj (.text:I2CMasterSlaveAddrSet)
                  20011fa6    00000020     nortos_cc32xx.a : HwiPCC32XX_nortos.oem4 (.text:HwiP_destruct)
                  20011fc6    00000002     --HOLE-- [fill = 0]
                  20011fc8    00000020     drivers_cc32xx.a : PowerCC32XX.oem4 (.text:Power_unregisterNotify)
                  20011fe8    00000020                      : RingBuf.oem4 (.text:RingBuf_peek)
                  20012008    00000020                      : UARTCC32XX.oem4 (.text:getPowerMgrId)
                  20012028    0000001e     driverlib.a : i2c.obj (.text:I2CMasterIntStatusEx)
                  20012046    0000001e     nortos_cc32xx.a : SemaphoreP_nortos.oem4 (.text:SemaphoreP_constructBinary)
                  20012064    0000001e     driverlib.a : timer.obj (.text:TimerDisable)
                  20012082    0000001e                 : timer.obj (.text:TimerEnable)
                  200120a0    0000001c                 : pin.obj (.text:PinToPadGet)
                  200120bc    0000001c     nortos_cc32xx.a : SwiP_nortos.oem4 (.text:SwiP_disable)
                  200120d8    0000001c     rtsv7M4_T_le_eabi.lib : memory.c.obj (.text:free_list_remove)
                  200120f4    0000001c                           : memccpy.c.obj (.text:memccpy)
                  20012110    0000001a     nortos_cc32xx.a : ClockPSysTick_nortos.oem4 (.text:ClockP_create)
                  2001212a    0000001a                     : SemaphoreP_nortos.oem4 (.text:SemaphoreP_createBinary)
                  20012144    0000001a                     : startup_cc32xx_ccs.oem4 (.text:resetISR)
                  2001215e    00000018     driverlib.a : i2c.obj (.text:I2CMasterBusBusy)
                  20012176    00000018                 : i2c.obj (.text:I2CMasterIntDisableEx)
                  2001218e    00000018                 : i2c.obj (.text:I2CMasterIntEnableEx)
                  200121a6    00000018                 : i2c.obj (.text:I2CRxFIFOFlush)
                  200121be    00000018                 : i2c.obj (.text:I2CTxFIFOFlush)
                  200121d6    00000002     --HOLE-- [fill = 0]
                  200121d8    00000018     drivers_cc32xx.a : PowerCC32XX.oem4 (.text:Power_getTransitionLatency)
                  200121f0    00000018                      : PowerCC32XX.oem4 (.text:Power_idleFunc)
                  20012208    00000018     driverlib.a : timer.obj (.text:TimerIntDisable)
                  20012220    00000018                 : timer.obj (.text:TimerIntEnable)
                  20012238    00000018                 : uart.obj (.text:UARTBusy)
                  20012250    00000018                 : uart.obj (.text:UARTIntEnable)
                  20012268    00000018     drivers_cc32xx.a : UART.oem4 (.text:UART_Params_init)
                  20012280    00000018     rtsv7M4_T_le_eabi.lib : snprintf.c.obj (.text:_outc)
                  20012298    00000018     gpiointerrupt.obj (.text:gpioButtonFxn0)
                  200122b0    00000018     gpiointerrupt.obj (.text:gpioButtonFxn1)
                  200122c8    00000018     rtsv7M4_T_le_eabi.lib : ll_mul_t2.asm.obj (.text)
                  200122e0    00000018     gpiointerrupt.obj (.text:timerCallback)
                  200122f8    00000016     driverlib.a : i2c.obj (.text:I2CMasterBurstLengthSet)
                  2001230e    00000016                 : prcm.obj (.text:PRCMHIBRegRead)
                  20012324    00000016                 : prcm.obj (.text:PRCMHIBRegWrite)
                  2001233a    00000016     nortos_cc32xx.a : SemaphoreP_nortos.oem4 (.text:SemaphoreP_create)
                  20012350    00000016     rtsv7M4_T_le_eabi.lib : strchr.c.obj (.text:strchr)
                  20012366    00000014     driverlib.a : cpu.obj (.text:CPUcpsid)
                  2001237a    00000002     --HOLE-- [fill = 0]
                  2001237c    00000014     nortos_cc32xx.a : HwiPCC32XX_nortos.oem4 (.text:HwiP_inISR)
                  20012390    00000014     drivers_cc32xx.a : I2CCC32XX.oem4 (.text:I2CSupport_masterFinish)
                  200123a4    00000014                      : I2C.oem4 (.text:I2C_transfer)
                  200123b8    00000014     driverlib.a : interrupt.obj (.text:IntVTableBaseSet)
                  200123cc    00000014     drivers_cc32xx.a : PowerCC32XX.oem4 (.text:Power_disablePolicy)
                  200123e0    00000014                      : PowerCC32XX.oem4 (.text:Power_getDependencyCount)
                  200123f4    00000014                      : UARTCC32XX.oem4 (.text:releasePowerConstraint)
                  20012408    00000014     rtsv7M4_T_le_eabi.lib : strlen.c.obj (.text:strlen)
                  2001241c    00000012     nortos_cc32xx.a : HwiPCC32XX_nortos.oem4 (.text:HwiP_Params_init)
                  2001242e    00000012     driverlib.a : i2c.obj (.text:I2CMasterIntClearEx)
                  20012440    00000012     drivers_cc32xx.a : RingBuf.oem4 (.text:RingBuf_construct)
                  20012452    00000012     driverlib.a : timer.obj (.text:TimerIntClear)
                  20012464    00000012     main_nortos.obj (.text:main)
                  20012476    00000012     rtsv7M4_T_le_eabi.lib : wcslen.c.obj (.text:wcslen)
                  20012488    00000010     ti_drivers_config.obj (.text:Board_init)
                  20012498    00000010     nortos_cc32xx.a : ClockPSysTick_nortos.oem4 (.text:ClockP_add)
                  200124a8    00000010                     : ClockPSysTick_nortos.oem4 (.text:ClockP_delete)
                  200124b8    00000010                     : ClockPSysTick_nortos.oem4 (.text:ClockP_getCpuFreq)
                  200124c8    00000010                     : ClockPSysTick_nortos.oem4 (.text:ClockP_getSystemTicks)
                  200124d8    00000010                     : ClockPSysTick_nortos.oem4 (.text:ClockP_setTicks)
                  200124e8    00000010                     : HwiPCC32XX_nortos.oem4 (.text:HwiP_delete)
                  200124f8    00000010                     : HwiPCC32XX_nortos.oem4 (.text:HwiP_restore)
                  20012508    00000010     driverlib.a : i2c.obj (.text:I2CFIFOStatus)
                  20012518    00000010     drivers_cc32xx.a : I2C.oem4 (.text:I2C_Params_init)
                  20012528    00000010                      : PowerCC32XX.oem4 (.text:Power_enablePolicy)
                  20012538    00000010     nortos_cc32xx.a : SemaphoreP_nortos.oem4 (.text:SemaphoreP_Params_init)
                  20012548    00000010     drivers_cc32xx.a : TimerCC32XX.oem4 (.text:TimerSupport_timerFullWidth)
                  20012558    00000010                      : Timer.oem4 (.text:Timer_Params_init)
                  20012568    00000010                      : UARTCC32XX.oem4 (.text:readBlockingTimeout)
                  20012578    0000000e     nortos_cc32xx.a : HwiPCC32XX_nortos.oem4 (.text:HwiP_clearInterrupt)
                  20012586    0000000e                     : HwiPCC32XX_nortos.oem4 (.text:HwiP_disable)
                  20012594    0000000e                     : HwiPCC32XX_nortos.oem4 (.text:HwiP_disableInterrupt)
                  200125a2    0000000e                     : HwiPCC32XX_nortos.oem4 (.text:HwiP_enable)
                  200125b0    0000000e                     : HwiPCC32XX_nortos.oem4 (.text:HwiP_enableInterrupt)
                  200125be    0000000e     drivers_cc32xx.a : I2CCC32XX.oem4 (.text:I2CCC32XX_updateReg)
                  200125cc    0000000e                      : RingBuf.oem4 (.text:RingBuf_isFull)
                  200125da    0000000e     rtsv7M4_T_le_eabi.lib : copy_decompress_none.c.obj (.text:decompress:none:__TI_decompress_none)
                  200125e8    0000000c     drivers_cc32xx.a : I2CCC32XX.oem4 (.text:I2CCC32XX_postNotify)
                  200125f4    0000000c                      : PowerCC32XX.oem4 (.text:Power_getConstraintMask)
                  20012600    0000000c     rtsv7M4_T_le_eabi.lib : s_copysign.c.obj (.text:copysign)
                  2001260c    0000000c                           : copy_zero_init.c.obj (.text:decompress:ZI:__TI_zero_init)
                  20012618    0000000c     drivers_cc32xx.a : TimerCC32XX.oem4 (.text:postNotifyFxn)
                  20012624    0000000c                      : UARTCC32XX.oem4 (.text:postNotifyFxn)
                  20012630    0000000a     nortos_cc32xx.a : ClockPSysTick_nortos.oem4 (.text:ClockP_Params_init)
                  2001263a    0000000a                     : ClockPSysTick_nortos.oem4 (.text:ClockP_isActive)
                  20012644    0000000a     driverlib.a : interrupt.obj (.text:IntMasterDisable)
                  2001264e    0000000a     drivers_cc32xx.a : UART.oem4 (.text:UART_write)
                  20012658    00000008                      : I2CCC32XX.oem4 (.text:I2CCC32XX_blockingCallback)
                  20012660    00000008     rtsv7M4_T_le_eabi.lib : errno.c.obj (.text:__aeabi_errno_addr)
                  20012668    00000008                           : memory.c.obj (.text:malloc)
                  20012670    00000008     drivers_cc32xx.a : UARTCC32XX.oem4 (.text:readSemCallback)
                  20012678    00000008                      : UARTCC32XX.oem4 (.text:writeSemCallback)
                  20012680    00000006                      : I2CCC32XX.oem4 (.text:I2CSupport_powerRelConstraint)
                  20012686    00000006                      : I2CCC32XX.oem4 (.text:I2CSupport_powerSetConstraint)
                  2001268c    00000006     driverlib.a : utils.obj (.text:UtilsDelay)
                  20012692    00000004     nortos_cc32xx.a : ClockPSysTick_nortos.oem4 (.text:ClockP_setTimeout)
                  20012696    00000004                     : HwiPCC32XX_nortos.oem4 (.text:HwiP_post)
                  2001269a    00000004                     : SemaphoreP_nortos.oem4 (.text:SemaphoreP_delete)
                  2001269e    00000004     rtsv7M4_T_le_eabi.lib : pre_init.c.obj (.text:_system_pre_init)
                  200126a2    00000004                           : exit.c.obj (.text:abort:abort)

.const     0    20012c6c    00000502     
                  20012c6c    00000101     rtsv7M4_T_le_eabi.lib : ctype.c.obj (.const:.string:_ctypes_)
                  20012d6d    00000003     --HOLE-- [fill = 0]
                  20012d70    00000100     driverlib.a : pin.obj (.const:g_ulPinToPadMap)
                  20012e70    000000a8                 : prcm.obj (.const:PRCM_PeriphRegsList)
                  20012f18    00000044     ti_drivers_config.obj (.const:PowerCC32XX_config)
                  20012f5c    00000028     drivers_cc32xx.a : UARTCC32XX.oem4 (.const:UARTCC32XX_fxnTable)
                  20012f84    00000024                      : UART.oem4 (.const:UART_defaultParams)
                  20012fa8    00000024     ti_drivers_config.obj (.const:uartCC32XXHWAttrs0)
                  20012fcc    00000021     drivers_cc32xx.a : GPIOCC32XX.oem4 (.const:.string:pinTable)
                  20012fed    00000003     --HOLE-- [fill = 0]
                  20012ff0    00000020                      : UARTCC32XX.oem4 (.const:staticFxnTable)
                  20013010    00000018     driverlib.a : interrupt.obj (.const:g_pulEnRegs)
                  20013028    00000018                 : interrupt.obj (.const:g_pulPendRegs)
                  20013040    00000018     gpiointerrupt.obj (.const:sensors)
                  20013058    00000014     ti_drivers_config.obj (.const:GPIOCC32XX_config)
                  2001306c    00000014     drivers_cc32xx.a : GPIOCC32XX.oem4 (.const:gpioBaseAddresses)
                  20013080    00000014     ti_drivers_config.obj (.const:i2cCC32XXHWAttrs)
                  20013094    00000014     drivers_cc32xx.a : UARTCC32XX.oem4 (.const:parityType)
                  200130a8    00000014                      : GPIOCC32XX.oem4 (.const:powerResources)
                  200130bc    00000010                      : I2C.oem4 (.const:I2C_defaultParams)
                  200130cc    00000010                      : I2CCC32XX.oem4 (.const:I2C_defaultParams)
                  200130dc    00000010                      : UARTCC32XX.oem4 (.const:dataLength)
                  200130ec    00000010     ti_drivers_config.obj (.const:timerCC32XXHWAttrs)
                  200130fc    0000000c     gpiointerrupt.obj (.const:.string)
                  20013108    0000000c     ti_drivers_config.obj (.const:UART_config)
                  20013114    0000000c     drivers_cc32xx.a : Timer.oem4 (.const:defaultParams)
                  20013120    0000000c                      : TimerCC32XX.oem4 (.const:defaultParams)
                  2001312c    00000009     ti_drivers_config.obj (.const)
                  20013135    00000003     --HOLE-- [fill = 0]
                  20013138    00000008     ti_drivers_config.obj (.const:I2C_config)
                  20013140    00000008     ti_drivers_config.obj (.const:Timer_config)
                  20013148    00000008     drivers_cc32xx.a : GPIOCC32XX.oem4 (.const:outPinTypes)
                  20013150    00000008                      : UARTCC32XX.oem4 (.const:stopBits)
                  20013158    00000006                      : GPIOCC32XX.oem4 (.const:.string:interruptType)
                  2001315e    00000006                      : GPIOCC32XX.oem4 (.const:inPinTypes)
                  20013164    00000006                      : GPIOCC32XX.oem4 (.const:outPinStrengths)
                  2001316a    00000004                      : GPIOCC32XX.oem4 (.const:.string:portInterruptIds)

.cinit     0    20013598    000000f0     
                  20013598    000000ca     (.cinit..data.load) [load image, compression = lzss]
                  20013662    00000002     --HOLE-- [fill = 0]
                  20013664    0000000c     (__TI_handler_table)
                  20013670    00000008     (.cinit..bss.load) [load image, compression = zero_init]
                  20013678    00000010     (__TI_cinit_table)

.init_array 
*          0    20004000    00000000     UNINITIALIZED

.ramVecs   0    20000000    0000030c     NOLOAD SECTION
                  20000000    0000030c     nortos_cc32xx.a : startup_cc32xx_ccs.oem4 (.ramVecs)

.stack     0    20003000    00001000     UNINITIALIZED
                  20003000    00000004     rtsv7M4_T_le_eabi.lib : boot_cortex_m.c.obj (.stack)
                  20003004    00000ffc     --HOLE--

.resetVecs 
*          0    20004000    00000040     
                  20004000    00000040     nortos_cc32xx.a : startup_cc32xx_ccs.oem4 (.resetVecs:retain)

.sysmem    0    20004040    00008000     UNINITIALIZED
                  20004040    00000010     rtsv7M4_T_le_eabi.lib : memory.c.obj (.sysmem)
                  20004050    00007ff0     --HOLE--

.data      0    200126a8    000005c4     UNINITIALIZED
                  200126a8    0000030c     nortos_cc32xx.a : HwiPCC32XX_nortos.oem4 (.data:HwiP_dispatchTable)
                  200129b4    0000016c     drivers_cc32xx.a : PowerCC32XX.oem4 (.data:PowerCC32XX_module)
                  20012b20    000000f8     ti_drivers_config.obj (.data:parkInfo)
                  20012c18    0000000c     ti_drivers_config.obj (.data:gpioCallbackFunctions)
                  20012c24    0000000c     ti_drivers_config.obj (.data:gpioPinConfigs)
                  20012c30    00000009     drivers_cc32xx.a : GPIOCC32XX.oem4 (.data)
                  20012c39    00000003     nortos_cc32xx.a : SemaphoreP_nortos.oem4 (.data)
                  20012c3c    00000008     rtsv7M4_T_le_eabi.lib : _lock.c.obj (.data:$O1$$)
                  20012c44    00000008                           : memory.c.obj (.data:$O1$$)
                  20012c4c    00000008     nortos_cc32xx.a : SemaphoreP_nortos.oem4 (.data:SemaphoreP_defaultParams)
                  20012c54    00000008                     : HwiPCC32XX_nortos.oem4 (.data)
                  20012c5c    00000005                     : ClockPSysTick_nortos.oem4 (.data)
                  20012c61    00000004     gpiointerrupt.obj (.data)
                  20012c65    00000001     drivers_cc32xx.a : UART.oem4 (.data)
                  20012c66    00000002     --HOLE--
                  20012c68    00000004     rtsv7M4_T_le_eabi.lib : errno.c.obj (.data)

.bss       0    20013170    00000428     UNINITIALIZED
                  20013170    0000012c     (.common:PowerCC32XX_contextSave)
                  2001329c    000000fc     (.common:i2cCC32XXObjects)
                  20013398    00000084     (.common:timerCC32XXObjects)
                  2001341c    00000084     (.common:uartCC32XXObjects0)
                  200134a0    00000040     (.common:output)
                  200134e0    00000020     drivers_cc32xx.a : GPIOCC32XX.oem4 (.bss:gpioCallbackInfo)
                  20013500    00000020     ti_drivers_config.obj (.bss:uartCC32XXRingBuffer0)
                  20013520    00000020     (.common:i2cTransaction)
                  20013540    00000014     drivers_cc32xx.a : GPIOCC32XX.oem4 (.bss:powerNotifyObj)
                  20013554    00000004                      : GPIOCC32XX.oem4 (.bss)
                  20013558    00000010     (.common:ClockP_ctrl)
                  20013568    0000000d     nortos_cc32xx.a : SwiP_nortos.oem4 (.bss)
                  20013575    00000001     (.common:BF_STATE)
                  20013576    00000002     (.common:setpoint)
                  20013578    00000004                     : ClockPSysTick_nortos.oem4 (.bss)
                  2001357c    00000004     drivers_cc32xx.a : TimerCC32XX.oem4 (.bss:timerState)
                  20013580    00000004     (.common:i2c)
                  20013584    00000004     (.common:rxBuffer)
                  20013588    00000004     (.common:timer0)
                  2001358c    00000004     (.common:txBuffer)
                  20013590    00000004     (.common:uart)
                  20013594    00000002     (.common:temperature)
                  20013596    00000001     (.common:TL_STATE)
                  20013597    00000001     (.common:heat)

.log_data 
*          0    90000000    00000000     COPY SECTION

__llvm_prf_cnts 
*          0    20004000    00000000     UNINITIALIZED

MODULE SUMMARY

       Module                       code    ro data   rw data
       ------                       ----    -------   -------
    .\
       gpiointerrupt.obj            1820    36        127    
       main_nortos.obj              18      0         0      
    +--+----------------------------+-------+---------+---------+
       Total:                       1838    36        127    
                                                             
    .\syscfg\
       ti_drivers_config.obj        18      197       820    
    +--+----------------------------+-------+---------+---------+
       Total:                       18      197       820    
                                                             
    C:/ti/simplelink_cc32xx_sdk_5_20_00_06/kernel/nortos/lib/ccs/m4/nortos_cc32xx.a
       HwiPCC32XX_nortos.oem4       394     0         788    
       startup_cc32xx_ccs.oem4      90      64        780    
       ClockPSysTick_nortos.oem4    702     0         25     
       PowerCC32XX_nortos.oem4      472     0         0      
       SemaphoreP_nortos.oem4       410     0         11     
       SwiP_nortos.oem4             96      0         13     
    +--+----------------------------+-------+---------+---------+
       Total:                       2164    64        1617   
                                                             
    C:/ti/simplelink_cc32xx_sdk_5_20_00_06/source/ti/devices/cc32xx/driverlib/ccs/Release/driverlib.a
       prcm.obj                     1604    168       0      
       pin.obj                      280     256       0      
       interrupt.obj                334     48        0      
       i2c.obj                      318     0         0      
       timer.obj                    264     0         0      
       flash.obj                    72      0         0      
       uart.obj                     48      0         0      
       cpu.obj                      20      0         0      
       utils.obj                    6       0         0      
    +--+----------------------------+-------+---------+---------+
       Total:                       2946    472       0      
                                                             
    C:/ti/simplelink_cc32xx_sdk_5_20_00_06/source/ti/drivers/lib/ccs/m4/drivers_cc32xx.a
       UARTCC32XX.oem4              3466    116       0      
       PowerCC32XX.oem4             2432    0         664    
       I2CCC32XX.oem4               1452    16        0      
       GPIOCC32XX.oem4              1208    103       65     
       TimerCC32XX.oem4             930     12        4      
       I2C.oem4                     366     16        0      
       Timer.oem4                   244     12        0      
       UART.oem4                    166     36        1      
       RingBuf.oem4                 198     0         0      
       PowerCC32XX_asm.oem4         150     0         0      
       List.oem4                    76      0         0      
    +--+----------------------------+-------+---------+---------+
       Total:                       10688   311       734    
                                                             
    C:\ti\ccs1040\ccs\tools\compiler\ti-cgt-arm_20.2.5.LTS\lib\rtsv7M4_T_le_eabi.lib
       _printfi.c.obj               4835    0         0      
       memory.c.obj                 672     0         8      
       fd_add_t2.asm.obj            438     0         0      
       fd_div_t2.asm.obj            310     0         0      
       fd_cmp_t2.asm.obj            268     0         0      
       ctype.c.obj                  0       257       0      
       fd_mul_t2.asm.obj            252     0         0      
       s_scalbn.c.obj               208     0         0      
       memcpy_t2.asm.obj            156     0         0      
       ull_div_t2.asm.obj           150     0         0      
       snprintf.c.obj               148     0         0      
       fs_mul_t2.asm.obj            122     0         0      
       memset_t2.asm.obj            122     0         0      
       copy_decompress_lzss.c.obj   104     0         0      
       s_frexp.c.obj                92      0         0      
       _ltoa.c.obj                  84      0         0      
       atoi.c.obj                   76      0         0      
       fd_toi_t2.asm.obj            72      0         0      
       autoinit.c.obj               68      0         0      
       fs_toi_t2.asm.obj            56      0         0      
       i_tofs_t2.asm.obj            56      0         0      
       i_tofd_t2.asm.obj            46      0         0      
       boot_cortex_m.c.obj          36      0         0      
       memccpy.c.obj                28      0         0      
       ll_mul_t2.asm.obj            24      0         0      
       strchr.c.obj                 22      0         0      
       strlen.c.obj                 20      0         0      
       wcslen.c.obj                 18      0         0      
       copy_decompress_none.c.obj   14      0         0      
       copy_zero_init.c.obj         12      0         0      
       errno.c.obj                  8       0         4      
       s_copysign.c.obj             12      0         0      
       _lock.c.obj                  2       0         8      
       exit.c.obj                   4       0         0      
       pre_init.c.obj               4       0         0      
       div0.asm.obj                 2       0         0      
    +--+----------------------------+-------+---------+---------+
       Total:                       8541    257       20     
                                                             
       Heap:                        0       0         32768  
       Stack:                       0       0         4096   
       Linker Generated:            0       238       0      
    +--+----------------------------+-------+---------+---------+
       Grand Total:                 26195   1575      40182  


LINKER GENERATED COPY TABLES

__TI_cinit_table @ 20013678 records: 2, size/record: 8, table size: 16
	.data: load addr=20013598, load size=000000ca bytes, run addr=200126a8, run size=000005c4 bytes, compression=lzss
	.bss: load addr=20013670, load size=00000008 bytes, run addr=20013170, run size=00000428 bytes, compression=zero_init


LINKER GENERATED HANDLER TABLE

__TI_handler_table @ 20013664 records: 3, size/record: 4, table size: 12
	index: 0, handler: __TI_decompress_lzss
	index: 1, handler: __TI_decompress_none
	index: 2, handler: __TI_zero_init


GLOBAL SYMBOLS: SORTED ALPHABETICALLY BY Name 

address   name                             
-------   ----                             
20013575  BF_STATE                         
20012489  Board_init                       
2000ca8f  Board_initHook                   
20012c63  Button0_Flag                     
20012c64  Button1_Flag                     
200126a3  C$$EXIT                          
2001312c  CONFIG_GPIO_BUTTON_0_CONST       
2001312d  CONFIG_GPIO_BUTTON_1_CONST       
2001312e  CONFIG_GPIO_LED_0_CONST          
2001312f  CONFIG_I2C_0_CONST               
20013131  CONFIG_TIMER_0_CONST             
20013133  CONFIG_UART_0_CONST              
20012367  CPUcpsid                         
20012631  ClockP_Params_init               
20012499  ClockP_add                       
20011615  ClockP_construct                 
20012111  ClockP_create                    
20013558  ClockP_ctrl                      
200124a9  ClockP_delete                    
20011815  ClockP_destruct                  
20010f05  ClockP_doTick                    
200124b9  ClockP_getCpuFreq                
200124c9  ClockP_getSystemTicks            
20011abd  ClockP_getTicksUntilInterrupt    
2001263b  ClockP_isActive                  
200124d9  ClockP_setTicks                  
20012693  ClockP_setTimeout                
20011c29  ClockP_start                     
20011af1  ClockP_startup                   
200113b1  ClockP_stop                      
20010f05  ClockP_sysTickHandler            
20012c5c  ClockP_tickPeriod                
200111bd  FlashDisable                     
20013058  GPIOCC32XX_config                
20010ff5  GPIO_enableInt                   
20010591  GPIO_hwiIntFxn                   
2000f0e5  GPIO_init                        
20010a9d  GPIO_setCallback                 
2000d5fd  GPIO_setConfig                   
20010bb1  GPIO_write                       
2001241d  HwiP_Params_init                 
20012579  HwiP_clearInterrupt              
2000ff75  HwiP_construct                   
20011d15  HwiP_create                      
200124e9  HwiP_delete                      
20011fa7  HwiP_destruct                    
20012587  HwiP_disable                     
20012595  HwiP_disableInterrupt            
20011ef5  HwiP_dispatch                    
200125a3  HwiP_enable                      
200125b1  HwiP_enableInterrupt             
2001237d  HwiP_inISR                       
20012c54  HwiP_key                         
20012697  HwiP_post                        
200124f9  HwiP_restore                     
20012c58  HwiP_swiPIntNum                  
20011e35  I2CFIFODataGetNonBlocking        
20011d93  I2CFIFODataPutNonBlocking        
20012509  I2CFIFOStatus                    
200122f9  I2CMasterBurstLengthSet          
2001215f  I2CMasterBusBusy                 
2001242f  I2CMasterIntClearEx              
20012177  I2CMasterIntDisableEx            
2001218f  I2CMasterIntEnableEx             
20012029  I2CMasterIntStatusEx             
20011f85  I2CMasterSlaveAddrSet            
200121a7  I2CRxFIFOFlush                   
20012391  I2CSupport_masterFinish          
20012681  I2CSupport_powerRelConstraint    
20012687  I2CSupport_powerSetConstraint    
200107d3  I2CSupport_primeTransfer         
200121bf  I2CTxFIFOFlush                   
20012519  I2C_Params_init                  
20011e5b  I2C_cancel                       
20013138  I2C_config                       
20013130  I2C_count                        
200130bc  I2C_defaultParams                
2000db63  I2C_init                         
2000eb79  I2C_open                         
200123a5  I2C_transfer                     
2000e5f7  I2C_transferTimeout              
UNDEFED   ITM_flush                        
UNDEFED   ITM_restore                      
2000f8b1  IntEnable                        
20012645  IntMasterDisable                 
20010001  IntPendSet                       
200123b9  IntVTableBaseSet                 
20011e81  List_put                         
20011ea7  List_remove                      
200125a3  NoRTOS_start                     
2000ca91  PRCMCC3200MCUInit                
2001230f  PRCMHIBRegRead                   
20012325  PRCMHIBRegWrite                  
20011205  PRCMLPDSEnter                    
200118c9  PRCMLPDSEnterKeepDebugIf         
200113f5  PRCMLPDSRestoreInfoSet           
20011dbd  PRCMPeripheralClkDisable         
2001124d  PRCMPeripheralClkEnable          
20010c09  PRCMPeripheralReset              
20010a3d  PRCMSysResetCauseGet             
20010089  PinConfigSet                     
20011b25  PinModeGet                       
20011655  PinModeSet                       
200120a1  PinToPadGet                      
20012f18  PowerCC32XX_config               
2000f959  PowerCC32XX_configureWakeup      
20013170  PowerCC32XX_contextSave          
20011439  PowerCC32XX_enterLPDS            
20011ce9  PowerCC32XX_getParkState         
2000ee63  PowerCC32XX_initPolicy           
200129b4  PowerCC32XX_module               
2001108d  PowerCC32XX_parkPin              
20011f19  PowerCC32XX_reset                
20011b59  PowerCC32XX_restoreParkState     
20011c59  PowerCC32XX_restoreParkedPin     
20010e0d  PowerCC32XX_resumeLPDS           
20010975  PowerCC32XX_setParkState         
2000db65  PowerCC32XX_sleepPolicy          
200123cd  Power_disablePolicy              
20012529  Power_enablePolicy               
200125f5  Power_getConstraintMask          
200123e1  Power_getDependencyCount         
200121d9  Power_getTransitionLatency       
200121f1  Power_idleFunc                   
2001021d  Power_init                       
20011de5  Power_registerNotify             
20011295  Power_releaseConstraint          
20010c61  Power_releaseDependency          
20011851  Power_setConstraint              
20010325  Power_setDependency              
2000e251  Power_sleep                      
20011fc9  Power_unregisterNotify           
20012441  RingBuf_construct                
20011695  RingBuf_get                      
200125cd  RingBuf_isFull                   
20011fe9  RingBuf_peek                     
20011325  RingBuf_put                      
20012539  SemaphoreP_Params_init           
20010f55  SemaphoreP_construct             
20012047  SemaphoreP_constructBinary       
2001233b  SemaphoreP_create                
2001212b  SemaphoreP_createBinary          
20012c4c  SemaphoreP_defaultParams         
2001269b  SemaphoreP_delete                
2000f0e3  SemaphoreP_destruct              
2000fb45  SemaphoreP_pend                  
2001147d  SemaphoreP_post                  
200120bd  SwiP_disable                     
200114c1  SwiP_restore                     
20013596  TL_STATE                         
2000f5f9  TickFct_ButtonFlag               
2000fd1d  TickFct_TmpLED                   
20010fa5  TimerCC32XX_allocateTimerResource
20011b8d  TimerCC32XX_freeTimerResource    
20011a19  TimerControlStall                
20012065  TimerDisable                     
20012083  TimerEnable                      
20012c62  TimerFlag                        
20012453  TimerIntClear                    
20012209  TimerIntDisable                  
20012221  TimerIntEnable                   
20011d3f  TimerLoadSet                     
20011d69  TimerPrescaleSet                 
20011f3d  TimerSupport_timerDisable        
200116d5  TimerSupport_timerEnable         
20012549  TimerSupport_timerFullWidth      
20011ecd  TimerSupport_timerLoad           
20012559  Timer_Params_init                
20011715  Timer_close                      
20013140  Timer_config                     
20013132  Timer_count                      
2000f323  Timer_init                       
2000e389  Timer_open                       
2001083d  Timer_setPeriod                  
20011505  Timer_start                      
20011a4f  Timer_stop                       
20012239  UARTBusy                         
2000e719  UARTCC32XX_close                 
2000ed71  UARTCC32XX_control               
20012f5c  UARTCC32XX_fxnTable              
2000f5f7  UARTCC32XX_init                  
2000cebd  UARTCC32XX_open                  
20011755  UARTCC32XX_read                  
20011a85  UARTCC32XX_readCancel            
2000f269  UARTCC32XX_readPolling           
2000f019  UARTCC32XX_write                 
2001090d  UARTCC32XX_writeCancel           
200109d9  UARTCC32XX_writePolling          
20012251  UARTIntEnable                    
20012269  UART_Params_init                 
20013108  UART_config                      
20013134  UART_count                       
20012f84  UART_defaultParams               
20011549  UART_init                        
20011795  UART_open                        
2001264f  UART_write                       
2001268d  UtilsDelay                       
20004000  __STACK_END                      
00001000  __STACK_SIZE                     
00008000  __SYSMEM_SIZE                    
20013678  __TI_CINIT_Base                  
20013688  __TI_CINIT_Limit                 
20013664  __TI_Handler_Table_Base          
20013670  __TI_Handler_Table_Limit         
2001158d  __TI_auto_init_nobinit_nopinit   
200108a5  __TI_decompress_lzss             
200125db  __TI_decompress_none             
20010d0f  __TI_ltoa                        
ffffffff  __TI_pprof_out_hndl              
2000c041  __TI_printfi                     
ffffffff  __TI_prof_data_size              
ffffffff  __TI_prof_data_start             
20013598  __TI_static_base__               
2001260d  __TI_zero_init                   
20010111  __aeabi_cdcmpeq                  
20010111  __aeabi_cdcmple                  
20010197  __aeabi_cdrcmple                 
200112dd  __aeabi_d2iz                     
2000d9b7  __aeabi_dadd                     
2000e4c1  __aeabi_ddiv                     
2000ec75  __aeabi_dmul                     
2000d9ad  __aeabi_dsub                     
20012661  __aeabi_errno_addr               
200119a9  __aeabi_f2iz                     
2001049b  __aeabi_fmul                     
20011cb9  __aeabi_i2d                      
200119e1  __aeabi_i2f                      
20010f03  __aeabi_idiv0                    
20010f03  __aeabi_ldiv0                    
200122c9  __aeabi_lmul                     
20010515  __aeabi_memclr                   
20010515  __aeabi_memclr4                  
20010515  __aeabi_memclr8                  
2000fc81  __aeabi_memcpy                   
2000fc81  __aeabi_memcpy4                  
2000fc81  __aeabi_memcpy8                  
20010517  __aeabi_memset                   
20010517  __aeabi_memset4                  
20010517  __aeabi_memset8                  
2000fe4d  __aeabi_uldivmod                 
ffffffff  __binit__                        
ffffffff  __c_args__                       
UNDEFED   __mpu_init                       
20003000  __stack                          
20004000  __start___llvm_prf_cnts          
20004000  __stop___llvm_prf_cnts           
20011f61  _c_int00_noargs                  
20012c6c  _ctypes_                         
20012c3c  _lock                            
2000f8af  _nop                             
20004040  _sys_memory                      
UNDEFED   _system_post_cinit               
2001269f  _system_pre_init                 
20012c40  _unlock                          
200126a3  abort                            
2000ea79  aligned_alloc                    
200110d9  atoi                             
ffffffff  binit                            
2001058f  clkFxn                           
20012601  copysign                         
20012601  copysignl                        
20012c68  errno                            
2000ee65  free                             
20010af9  frexp                            
20010af9  frexpl                           
20012299  gpioButtonFxn0                   
200122b1  gpioButtonFxn1                   
20012c18  gpioCallbackFunctions            
20012c24  gpioPinConfigs                   
20013597  heat                             
20012c61  i                                
20013580  i2c                              
20013080  i2cCC32XXHWAttrs                 
2001329c  i2cCC32XXObjects                 
20013520  i2cTransaction                   
2001315e  inPinTypes                       
2000d3ad  initI2C                          
20010d65  initTimer                        
200115d1  initUART                         
20011939  initVectors                      
2000ef49  ldexp                            
2000ef49  ldexpl                           
20012465  main                             
2000dd01  mainThread                       
20012669  malloc                           
2000ea79  memalign                         
200120f5  memccpy                          
2000fc81  memcpy                           
2001051d  memset                           
20013164  outPinStrengths                  
20013148  outPinTypes                      
200134a0  output                           
20012b20  parkInfo                         
2000e959  readTemp                         
20012145  resetISR                         
20012158  resetVectorAddr                  
20004000  resetVectors                     
20013584  rxBuffer                         
2000ef49  scalbn                           
2000ef49  scalbnl                          
20013576  setpoint                         
20011171  snprintf                         
20012351  strchr                           
20012409  strlen                           
20013594  temperature                      
20013588  timer0                           
200130ec  timerCC32XXHWAttrs               
20013398  timerCC32XXObjects               
200122e1  timerCallback                    
2001358c  txBuffer                         
20013590  uart                             
2001341c  uartCC32XXObjects0               
20012477  wcslen                           


GLOBAL SYMBOLS: SORTED BY Symbol Address 

address   name                             
-------   ----                             
00001000  __STACK_SIZE                     
00008000  __SYSMEM_SIZE                    
20003000  __stack                          
20004000  __STACK_END                      
20004000  __start___llvm_prf_cnts          
20004000  __stop___llvm_prf_cnts           
20004000  resetVectors                     
20004040  _sys_memory                      
2000c041  __TI_printfi                     
2000ca8f  Board_initHook                   
2000ca91  PRCMCC3200MCUInit                
2000cebd  UARTCC32XX_open                  
2000d3ad  initI2C                          
2000d5fd  GPIO_setConfig                   
2000d9ad  __aeabi_dsub                     
2000d9b7  __aeabi_dadd                     
2000db63  I2C_init                         
2000db65  PowerCC32XX_sleepPolicy          
2000dd01  mainThread                       
2000e251  Power_sleep                      
2000e389  Timer_open                       
2000e4c1  __aeabi_ddiv                     
2000e5f7  I2C_transferTimeout              
2000e719  UARTCC32XX_close                 
2000e959  readTemp                         
2000ea79  aligned_alloc                    
2000ea79  memalign                         
2000eb79  I2C_open                         
2000ec75  __aeabi_dmul                     
2000ed71  UARTCC32XX_control               
2000ee63  PowerCC32XX_initPolicy           
2000ee65  free                             
2000ef49  ldexp                            
2000ef49  ldexpl                           
2000ef49  scalbn                           
2000ef49  scalbnl                          
2000f019  UARTCC32XX_write                 
2000f0e3  SemaphoreP_destruct              
2000f0e5  GPIO_init                        
2000f269  UARTCC32XX_readPolling           
2000f323  Timer_init                       
2000f5f7  UARTCC32XX_init                  
2000f5f9  TickFct_ButtonFlag               
2000f8af  _nop                             
2000f8b1  IntEnable                        
2000f959  PowerCC32XX_configureWakeup      
2000fb45  SemaphoreP_pend                  
2000fc81  __aeabi_memcpy                   
2000fc81  __aeabi_memcpy4                  
2000fc81  __aeabi_memcpy8                  
2000fc81  memcpy                           
2000fd1d  TickFct_TmpLED                   
2000fe4d  __aeabi_uldivmod                 
2000ff75  HwiP_construct                   
20010001  IntPendSet                       
20010089  PinConfigSet                     
20010111  __aeabi_cdcmpeq                  
20010111  __aeabi_cdcmple                  
20010197  __aeabi_cdrcmple                 
2001021d  Power_init                       
20010325  Power_setDependency              
2001049b  __aeabi_fmul                     
20010515  __aeabi_memclr                   
20010515  __aeabi_memclr4                  
20010515  __aeabi_memclr8                  
20010517  __aeabi_memset                   
20010517  __aeabi_memset4                  
20010517  __aeabi_memset8                  
2001051d  memset                           
2001058f  clkFxn                           
20010591  GPIO_hwiIntFxn                   
200107d3  I2CSupport_primeTransfer         
2001083d  Timer_setPeriod                  
200108a5  __TI_decompress_lzss             
2001090d  UARTCC32XX_writeCancel           
20010975  PowerCC32XX_setParkState         
200109d9  UARTCC32XX_writePolling          
20010a3d  PRCMSysResetCauseGet             
20010a9d  GPIO_setCallback                 
20010af9  frexp                            
20010af9  frexpl                           
20010bb1  GPIO_write                       
20010c09  PRCMPeripheralReset              
20010c61  Power_releaseDependency          
20010d0f  __TI_ltoa                        
20010d65  initTimer                        
20010e0d  PowerCC32XX_resumeLPDS           
20010f03  __aeabi_idiv0                    
20010f03  __aeabi_ldiv0                    
20010f05  ClockP_doTick                    
20010f05  ClockP_sysTickHandler            
20010f55  SemaphoreP_construct             
20010fa5  TimerCC32XX_allocateTimerResource
20010ff5  GPIO_enableInt                   
2001108d  PowerCC32XX_parkPin              
200110d9  atoi                             
20011171  snprintf                         
200111bd  FlashDisable                     
20011205  PRCMLPDSEnter                    
2001124d  PRCMPeripheralClkEnable          
20011295  Power_releaseConstraint          
200112dd  __aeabi_d2iz                     
20011325  RingBuf_put                      
200113b1  ClockP_stop                      
200113f5  PRCMLPDSRestoreInfoSet           
20011439  PowerCC32XX_enterLPDS            
2001147d  SemaphoreP_post                  
200114c1  SwiP_restore                     
20011505  Timer_start                      
20011549  UART_init                        
2001158d  __TI_auto_init_nobinit_nopinit   
200115d1  initUART                         
20011615  ClockP_construct                 
20011655  PinModeSet                       
20011695  RingBuf_get                      
200116d5  TimerSupport_timerEnable         
20011715  Timer_close                      
20011755  UARTCC32XX_read                  
20011795  UART_open                        
20011815  ClockP_destruct                  
20011851  Power_setConstraint              
200118c9  PRCMLPDSEnterKeepDebugIf         
20011939  initVectors                      
200119a9  __aeabi_f2iz                     
200119e1  __aeabi_i2f                      
20011a19  TimerControlStall                
20011a4f  Timer_stop                       
20011a85  UARTCC32XX_readCancel            
20011abd  ClockP_getTicksUntilInterrupt    
20011af1  ClockP_startup                   
20011b25  PinModeGet                       
20011b59  PowerCC32XX_restoreParkState     
20011b8d  TimerCC32XX_freeTimerResource    
20011c29  ClockP_start                     
20011c59  PowerCC32XX_restoreParkedPin     
20011cb9  __aeabi_i2d                      
20011ce9  PowerCC32XX_getParkState         
20011d15  HwiP_create                      
20011d3f  TimerLoadSet                     
20011d69  TimerPrescaleSet                 
20011d93  I2CFIFODataPutNonBlocking        
20011dbd  PRCMPeripheralClkDisable         
20011de5  Power_registerNotify             
20011e35  I2CFIFODataGetNonBlocking        
20011e5b  I2C_cancel                       
20011e81  List_put                         
20011ea7  List_remove                      
20011ecd  TimerSupport_timerLoad           
20011ef5  HwiP_dispatch                    
20011f19  PowerCC32XX_reset                
20011f3d  TimerSupport_timerDisable        
20011f61  _c_int00_noargs                  
20011f85  I2CMasterSlaveAddrSet            
20011fa7  HwiP_destruct                    
20011fc9  Power_unregisterNotify           
20011fe9  RingBuf_peek                     
20012029  I2CMasterIntStatusEx             
20012047  SemaphoreP_constructBinary       
20012065  TimerDisable                     
20012083  TimerEnable                      
200120a1  PinToPadGet                      
200120bd  SwiP_disable                     
200120f5  memccpy                          
20012111  ClockP_create                    
2001212b  SemaphoreP_createBinary          
20012145  resetISR                         
20012158  resetVectorAddr                  
2001215f  I2CMasterBusBusy                 
20012177  I2CMasterIntDisableEx            
2001218f  I2CMasterIntEnableEx             
200121a7  I2CRxFIFOFlush                   
200121bf  I2CTxFIFOFlush                   
200121d9  Power_getTransitionLatency       
200121f1  Power_idleFunc                   
20012209  TimerIntDisable                  
20012221  TimerIntEnable                   
20012239  UARTBusy                         
20012251  UARTIntEnable                    
20012269  UART_Params_init                 
20012299  gpioButtonFxn0                   
200122b1  gpioButtonFxn1                   
200122c9  __aeabi_lmul                     
200122e1  timerCallback                    
200122f9  I2CMasterBurstLengthSet          
2001230f  PRCMHIBRegRead                   
20012325  PRCMHIBRegWrite                  
2001233b  SemaphoreP_create                
20012351  strchr                           
20012367  CPUcpsid                         
2001237d  HwiP_inISR                       
20012391  I2CSupport_masterFinish          
200123a5  I2C_transfer                     
200123b9  IntVTableBaseSet                 
200123cd  Power_disablePolicy              
200123e1  Power_getDependencyCount         
20012409  strlen                           
2001241d  HwiP_Params_init                 
2001242f  I2CMasterIntClearEx              
20012441  RingBuf_construct                
20012453  TimerIntClear                    
20012465  main                             
20012477  wcslen                           
20012489  Board_init                       
20012499  ClockP_add                       
200124a9  ClockP_delete                    
200124b9  ClockP_getCpuFreq                
200124c9  ClockP_getSystemTicks            
200124d9  ClockP_setTicks                  
200124e9  HwiP_delete                      
200124f9  HwiP_restore                     
20012509  I2CFIFOStatus                    
20012519  I2C_Params_init                  
20012529  Power_enablePolicy               
20012539  SemaphoreP_Params_init           
20012549  TimerSupport_timerFullWidth      
20012559  Timer_Params_init                
20012579  HwiP_clearInterrupt              
20012587  HwiP_disable                     
20012595  HwiP_disableInterrupt            
200125a3  HwiP_enable                      
200125a3  NoRTOS_start                     
200125b1  HwiP_enableInterrupt             
200125cd  RingBuf_isFull                   
200125db  __TI_decompress_none             
200125f5  Power_getConstraintMask          
20012601  copysign                         
20012601  copysignl                        
2001260d  __TI_zero_init                   
20012631  ClockP_Params_init               
2001263b  ClockP_isActive                  
20012645  IntMasterDisable                 
2001264f  UART_write                       
20012661  __aeabi_errno_addr               
20012669  malloc                           
20012681  I2CSupport_powerRelConstraint    
20012687  I2CSupport_powerSetConstraint    
2001268d  UtilsDelay                       
20012693  ClockP_setTimeout                
20012697  HwiP_post                        
2001269b  SemaphoreP_delete                
2001269f  _system_pre_init                 
200126a3  C$$EXIT                          
200126a3  abort                            
200129b4  PowerCC32XX_module               
20012b20  parkInfo                         
20012c18  gpioCallbackFunctions            
20012c24  gpioPinConfigs                   
20012c3c  _lock                            
20012c40  _unlock                          
20012c4c  SemaphoreP_defaultParams         
20012c54  HwiP_key                         
20012c58  HwiP_swiPIntNum                  
20012c5c  ClockP_tickPeriod                
20012c61  i                                
20012c62  TimerFlag                        
20012c63  Button0_Flag                     
20012c64  Button1_Flag                     
20012c68  errno                            
20012c6c  _ctypes_                         
20012f18  PowerCC32XX_config               
20012f5c  UARTCC32XX_fxnTable              
20012f84  UART_defaultParams               
20013058  GPIOCC32XX_config                
20013080  i2cCC32XXHWAttrs                 
200130bc  I2C_defaultParams                
200130ec  timerCC32XXHWAttrs               
20013108  UART_config                      
2001312c  CONFIG_GPIO_BUTTON_0_CONST       
2001312d  CONFIG_GPIO_BUTTON_1_CONST       
2001312e  CONFIG_GPIO_LED_0_CONST          
2001312f  CONFIG_I2C_0_CONST               
20013130  I2C_count                        
20013131  CONFIG_TIMER_0_CONST             
20013132  Timer_count                      
20013133  CONFIG_UART_0_CONST              
20013134  UART_count                       
20013138  I2C_config                       
20013140  Timer_config                     
20013148  outPinTypes                      
2001315e  inPinTypes                       
20013164  outPinStrengths                  
20013170  PowerCC32XX_contextSave          
2001329c  i2cCC32XXObjects                 
20013398  timerCC32XXObjects               
2001341c  uartCC32XXObjects0               
200134a0  output                           
20013520  i2cTransaction                   
20013558  ClockP_ctrl                      
20013575  BF_STATE                         
20013576  setpoint                         
20013580  i2c                              
20013584  rxBuffer                         
20013588  timer0                           
2001358c  txBuffer                         
20013590  uart                             
20013594  temperature                      
20013596  TL_STATE                         
20013597  heat                             
20013598  __TI_static_base__               
20013664  __TI_Handler_Table_Base          
20013670  __TI_Handler_Table_Limit         
20013678  __TI_CINIT_Base                  
20013688  __TI_CINIT_Limit                 
ffffffff  __TI_pprof_out_hndl              
ffffffff  __TI_prof_data_size              
ffffffff  __TI_prof_data_start             
ffffffff  __binit__                        
ffffffff  __c_args__                       
ffffffff  binit                            
UNDEFED   ITM_flush                        
UNDEFED   ITM_restore                      
UNDEFED   __mpu_init                       
UNDEFED   _system_post_cinit               

[313 symbols]
