******************************************************************************
                  TI ARM Linker PC v20.2.5                     
******************************************************************************
>> Linked Fri Jan 21 17:29:58 2022

OUTPUT FILE NAME:   <gpiointerrupt_CC3220S_LAUNCHXL_nortos_ccs.out>
ENTRY POINT SYMBOL: "resetISR"  address: 20011f21


MEMORY CONFIGURATION

         name            origin    length      used     unused   attr    fill
----------------------  --------  ---------  --------  --------  ----  --------
  SRAM2                 20000000   00004000  0000130c  00002cf4  RW X
  SRAM                  20004000   0003c000  0000f593  0002ca6d  RW X
  LOG_DATA              90000000   00040000  00000000  00040000  R   


SEGMENT ALLOCATION MAP

run origin  load origin   length   init length attrs members
----------  ----------- ---------- ----------- ----- -------
20003000    20003000    00001000   00000000    rw-
  20003000    20003000    00001000   00000000    rw- .stack
20004000    20004000    00000040   00000040    r--
  20004000    20004000    00000040   00000040    r-- .resetVecs
20004040    20004040    00008000   00000000    rw-
  20004040    20004040    00008000   00000000    rw- .sysmem
2000c040    2000c040    00006442   00006442    r-x
  2000c040    2000c040    00006442   00006442    r-x .text
20012484    20012484    000006a1   00000000    rw-
  20012484    20012484    000006a1   00000000    rw- .data
20012b28    20012b28    000004e0   000004e0    r--
  20012b28    20012b28    000004e0   000004e0    r-- .const
20013008    20013008    00000498   00000000    rw-
  20013008    20013008    00000498   00000000    rw- .bss
200134a0    200134a0    000000f8   000000f8    r--
  200134a0    200134a0    000000f8   000000f8    r-- .cinit


SECTION ALLOCATION MAP

 output                                  attributes/
section   page    origin      length       input sections
--------  ----  ----------  ----------   ----------------
.text      0    2000c040    00006442     
                  2000c040    00000a4e     rtsv7M4_T_le_eabi.lib : _printfi.c.obj (.text:__TI_printfi)
                  2000ca8e    00000002     ti_drivers_config.obj (.text:Board_initHook)
                  2000ca90    0000042c     driverlib.a : prcm.obj (.text:PRCMCC3200MCUInit)
                  2000cebc    00000288     drivers_cc32xx.a : UARTCC32XX.oem4 (.text:UARTCC32XX_open)
                  2000d144    00000268     rtsv7M4_T_le_eabi.lib : _printfi.c.obj (.text:_pconv_a)
                  2000d3ac    000001cc                           : _printfi.c.obj (.text:_pconv_g)
                  2000d578    000001c8     gpiointerrupt.obj (.text:initI2C)
                  2000d740    000001b6     rtsv7M4_T_le_eabi.lib : fd_add_t2.asm.obj (.text)
                  2000d8f6    00000002     drivers_cc32xx.a : I2C.oem4 (.text:I2C_init)
                  2000d8f8    0000019c     nortos_cc32xx.a : PowerCC32XX_nortos.oem4 (.text:PowerCC32XX_sleepPolicy)
                  2000da94    00000154     drivers_cc32xx.a : GPIOCC32XX.oem4 (.text:GPIO_setConfig)
                  2000dbe8    00000150     gpiointerrupt.obj (.text:mainThread)
                  2000dd38    00000148     drivers_cc32xx.a : I2CCC32XX.oem4 (.text:I2CCC32XX_hwiFxn)
                  2000de80    00000148                      : PowerCC32XX.oem4 (.text:parkPins)
                  2000dfc8    0000013c     rtsv7M4_T_le_eabi.lib : _printfi.c.obj (.text:_pconv_e)
                  2000e104    00000138     drivers_cc32xx.a : PowerCC32XX.oem4 (.text:Power_sleep)
                  2000e23c    00000138                      : TimerCC32XX.oem4 (.text:Timer_open)
                  2000e374    00000136     rtsv7M4_T_le_eabi.lib : fd_div_t2.asm.obj (.text)
                  2000e4aa    00000122     drivers_cc32xx.a : I2C.oem4 (.text:I2C_transferTimeout)
                  2000e5cc    00000120                      : UARTCC32XX.oem4 (.text:UARTCC32XX_close)
                  2000e6ec    00000120     rtsv7M4_T_le_eabi.lib : _printfi.c.obj (.text:fcvt)
                  2000e80c    00000100                           : memory.c.obj (.text:aligned_alloc)
                  2000e90c    000000fc     drivers_cc32xx.a : I2CCC32XX.oem4 (.text:I2C_open)
                  2000ea08    000000fc     rtsv7M4_T_le_eabi.lib : fd_mul_t2.asm.obj (.text)
                  2000eb04    000000f2     drivers_cc32xx.a : UARTCC32XX.oem4 (.text:UARTCC32XX_control)
                  2000ebf6    00000002     nortos_cc32xx.a : PowerCC32XX_nortos.oem4 (.text:PowerCC32XX_initPolicy)
                  2000ebf8    000000ec     gpiointerrupt.obj (.text:readTemp)
                  2000ece4    000000e4     rtsv7M4_T_le_eabi.lib : memory.c.obj (.text:free)
                  2000edc8    000000d0                           : s_scalbn.c.obj (.text:scalbn)
                  2000ee98    000000ca     drivers_cc32xx.a : UARTCC32XX.oem4 (.text:UARTCC32XX_write)
                  2000ef62    00000002     nortos_cc32xx.a : SemaphoreP_nortos.oem4 (.text:SemaphoreP_destruct)
                  2000ef64    000000c0     drivers_cc32xx.a : PowerCC32XX.oem4 (.text:restoreParkedPins)
                  2000f024    000000ba                      : UARTCC32XX.oem4 (.text:UARTCC32XX_readPolling)
                  2000f0de    00000002                      : Timer.oem4 (.text:Timer_init)
                  2000f0e0    000000b8                      : UARTCC32XX.oem4 (.text:initHw)
                  2000f198    000000b6                      : UARTCC32XX.oem4 (.text:readTaskCallback)
                  2000f24e    000000b2                      : I2CCC32XX.oem4 (.text:I2CCC32XX_completeTransfer)
                  2000f300    000000b1     rtsv7M4_T_le_eabi.lib : _printfi.c.obj (.text:_ltostr)
                  2000f3b1    00000001     --HOLE-- [fill = 0]
                  2000f3b2    000000b0     drivers_cc32xx.a : UARTCC32XX.oem4 (.text:readTaskBlocking)
                  2000f462    000000ae                      : UARTCC32XX.oem4 (.text:readIsrTextBlocking)
                  2000f510    000000a8                      : I2CCC32XX.oem4 (.text:I2CCC32XX_primeWriteBurst)
                  2000f5b8    000000a8     driverlib.a : interrupt.obj (.text:IntEnable)
                  2000f660    000000a8     drivers_cc32xx.a : PowerCC32XX.oem4 (.text:PowerCC32XX_configureWakeup)
                  2000f708    000000a2                      : UARTCC32XX.oem4 (.text:readIsrTextCallback)
                  2000f7aa    000000a2                      : UARTCC32XX.oem4 (.text:writeData)
                  2000f84c    000000a0     nortos_cc32xx.a : SemaphoreP_nortos.oem4 (.text:SemaphoreP_pend)
                  2000f8ec    0000009c     drivers_cc32xx.a : I2CCC32XX.oem4 (.text:I2CCC32XX_initHw)
                  2000f988    0000009c     rtsv7M4_T_le_eabi.lib : memcpy_t2.asm.obj (.text)
                  2000fa24    00000096                           : ull_div_t2.asm.obj (.text)
                  2000faba    00000002     drivers_cc32xx.a : UARTCC32XX.oem4 (.text:UARTCC32XX_init)
                  2000fabc    00000090                      : GPIOCC32XX.oem4 (.text:GPIO_init)
                  2000fb4c    00000090                      : PowerCC32XX.oem4 (.text:restoreNVICRegs)
                  2000fbdc    0000008c     nortos_cc32xx.a : HwiPCC32XX_nortos.oem4 (.text:HwiP_construct)
                  2000fc68    00000088     driverlib.a : interrupt.obj (.text:IntPendSet)
                  2000fcf0    00000088                 : pin.obj (.text:PinConfigSet)
                  2000fd78    00000086     rtsv7M4_T_le_eabi.lib : fd_cmp_t2.asm.obj (.text:__aeabi_cdcmple)
                  2000fdfe    00000086                           : fd_cmp_t2.asm.obj (.text:__aeabi_cdrcmple)
                  2000fe84    00000084     drivers_cc32xx.a : PowerCC32XX.oem4 (.text:Power_init)
                  2000ff08    00000084                      : PowerCC32XX.oem4 (.text:saveNVICRegs)
                  2000ff8c    00000080                      : GPIOCC32XX.oem4 (.text:GPIO_write)
                  2001000c    00000080                      : PowerCC32XX.oem4 (.text:Power_setDependency)
                  2001008c    0000007c                      : UARTCC32XX.oem4 (.text:readIsrBinaryBlocking)
                  20010108    0000007a                      : I2CCC32XX.oem4 (.text:I2CCC32XX_primeReadBurst)
                  20010182    0000007a     rtsv7M4_T_le_eabi.lib : fs_mul_t2.asm.obj (.text)
                  200101fc    0000007a                           : memset_t2.asm.obj (.text)
                  20010276    00000078     drivers_cc32xx.a : UARTCC32XX.oem4 (.text:readIsrBinaryCallback)
                  200102ee    00000074                      : UARTCC32XX.oem4 (.text:UARTCC32XX_hwiIntFxn)
                  20010362    00000002     rtsv7M4_T_le_eabi.lib : _lock.c.obj (.text:_nop)
                  20010364    00000074     drivers_cc32xx.a : GPIOCC32XX.oem4 (.text:powerNotifyFxn)
                  200103d8    00000070     rtsv7M4_T_le_eabi.lib : memory.c.obj (.text:split)
                  20010448    0000006e                           : _printfi.c.obj (.text:_mcpy)
                  200104b6    0000006a     drivers_cc32xx.a : I2CCC32XX.oem4 (.text:I2CSupport_primeTransfer)
                  20010520    00000068                      : Timer.oem4 (.text:Timer_setPeriod)
                  20010588    00000068     rtsv7M4_T_le_eabi.lib : copy_decompress_lzss.c.obj (.text:decompress:lzss:__TI_decompress_lzss)
                  200105f0    00000066     drivers_cc32xx.a : UARTCC32XX.oem4 (.text:UARTCC32XX_writeCancel)
                  20010656    00000002     nortos_cc32xx.a : startup_cc32xx_ccs.oem4 (.text:busFaultHandler)
                  20010658    00000064     drivers_cc32xx.a : GPIOCC32XX.oem4 (.text:GPIO_setInterruptConfig)
                  200106bc    00000064                      : PowerCC32XX.oem4 (.text:PowerCC32XX_setParkState)
                  20010720    00000064     gpiointerrupt.obj (.text:TickFct_ButtonFlag)
                  20010784    00000062     drivers_cc32xx.a : UARTCC32XX.oem4 (.text:UARTCC32XX_writePolling)
                  200107e6    00000002     nortos_cc32xx.a : SemaphoreP_nortos.oem4 (.text:clkFxn)
                  200107e8    00000060     drivers_cc32xx.a : GPIOCC32XX.oem4 (.text:GPIO_hwiIntFxn)
                  20010848    00000060     driverlib.a : prcm.obj (.text:PRCMSysResetCauseGet)
                  200108a8    0000005c     rtsv7M4_T_le_eabi.lib : s_frexp.c.obj (.text:frexp)
                  20010904    0000005c     nortos_cc32xx.a : ClockPSysTick_nortos.oem4 (.text:sysTickInit)
                  20010960    00000058     driverlib.a : prcm.obj (.text:PRCMPeripheralReset)
                  200109b8    00000058     drivers_cc32xx.a : PowerCC32XX.oem4 (.text:Power_releaseDependency)
                  20010a10    00000056     rtsv7M4_T_le_eabi.lib : _printfi.c.obj (.text:_pconv_f)
                  20010a66    00000002     nortos_cc32xx.a : startup_cc32xx_ccs.oem4 (.text:defaultHandler)
                  20010a68    00000054     gpiointerrupt.obj (.text:TickFct_TmpLED)
                  20010abc    00000054     rtsv7M4_T_le_eabi.lib : _ltoa.c.obj (.text:__TI_ltoa)
                  20010b10    00000054     drivers_cc32xx.a : UARTCC32XX.oem4 (.text:ringBufGet)
                  20010b64    00000052                      : PowerCC32XX_asm.oem4 (.text:PowerCC32XX_resumeLPDS)
                  20010bb6    00000052     rtsv7M4_T_le_eabi.lib : _printfi.c.obj (.text:_ecpy)
                  20010c08    00000052     drivers_cc32xx.a : TimerCC32XX.oem4 (.text:initHw)
                  20010c5a    00000002     nortos_cc32xx.a : startup_cc32xx_ccs.oem4 (.text:faultISR)
                  20010c5c    00000050                     : ClockPSysTick_nortos.oem4 (.text:ClockP_sysTickHandler)
                  20010cac    00000050                     : SemaphoreP_nortos.oem4 (.text:SemaphoreP_construct)
                  20010cfc    00000050     drivers_cc32xx.a : TimerCC32XX.oem4 (.text:TimerCC32XX_allocateTimerResource)
                  20010d4c    0000004c                      : I2CCC32XX.oem4 (.text:I2CCC32XX_readRecieveFifo)
                  20010d98    0000004c                      : PowerCC32XX.oem4 (.text:PowerCC32XX_parkPin)
                  20010de4    0000004c     rtsv7M4_T_le_eabi.lib : atoi.c.obj (.text:atoi)
                  20010e30    0000004c     drivers_cc32xx.a : PowerCC32XX.oem4 (.text:restorePeriphClocks)
                  20010e7c    0000004c     rtsv7M4_T_le_eabi.lib : snprintf.c.obj (.text:snprintf)
                  20010ec8    00000048     driverlib.a : flash.obj (.text:FlashDisable)
                  20010f10    00000048     drivers_cc32xx.a : GPIOCC32XX.oem4 (.text:GPIO_disableInt)
                  20010f58    00000048                      : GPIOCC32XX.oem4 (.text:GPIO_enableInt)
                  20010fa0    00000048     driverlib.a : prcm.obj (.text:PRCMLPDSEnter)
                  20010fe8    00000048                 : prcm.obj (.text:PRCMPeripheralClkEnable)
                  20011030    00000048     drivers_cc32xx.a : PowerCC32XX.oem4 (.text:Power_releaseConstraint)
                  20011078    00000048     gpiointerrupt.obj (.text:initTimer)
                  200110c0    00000048     rtsv7M4_T_le_eabi.lib : fd_toi_t2.asm.obj (.text)
                  20011108    00000046     drivers_cc32xx.a : RingBuf.oem4 (.text:RingBuf_put)
                  2001114e    00000046                      : TimerCC32XX.oem4 (.text:getPrescaler)
                  20011194    00000044     nortos_cc32xx.a : ClockPSysTick_nortos.oem4 (.text:ClockP_stop)
                  200111d8    00000044     driverlib.a : prcm.obj (.text:PRCMLPDSRestoreInfoSet)
                  2001121c    00000044     drivers_cc32xx.a : PowerCC32XX_asm.oem4 (.text:PowerCC32XX_enterLPDS)
                  20011260    00000044     nortos_cc32xx.a : SemaphoreP_nortos.oem4 (.text:SemaphoreP_post)
                  200112a4    00000044                     : SwiP_nortos.oem4 (.text:SwiP_restore)
                  200112e8    00000044     drivers_cc32xx.a : Timer.oem4 (.text:Timer_start)
                  2001132c    00000044                      : UART.oem4 (.text:UART_init)
                  20011370    00000044     rtsv7M4_T_le_eabi.lib : autoinit.c.obj (.text:__TI_auto_init_nobinit_nopinit:__TI_auto_init_nobinit_nopinit)
                  200113b4    00000040     nortos_cc32xx.a : ClockPSysTick_nortos.oem4 (.text:ClockP_construct)
                  200113f4    00000040     driverlib.a : pin.obj (.text:PinModeSet)
                  20011434    00000040     drivers_cc32xx.a : RingBuf.oem4 (.text:RingBuf_get)
                  20011474    00000040                      : TimerCC32XX.oem4 (.text:TimerSupport_timerEnable)
                  200114b4    00000040                      : TimerCC32XX.oem4 (.text:Timer_close)
                  200114f4    00000040                      : UARTCC32XX.oem4 (.text:UARTCC32XX_read)
                  20011534    00000040                      : UART.oem4 (.text:UART_open)
                  20011574    0000003e     rtsv7M4_T_le_eabi.lib : _printfi.c.obj (.text:_fcpy)
                  200115b2    00000002     nortos_cc32xx.a : startup_cc32xx_ccs.oem4 (.text:nmiISR)
                  200115b4    0000003c                     : ClockPSysTick_nortos.oem4 (.text:ClockP_destruct)
                  200115f0    0000003c     drivers_cc32xx.a : PowerCC32XX.oem4 (.text:Power_setConstraint)
                  2001162c    0000003c     gpiointerrupt.obj (.text:initUART)
                  20011668    0000003a     nortos_cc32xx.a : PowerCC32XX_nortos.oem4 (.text:getCountsRTC)
                  200116a2    00000002     rtsv7M4_T_le_eabi.lib : div0.asm.obj (.text)
                  200116a4    00000038     driverlib.a : prcm.obj (.text:PRCMLPDSEnterKeepDebugIf)
                  200116dc    00000038     nortos_cc32xx.a : ClockPSysTick_nortos.oem4 (.text:addToList)
                  20011714    00000038                     : startup_cc32xx_ccs.oem4 (.text:initVectors)
                  2001174c    00000038     drivers_cc32xx.a : PowerCC32XX.oem4 (.text:notify)
                  20011784    00000038     rtsv7M4_T_le_eabi.lib : fs_toi_t2.asm.obj (.text)
                  200117bc    00000038                           : i_tofs_t2.asm.obj (.text)
                  200117f4    00000036     driverlib.a : timer.obj (.text:TimerControlStall)
                  2001182a    00000036     drivers_cc32xx.a : Timer.oem4 (.text:Timer_stop)
                  20011860    00000036                      : UARTCC32XX.oem4 (.text:UARTCC32XX_readCancel)
                  20011896    00000002     --HOLE-- [fill = 0]
                  20011898    00000034     nortos_cc32xx.a : ClockPSysTick_nortos.oem4 (.text:ClockP_getTicksUntilInterrupt)
                  200118cc    00000034                     : ClockPSysTick_nortos.oem4 (.text:ClockP_startup)
                  20011900    00000034     driverlib.a : pin.obj (.text:PinModeGet)
                  20011934    00000034     drivers_cc32xx.a : PowerCC32XX.oem4 (.text:PowerCC32XX_restoreParkState)
                  20011968    00000034                      : TimerCC32XX.oem4 (.text:TimerCC32XX_freeTimerResource)
                  2001199c    00000034                      : TimerCC32XX.oem4 (.text:TimerCC32XX_hwiIntFunction)
                  200119d0    00000034                      : TimerCC32XX.oem4 (.text:getPowerMgrId)
                  20011a04    00000030     nortos_cc32xx.a : ClockPSysTick_nortos.oem4 (.text:ClockP_start)
                  20011a34    00000030     drivers_cc32xx.a : PowerCC32XX.oem4 (.text:PowerCC32XX_restoreParkedPin)
                  20011a64    00000030     rtsv7M4_T_le_eabi.lib : snprintf.c.obj (.text:_outs)
                  20011a94    0000002e                           : i_tofd_t2.asm.obj (.text)
                  20011ac2    00000002     --HOLE-- [fill = 0]
                  20011ac4    0000002c     drivers_cc32xx.a : PowerCC32XX.oem4 (.text:PowerCC32XX_getParkState)
                  20011af0    0000002a     nortos_cc32xx.a : HwiPCC32XX_nortos.oem4 (.text:HwiP_create)
                  20011b1a    0000002a     driverlib.a : timer.obj (.text:TimerLoadSet)
                  20011b44    0000002a                 : timer.obj (.text:TimerPrescaleSet)
                  20011b6e    00000028                 : i2c.obj (.text:I2CFIFODataPutNonBlocking)
                  20011b96    00000002     --HOLE-- [fill = 0]
                  20011b98    00000028                 : prcm.obj (.text:PRCMPeripheralClkDisable)
                  20011bc0    00000028     drivers_cc32xx.a : PowerCC32XX.oem4 (.text:Power_registerNotify)
                  20011be8    00000028     rtsv7M4_T_le_eabi.lib : memory.c.obj (.text:free_list_insert)
                  20011c10    00000026     driverlib.a : i2c.obj (.text:I2CFIFODataGetNonBlocking)
                  20011c36    00000026     drivers_cc32xx.a : I2C.oem4 (.text:I2C_cancel)
                  20011c5c    00000026                      : List.oem4 (.text:List_put)
                  20011c82    00000026                      : List.oem4 (.text:List_remove)
                  20011ca8    00000026                      : TimerCC32XX.oem4 (.text:TimerSupport_timerLoad)
                  20011cce    00000002     --HOLE-- [fill = 0]
                  20011cd0    00000024     nortos_cc32xx.a : HwiPCC32XX_nortos.oem4 (.text:HwiP_dispatch)
                  20011cf4    00000024     drivers_cc32xx.a : PowerCC32XX.oem4 (.text:PowerCC32XX_reset)
                  20011d18    00000024                      : TimerCC32XX.oem4 (.text:TimerSupport_timerDisable)
                  20011d3c    00000024     rtsv7M4_T_le_eabi.lib : boot_cortex_m.c.obj (.text:_c_int00_noargs:_c_int00_noargs)
                  20011d60    00000022     driverlib.a : i2c.obj (.text:I2CMasterSlaveAddrSet)
                  20011d82    00000020     nortos_cc32xx.a : HwiPCC32XX_nortos.oem4 (.text:HwiP_destruct)
                  20011da2    00000002     --HOLE-- [fill = 0]
                  20011da4    00000020     drivers_cc32xx.a : PowerCC32XX.oem4 (.text:Power_unregisterNotify)
                  20011dc4    00000020                      : RingBuf.oem4 (.text:RingBuf_peek)
                  20011de4    00000020                      : UARTCC32XX.oem4 (.text:getPowerMgrId)
                  20011e04    0000001e     driverlib.a : i2c.obj (.text:I2CMasterIntStatusEx)
                  20011e22    0000001e     nortos_cc32xx.a : SemaphoreP_nortos.oem4 (.text:SemaphoreP_constructBinary)
                  20011e40    0000001e     driverlib.a : timer.obj (.text:TimerDisable)
                  20011e5e    0000001e                 : timer.obj (.text:TimerEnable)
                  20011e7c    0000001c                 : pin.obj (.text:PinToPadGet)
                  20011e98    0000001c     nortos_cc32xx.a : SwiP_nortos.oem4 (.text:SwiP_disable)
                  20011eb4    0000001c     rtsv7M4_T_le_eabi.lib : memory.c.obj (.text:free_list_remove)
                  20011ed0    0000001c                           : memccpy.c.obj (.text:memccpy)
                  20011eec    0000001a     nortos_cc32xx.a : ClockPSysTick_nortos.oem4 (.text:ClockP_create)
                  20011f06    0000001a                     : SemaphoreP_nortos.oem4 (.text:SemaphoreP_createBinary)
                  20011f20    0000001a                     : startup_cc32xx_ccs.oem4 (.text:resetISR)
                  20011f3a    00000002     --HOLE-- [fill = 0]
                  20011f3c    00000018     drivers_cc32xx.a : GPIO.oem4 (.text:GPIO_setCallback)
                  20011f54    00000018     driverlib.a : i2c.obj (.text:I2CMasterBusBusy)
                  20011f6c    00000018                 : i2c.obj (.text:I2CMasterIntDisableEx)
                  20011f84    00000018                 : i2c.obj (.text:I2CMasterIntEnableEx)
                  20011f9c    00000018                 : i2c.obj (.text:I2CRxFIFOFlush)
                  20011fb4    00000018                 : i2c.obj (.text:I2CTxFIFOFlush)
                  20011fcc    00000018     drivers_cc32xx.a : PowerCC32XX.oem4 (.text:Power_getTransitionLatency)
                  20011fe4    00000018                      : PowerCC32XX.oem4 (.text:Power_idleFunc)
                  20011ffc    00000018     driverlib.a : timer.obj (.text:TimerIntDisable)
                  20012014    00000018                 : timer.obj (.text:TimerIntEnable)
                  2001202c    00000018                 : uart.obj (.text:UARTBusy)
                  20012044    00000018                 : uart.obj (.text:UARTIntEnable)
                  2001205c    00000018     drivers_cc32xx.a : UART.oem4 (.text:UART_Params_init)
                  20012074    00000018     rtsv7M4_T_le_eabi.lib : snprintf.c.obj (.text:_outc)
                  2001208c    00000018                           : ll_mul_t2.asm.obj (.text)
                  200120a4    00000016     driverlib.a : i2c.obj (.text:I2CMasterBurstLengthSet)
                  200120ba    00000016                 : prcm.obj (.text:PRCMHIBRegRead)
                  200120d0    00000016                 : prcm.obj (.text:PRCMHIBRegWrite)
                  200120e6    00000016     nortos_cc32xx.a : SemaphoreP_nortos.oem4 (.text:SemaphoreP_create)
                  200120fc    00000016     rtsv7M4_T_le_eabi.lib : strchr.c.obj (.text:strchr)
                  20012112    00000014     ti_drivers_config.obj (.text:Board_init)
                  20012126    00000014     driverlib.a : cpu.obj (.text:CPUcpsid)
                  2001213a    00000002     --HOLE-- [fill = 0]
                  2001213c    00000014     nortos_cc32xx.a : HwiPCC32XX_nortos.oem4 (.text:HwiP_inISR)
                  20012150    00000014     drivers_cc32xx.a : I2CCC32XX.oem4 (.text:I2CSupport_masterFinish)
                  20012164    00000014                      : I2C.oem4 (.text:I2C_transfer)
                  20012178    00000014     driverlib.a : interrupt.obj (.text:IntVTableBaseSet)
                  2001218c    00000014     drivers_cc32xx.a : PowerCC32XX.oem4 (.text:Power_disablePolicy)
                  200121a0    00000014                      : PowerCC32XX.oem4 (.text:Power_getDependencyCount)
                  200121b4    00000014                      : UARTCC32XX.oem4 (.text:releasePowerConstraint)
                  200121c8    00000014     rtsv7M4_T_le_eabi.lib : strlen.c.obj (.text:strlen)
                  200121dc    00000012     nortos_cc32xx.a : HwiPCC32XX_nortos.oem4 (.text:HwiP_Params_init)
                  200121ee    00000012     driverlib.a : i2c.obj (.text:I2CMasterIntClearEx)
                  20012200    00000012     drivers_cc32xx.a : RingBuf.oem4 (.text:RingBuf_construct)
                  20012212    00000012     driverlib.a : timer.obj (.text:TimerIntClear)
                  20012224    00000012     main_nortos.obj (.text:main)
                  20012236    00000012     rtsv7M4_T_le_eabi.lib : wcslen.c.obj (.text:wcslen)
                  20012248    00000010     nortos_cc32xx.a : ClockPSysTick_nortos.oem4 (.text:ClockP_add)
                  20012258    00000010                     : ClockPSysTick_nortos.oem4 (.text:ClockP_delete)
                  20012268    00000010                     : ClockPSysTick_nortos.oem4 (.text:ClockP_getCpuFreq)
                  20012278    00000010                     : ClockPSysTick_nortos.oem4 (.text:ClockP_getSystemTicks)
                  20012288    00000010                     : ClockPSysTick_nortos.oem4 (.text:ClockP_setTicks)
                  20012298    00000010                     : HwiPCC32XX_nortos.oem4 (.text:HwiP_delete)
                  200122a8    00000010                     : HwiPCC32XX_nortos.oem4 (.text:HwiP_restore)
                  200122b8    00000010     driverlib.a : i2c.obj (.text:I2CFIFOStatus)
                  200122c8    00000010     drivers_cc32xx.a : I2C.oem4 (.text:I2C_Params_init)
                  200122d8    00000010                      : PowerCC32XX.oem4 (.text:Power_enablePolicy)
                  200122e8    00000010     nortos_cc32xx.a : SemaphoreP_nortos.oem4 (.text:SemaphoreP_Params_init)
                  200122f8    00000010     drivers_cc32xx.a : TimerCC32XX.oem4 (.text:TimerSupport_timerFullWidth)
                  20012308    00000010                      : Timer.oem4 (.text:Timer_Params_init)
                  20012318    00000010     gpiointerrupt.obj (.text:gpioButtonFxn0)
                  20012328    00000010     gpiointerrupt.obj (.text:gpioButtonFxn1)
                  20012338    00000010     drivers_cc32xx.a : UARTCC32XX.oem4 (.text:readBlockingTimeout)
                  20012348    0000000e     nortos_cc32xx.a : HwiPCC32XX_nortos.oem4 (.text:HwiP_clearInterrupt)
                  20012356    0000000e                     : HwiPCC32XX_nortos.oem4 (.text:HwiP_disable)
                  20012364    0000000e                     : HwiPCC32XX_nortos.oem4 (.text:HwiP_disableInterrupt)
                  20012372    0000000e                     : HwiPCC32XX_nortos.oem4 (.text:HwiP_enable)
                  20012380    0000000e                     : HwiPCC32XX_nortos.oem4 (.text:HwiP_enableInterrupt)
                  2001238e    0000000e     drivers_cc32xx.a : I2CCC32XX.oem4 (.text:I2CCC32XX_updateReg)
                  2001239c    0000000e                      : RingBuf.oem4 (.text:RingBuf_isFull)
                  200123aa    0000000e     rtsv7M4_T_le_eabi.lib : copy_decompress_none.c.obj (.text:decompress:none:__TI_decompress_none)
                  200123b8    0000000c     drivers_cc32xx.a : I2CCC32XX.oem4 (.text:I2CCC32XX_postNotify)
                  200123c4    0000000c                      : PowerCC32XX.oem4 (.text:Power_getConstraintMask)
                  200123d0    0000000c     rtsv7M4_T_le_eabi.lib : s_copysign.c.obj (.text:copysign)
                  200123dc    0000000c                           : copy_zero_init.c.obj (.text:decompress:ZI:__TI_zero_init)
                  200123e8    0000000c     drivers_cc32xx.a : TimerCC32XX.oem4 (.text:postNotifyFxn)
                  200123f4    0000000c                      : UARTCC32XX.oem4 (.text:postNotifyFxn)
                  20012400    0000000c     gpiointerrupt.obj (.text:timerCallback)
                  2001240c    0000000a     nortos_cc32xx.a : ClockPSysTick_nortos.oem4 (.text:ClockP_Params_init)
                  20012416    0000000a                     : ClockPSysTick_nortos.oem4 (.text:ClockP_isActive)
                  20012420    0000000a     driverlib.a : interrupt.obj (.text:IntMasterDisable)
                  2001242a    0000000a     drivers_cc32xx.a : UART.oem4 (.text:UART_write)
                  20012434    00000008                      : I2CCC32XX.oem4 (.text:I2CCC32XX_blockingCallback)
                  2001243c    00000008     rtsv7M4_T_le_eabi.lib : errno.c.obj (.text:__aeabi_errno_addr)
                  20012444    00000008                           : memory.c.obj (.text:malloc)
                  2001244c    00000008     drivers_cc32xx.a : UARTCC32XX.oem4 (.text:readSemCallback)
                  20012454    00000008                      : UARTCC32XX.oem4 (.text:writeSemCallback)
                  2001245c    00000006                      : I2CCC32XX.oem4 (.text:I2CSupport_powerRelConstraint)
                  20012462    00000006                      : I2CCC32XX.oem4 (.text:I2CSupport_powerSetConstraint)
                  20012468    00000006     driverlib.a : utils.obj (.text:UtilsDelay)
                  2001246e    00000004     nortos_cc32xx.a : ClockPSysTick_nortos.oem4 (.text:ClockP_setTimeout)
                  20012472    00000004                     : HwiPCC32XX_nortos.oem4 (.text:HwiP_post)
                  20012476    00000004                     : SemaphoreP_nortos.oem4 (.text:SemaphoreP_delete)
                  2001247a    00000004     rtsv7M4_T_le_eabi.lib : pre_init.c.obj (.text:_system_pre_init)
                  2001247e    00000004                           : exit.c.obj (.text:abort:abort)

.const     0    20012b28    000004e0     
                  20012b28    00000101     rtsv7M4_T_le_eabi.lib : ctype.c.obj (.const:.string:_ctypes_)
                  20012c29    00000003     --HOLE-- [fill = 0]
                  20012c2c    00000100     driverlib.a : pin.obj (.const:g_ulPinToPadMap)
                  20012d2c    000000a8                 : prcm.obj (.const:PRCM_PeriphRegsList)
                  20012dd4    00000044     ti_drivers_config.obj (.const:PowerCC32XX_config)
                  20012e18    00000028     drivers_cc32xx.a : UARTCC32XX.oem4 (.const:UARTCC32XX_fxnTable)
                  20012e40    00000028                      : GPIOCC32XX.oem4 (.const:portConfigs)
                  20012e68    00000024                      : UART.oem4 (.const:UART_defaultParams)
                  20012e8c    00000024     ti_drivers_config.obj (.const:uartCC32XXHWAttrs0)
                  20012eb0    00000021     drivers_cc32xx.a : GPIOCC32XX.oem4 (.const:.string:pinTable)
                  20012ed1    00000003     --HOLE-- [fill = 0]
                  20012ed4    00000020                      : UARTCC32XX.oem4 (.const:staticFxnTable)
                  20012ef4    00000018     driverlib.a : interrupt.obj (.const:g_pulEnRegs)
                  20012f0c    00000018                 : interrupt.obj (.const:g_pulPendRegs)
                  20012f24    00000018     gpiointerrupt.obj (.const:sensors)
                  20012f3c    00000014     ti_drivers_config.obj (.const:i2cCC32XXHWAttrs)
                  20012f50    00000014     drivers_cc32xx.a : UARTCC32XX.oem4 (.const:parityType)
                  20012f64    00000010     ti_drivers_config.obj (.const:GPIO_config)
                  20012f74    00000010     drivers_cc32xx.a : I2C.oem4 (.const:I2C_defaultParams)
                  20012f84    00000010                      : I2CCC32XX.oem4 (.const:I2C_defaultParams)
                  20012f94    00000010                      : UARTCC32XX.oem4 (.const:dataLength)
                  20012fa4    00000010     ti_drivers_config.obj (.const:timerCC32XXHWAttrs)
                  20012fb4    0000000c     gpiointerrupt.obj (.const:.string)
                  20012fc0    0000000c     ti_drivers_config.obj (.const:UART_config)
                  20012fcc    0000000c     drivers_cc32xx.a : Timer.oem4 (.const:defaultParams)
                  20012fd8    0000000c                      : TimerCC32XX.oem4 (.const:defaultParams)
                  20012fe4    0000000b     ti_drivers_config.obj (.const)
                  20012fef    00000001     --HOLE-- [fill = 0]
                  20012ff0    00000008     ti_drivers_config.obj (.const:I2C_config)
                  20012ff8    00000008     ti_drivers_config.obj (.const:Timer_config)
                  20013000    00000008     drivers_cc32xx.a : UARTCC32XX.oem4 (.const:stopBits)

.cinit     0    200134a0    000000f8     
                  200134a0    000000cf     (.cinit..data.load) [load image, compression = lzss]
                  2001356f    00000001     --HOLE-- [fill = 0]
                  20013570    0000000c     (__TI_handler_table)
                  2001357c    00000004     --HOLE-- [fill = 0]
                  20013580    00000008     (.cinit..bss.load) [load image, compression = zero_init]
                  20013588    00000010     (__TI_cinit_table)

.init_array 
*          0    20004000    00000000     UNINITIALIZED

.ramVecs   0    20000000    0000030c     NOLOAD SECTION
                  20000000    0000030c     nortos_cc32xx.a : startup_cc32xx_ccs.oem4 (.ramVecs)

.stack     0    20003000    00001000     UNINITIALIZED
                  20003000    00000004     rtsv7M4_T_le_eabi.lib : boot_cortex_m.c.obj (.stack)
                  20003004    00000ffc     --HOLE--

.resetVecs 
*          0    20004000    00000040     
                  20004000    00000040     nortos_cc32xx.a : startup_cc32xx_ccs.oem4 (.resetVecs:retain)

.sysmem    0    20004040    00008000     UNINITIALIZED
                  20004040    00000010     rtsv7M4_T_le_eabi.lib : memory.c.obj (.sysmem)
                  20004050    00007ff0     --HOLE--

.data      0    20012484    000006a1     UNINITIALIZED
                  20012484    0000030c     nortos_cc32xx.a : HwiPCC32XX_nortos.oem4 (.data:HwiP_dispatchTable)
                  20012790    0000016c     drivers_cc32xx.a : PowerCC32XX.oem4 (.data:PowerCC32XX_module)
                  200128fc    000000f8     ti_drivers_config.obj (.data:parkInfo)
                  200129f4    00000084     ti_drivers_config.obj (.data:gpioPinConfigs)
                  20012a78    0000007c     gpiointerrupt.obj (.data:$O1$$)
                  20012af4    00000008     rtsv7M4_T_le_eabi.lib : _lock.c.obj (.data:$O1$$)
                  20012afc    00000008                           : memory.c.obj (.data:$O1$$)
                  20012b04    00000008     nortos_cc32xx.a : SemaphoreP_nortos.oem4 (.data:SemaphoreP_defaultParams)
                  20012b0c    00000008                     : HwiPCC32XX_nortos.oem4 (.data)
                  20012b14    00000005                     : ClockPSysTick_nortos.oem4 (.data)
                  20012b19    00000003                     : SemaphoreP_nortos.oem4 (.data)
                  20012b1c    00000004     rtsv7M4_T_le_eabi.lib : errno.c.obj (.data)
                  20012b20    00000002     drivers_cc32xx.a : GPIOCC32XX.oem4 (.data)
                  20012b22    00000002     gpiointerrupt.obj (.data)
                  20012b24    00000001     drivers_cc32xx.a : UART.oem4 (.data)

.bss       0    20013008    00000498     UNINITIALIZED
                  20013008    0000012c     (.common:PowerCC32XX_contextSave)
                  20013134    000000fc     (.common:i2cCC32XXObjects)
                  20013230    00000084     (.common:gpioCallbackFunctions)
                  200132b4    00000084     (.common:gpioUserArgs)
                  20013338    00000084     (.common:timerCC32XXObjects)
                  200133bc    00000084     (.common:uartCC32XXObjects0)
                  20013440    00000020     ti_drivers_config.obj (.bss:uartCC32XXRingBuffer0)
                  20013460    00000014     drivers_cc32xx.a : GPIOCC32XX.oem4 (.bss:powerNotifyObj)
                  20013474    00000004                      : GPIOCC32XX.oem4 (.bss)
                  20013478    00000010     (.common:ClockP_ctrl)
                  20013488    0000000d     nortos_cc32xx.a : SwiP_nortos.oem4 (.bss)
                  20013495    00000003     --HOLE--
                  20013498    00000004                     : ClockPSysTick_nortos.oem4 (.bss)
                  2001349c    00000004     drivers_cc32xx.a : TimerCC32XX.oem4 (.bss:timerState)

.log_data 
*          0    90000000    00000000     COPY SECTION

__llvm_prf_cnts 
*          0    20004000    00000000     UNINITIALIZED

MODULE SUMMARY

       Module                       code    ro data   rw data
       ------                       ----    -------   -------
    .\
       gpiointerrupt.obj            1388    36        126    
       main_nortos.obj              18      0         0      
    +--+----------------------------+-------+---------+---------+
       Total:                       1406    36        126    
                                                             
    .\syscfg\
       ti_drivers_config.obj        22      195       1192   
    +--+----------------------------+-------+---------+---------+
       Total:                       22      195       1192   
                                                             
    C:/ti/simplelink_cc32xx_sdk_5_30_00_08/kernel/nortos/lib/ccs/m4/nortos_cc32xx.a
       HwiPCC32XX_nortos.oem4       394     0         788    
       startup_cc32xx_ccs.oem4      90      64        780    
       ClockPSysTick_nortos.oem4    702     0         25     
       PowerCC32XX_nortos.oem4      472     0         0      
       SemaphoreP_nortos.oem4       410     0         11     
       SwiP_nortos.oem4             96      0         13     
    +--+----------------------------+-------+---------+---------+
       Total:                       2164    64        1617   
                                                             
    C:/ti/simplelink_cc32xx_sdk_5_30_00_08/source/ti/devices/cc32xx/driverlib/ccs/Release/driverlib.a
       prcm.obj                     1604    168       0      
       pin.obj                      280     256       0      
       interrupt.obj                334     48        0      
       i2c.obj                      318     0         0      
       timer.obj                    264     0         0      
       flash.obj                    72      0         0      
       uart.obj                     48      0         0      
       cpu.obj                      20      0         0      
       utils.obj                    6       0         0      
    +--+----------------------------+-------+---------+---------+
       Total:                       2946    472       0      
                                                             
    C:/ti/simplelink_cc32xx_sdk_5_30_00_08/source/ti/drivers/lib/ccs/m4/drivers_cc32xx.a
       UARTCC32XX.oem4              3466    116       0      
       PowerCC32XX.oem4             2432    0         664    
       I2CCC32XX.oem4               1452    16        0      
       GPIOCC32XX.oem4              1068    73        26     
       TimerCC32XX.oem4             930     12        4      
       I2C.oem4                     366     16        0      
       Timer.oem4                   244     12        0      
       UART.oem4                    166     36        1      
       RingBuf.oem4                 198     0         0      
       PowerCC32XX_asm.oem4         150     0         0      
       List.oem4                    76      0         0      
       GPIO.oem4                    24      0         0      
    +--+----------------------------+-------+---------+---------+
       Total:                       10572   281       695    
                                                             
    C:\ti\ccs1040\ccs\tools\compiler\ti-cgt-arm_20.2.5.LTS\lib\rtsv7M4_T_le_eabi.lib
       _printfi.c.obj               4835    0         0      
       memory.c.obj                 672     0         8      
       fd_add_t2.asm.obj            438     0         0      
       fd_div_t2.asm.obj            310     0         0      
       fd_cmp_t2.asm.obj            268     0         0      
       ctype.c.obj                  0       257       0      
       fd_mul_t2.asm.obj            252     0         0      
       s_scalbn.c.obj               208     0         0      
       memcpy_t2.asm.obj            156     0         0      
       ull_div_t2.asm.obj           150     0         0      
       snprintf.c.obj               148     0         0      
       fs_mul_t2.asm.obj            122     0         0      
       memset_t2.asm.obj            122     0         0      
       copy_decompress_lzss.c.obj   104     0         0      
       s_frexp.c.obj                92      0         0      
       _ltoa.c.obj                  84      0         0      
       atoi.c.obj                   76      0         0      
       fd_toi_t2.asm.obj            72      0         0      
       autoinit.c.obj               68      0         0      
       fs_toi_t2.asm.obj            56      0         0      
       i_tofs_t2.asm.obj            56      0         0      
       i_tofd_t2.asm.obj            46      0         0      
       boot_cortex_m.c.obj          36      0         0      
       memccpy.c.obj                28      0         0      
       ll_mul_t2.asm.obj            24      0         0      
       strchr.c.obj                 22      0         0      
       strlen.c.obj                 20      0         0      
       wcslen.c.obj                 18      0         0      
       copy_decompress_none.c.obj   14      0         0      
       copy_zero_init.c.obj         12      0         0      
       errno.c.obj                  8       0         4      
       s_copysign.c.obj             12      0         0      
       _lock.c.obj                  2       0         8      
       exit.c.obj                   4       0         0      
       pre_init.c.obj               4       0         0      
       div0.asm.obj                 2       0         0      
    +--+----------------------------+-------+---------+---------+
       Total:                       8541    257       20     
                                                             
       Heap:                        0       0         32768  
       Stack:                       0       0         4096   
       Linker Generated:            0       243       0      
    +--+----------------------------+-------+---------+---------+
       Grand Total:                 25651   1548      40514  


LINKER GENERATED COPY TABLES

__TI_cinit_table @ 20013588 records: 2, size/record: 8, table size: 16
	.data: load addr=200134a0, load size=000000cf bytes, run addr=20012484, run size=000006a1 bytes, compression=lzss
	.bss: load addr=20013580, load size=00000008 bytes, run addr=20013008, run size=00000498 bytes, compression=zero_init


LINKER GENERATED HANDLER TABLE

__TI_handler_table @ 20013570 records: 3, size/record: 4, table size: 12
	index: 0, handler: __TI_decompress_lzss
	index: 1, handler: __TI_decompress_none
	index: 2, handler: __TI_zero_init


GLOBAL SYMBOLS: SORTED ALPHABETICALLY BY Name 

address   name                             
-------   ----                             
20012a7d  BF_STATE                         
20012113  Board_init                       
2000ca8f  Board_initHook                   
20012a79  Button0_Flag                     
20012a7a  Button1_Flag                     
2001247f  C$$EXIT                          
20012fe6  CONFIG_GPIO_BUTTON_0_CONST       
20012fe7  CONFIG_GPIO_BUTTON_1_CONST       
20012fe8  CONFIG_GPIO_LED_0_CONST          
20012fe9  CONFIG_I2C_0_CONST               
20012feb  CONFIG_TIMER_0_CONST             
20012fed  CONFIG_UART_0_CONST              
20012127  CPUcpsid                         
2001240d  ClockP_Params_init               
20012249  ClockP_add                       
200113b5  ClockP_construct                 
20011eed  ClockP_create                    
20013478  ClockP_ctrl                      
20012259  ClockP_delete                    
200115b5  ClockP_destruct                  
20010c5d  ClockP_doTick                    
20012269  ClockP_getCpuFreq                
20012279  ClockP_getSystemTicks            
20011899  ClockP_getTicksUntilInterrupt    
20012417  ClockP_isActive                  
20012289  ClockP_setTicks                  
2001246f  ClockP_setTimeout                
20011a05  ClockP_start                     
200118cd  ClockP_startup                   
20011195  ClockP_stop                      
20010c5d  ClockP_sysTickHandler            
20012b14  ClockP_tickPeriod                
20010ec9  FlashDisable                     
20012f64  GPIO_config                      
20010f11  GPIO_disableInt                  
20010f59  GPIO_enableInt                   
200107e9  GPIO_hwiIntFxn                   
2000fabd  GPIO_init                        
20012fe4  GPIO_pinLowerBound               
20012fe5  GPIO_pinUpperBound               
20011f3d  GPIO_setCallback                 
2000da95  GPIO_setConfig                   
20010659  GPIO_setInterruptConfig          
2000ff8d  GPIO_write                       
200121dd  HwiP_Params_init                 
20012349  HwiP_clearInterrupt              
2000fbdd  HwiP_construct                   
20011af1  HwiP_create                      
20012299  HwiP_delete                      
20011d83  HwiP_destruct                    
20012357  HwiP_disable                     
20012365  HwiP_disableInterrupt            
20011cd1  HwiP_dispatch                    
20012373  HwiP_enable                      
20012381  HwiP_enableInterrupt             
2001213d  HwiP_inISR                       
20012b0c  HwiP_key                         
20012473  HwiP_post                        
200122a9  HwiP_restore                     
20012b10  HwiP_swiPIntNum                  
20011c11  I2CFIFODataGetNonBlocking        
20011b6f  I2CFIFODataPutNonBlocking        
200122b9  I2CFIFOStatus                    
200120a5  I2CMasterBurstLengthSet          
20011f55  I2CMasterBusBusy                 
200121ef  I2CMasterIntClearEx              
20011f6d  I2CMasterIntDisableEx            
20011f85  I2CMasterIntEnableEx             
20011e05  I2CMasterIntStatusEx             
20011d61  I2CMasterSlaveAddrSet            
20011f9d  I2CRxFIFOFlush                   
20012151  I2CSupport_masterFinish          
2001245d  I2CSupport_powerRelConstraint    
20012463  I2CSupport_powerSetConstraint    
200104b7  I2CSupport_primeTransfer         
20011fb5  I2CTxFIFOFlush                   
200122c9  I2C_Params_init                  
20011c37  I2C_cancel                       
20012ff0  I2C_config                       
20012fea  I2C_count                        
20012f74  I2C_defaultParams                
2000d8f7  I2C_init                         
2000e90d  I2C_open                         
20012165  I2C_transfer                     
2000e4ab  I2C_transferTimeout              
UNDEFED   ITM_flush                        
UNDEFED   ITM_restore                      
2000f5b9  IntEnable                        
20012421  IntMasterDisable                 
2000fc69  IntPendSet                       
20012179  IntVTableBaseSet                 
20011c5d  List_put                         
20011c83  List_remove                      
20012373  NoRTOS_start                     
2000ca91  PRCMCC3200MCUInit                
200120bb  PRCMHIBRegRead                   
200120d1  PRCMHIBRegWrite                  
20010fa1  PRCMLPDSEnter                    
200116a5  PRCMLPDSEnterKeepDebugIf         
200111d9  PRCMLPDSRestoreInfoSet           
20011b99  PRCMPeripheralClkDisable         
20010fe9  PRCMPeripheralClkEnable          
20010961  PRCMPeripheralReset              
20010849  PRCMSysResetCauseGet             
2000fcf1  PinConfigSet                     
20011901  PinModeGet                       
200113f5  PinModeSet                       
20011e7d  PinToPadGet                      
20012dd4  PowerCC32XX_config               
2000f661  PowerCC32XX_configureWakeup      
20013008  PowerCC32XX_contextSave          
2001121d  PowerCC32XX_enterLPDS            
20011ac5  PowerCC32XX_getParkState         
2000ebf7  PowerCC32XX_initPolicy           
20012790  PowerCC32XX_module               
20010d99  PowerCC32XX_parkPin              
20011cf5  PowerCC32XX_reset                
20011935  PowerCC32XX_restoreParkState     
20011a35  PowerCC32XX_restoreParkedPin     
20010b65  PowerCC32XX_resumeLPDS           
200106bd  PowerCC32XX_setParkState         
2000d8f9  PowerCC32XX_sleepPolicy          
2001218d  Power_disablePolicy              
200122d9  Power_enablePolicy               
200123c5  Power_getConstraintMask          
200121a1  Power_getDependencyCount         
20011fcd  Power_getTransitionLatency       
20011fe5  Power_idleFunc                   
2000fe85  Power_init                       
20011bc1  Power_registerNotify             
20011031  Power_releaseConstraint          
200109b9  Power_releaseDependency          
200115f1  Power_setConstraint              
2001000d  Power_setDependency              
2000e105  Power_sleep                      
20011da5  Power_unregisterNotify           
20012201  RingBuf_construct                
20011435  RingBuf_get                      
2001239d  RingBuf_isFull                   
20011dc5  RingBuf_peek                     
20011109  RingBuf_put                      
200122e9  SemaphoreP_Params_init           
20010cad  SemaphoreP_construct             
20011e23  SemaphoreP_constructBinary       
200120e7  SemaphoreP_create                
20011f07  SemaphoreP_createBinary          
20012b04  SemaphoreP_defaultParams         
20012477  SemaphoreP_delete                
2000ef63  SemaphoreP_destruct              
2000f84d  SemaphoreP_pend                  
20011261  SemaphoreP_post                  
20011e99  SwiP_disable                     
200112a5  SwiP_restore                     
20012a7e  TL_STATE                         
20010721  TickFct_ButtonFlag               
20010a69  TickFct_TmpLED                   
20010cfd  TimerCC32XX_allocateTimerResource
20011969  TimerCC32XX_freeTimerResource    
200117f5  TimerControlStall                
20011e41  TimerDisable                     
20011e5f  TimerEnable                      
20012b23  TimerFlag                        
20012213  TimerIntClear                    
20011ffd  TimerIntDisable                  
20012015  TimerIntEnable                   
20011b1b  TimerLoadSet                     
20011b45  TimerPrescaleSet                 
20011d19  TimerSupport_timerDisable        
20011475  TimerSupport_timerEnable         
200122f9  TimerSupport_timerFullWidth      
20011ca9  TimerSupport_timerLoad           
20012309  Timer_Params_init                
200114b5  Timer_close                      
20012ff8  Timer_config                     
20012fec  Timer_count                      
2000f0df  Timer_init                       
2000e23d  Timer_open                       
20010521  Timer_setPeriod                  
200112e9  Timer_start                      
2001182b  Timer_stop                       
2001202d  UARTBusy                         
2000e5cd  UARTCC32XX_close                 
2000eb05  UARTCC32XX_control               
20012e18  UARTCC32XX_fxnTable              
2000fabb  UARTCC32XX_init                  
2000cebd  UARTCC32XX_open                  
200114f5  UARTCC32XX_read                  
20011861  UARTCC32XX_readCancel            
2000f025  UARTCC32XX_readPolling           
2000ee99  UARTCC32XX_write                 
200105f1  UARTCC32XX_writeCancel           
20010785  UARTCC32XX_writePolling          
20012045  UARTIntEnable                    
2001205d  UART_Params_init                 
20012fc0  UART_config                      
20012fee  UART_count                       
20012e68  UART_defaultParams               
2001132d  UART_init                        
20011535  UART_open                        
2001242b  UART_write                       
20012469  UtilsDelay                       
20004000  __STACK_END                      
00001000  __STACK_SIZE                     
00008000  __SYSMEM_SIZE                    
20013588  __TI_CINIT_Base                  
20013598  __TI_CINIT_Limit                 
20013570  __TI_Handler_Table_Base          
2001357c  __TI_Handler_Table_Limit         
20011371  __TI_auto_init_nobinit_nopinit   
20010589  __TI_decompress_lzss             
200123ab  __TI_decompress_none             
20010abd  __TI_ltoa                        
ffffffff  __TI_pprof_out_hndl              
2000c041  __TI_printfi                     
ffffffff  __TI_prof_data_size              
ffffffff  __TI_prof_data_start             
200134a0  __TI_static_base__               
200123dd  __TI_zero_init                   
2000fd79  __aeabi_cdcmpeq                  
2000fd79  __aeabi_cdcmple                  
2000fdff  __aeabi_cdrcmple                 
200110c1  __aeabi_d2iz                     
2000d74b  __aeabi_dadd                     
2000e375  __aeabi_ddiv                     
2000ea09  __aeabi_dmul                     
2000d741  __aeabi_dsub                     
2001243d  __aeabi_errno_addr               
20011785  __aeabi_f2iz                     
20010183  __aeabi_fmul                     
20011a95  __aeabi_i2d                      
200117bd  __aeabi_i2f                      
200116a3  __aeabi_idiv0                    
200116a3  __aeabi_ldiv0                    
2001208d  __aeabi_lmul                     
200101fd  __aeabi_memclr                   
200101fd  __aeabi_memclr4                  
200101fd  __aeabi_memclr8                  
2000f989  __aeabi_memcpy                   
2000f989  __aeabi_memcpy4                  
2000f989  __aeabi_memcpy8                  
200101ff  __aeabi_memset                   
200101ff  __aeabi_memset4                  
200101ff  __aeabi_memset8                  
2000fa25  __aeabi_uldivmod                 
ffffffff  __binit__                        
ffffffff  __c_args__                       
UNDEFED   __mpu_init                       
20003000  __stack                          
20004000  __start___llvm_prf_cnts          
20004000  __stop___llvm_prf_cnts           
20011d3d  _c_int00_noargs                  
20012b28  _ctypes_                         
20012af4  _lock                            
20010363  _nop                             
20004040  _sys_memory                      
UNDEFED   _system_post_cinit               
2001247b  _system_pre_init                 
20012af8  _unlock                          
2001247f  abort                            
2000e80d  aligned_alloc                    
20010de5  atoi                             
ffffffff  binit                            
200107e7  clkFxn                           
20012a7c  cool                             
200123d1  copysign                         
200123d1  copysignl                        
20012b1c  errno                            
2000ece5  free                             
200108a9  frexp                            
200108a9  frexpl                           
20012319  gpioButtonFxn0                   
20012329  gpioButtonFxn1                   
20013230  gpioCallbackFunctions            
200129f4  gpioPinConfigs                   
200132b4  gpioUserArgs                     
20012a7b  heat                             
20012b22  i                                
20012a8c  i2c                              
20012f3c  i2cCC32XXHWAttrs                 
20013134  i2cCC32XXObjects                 
20012a94  i2cTransaction                   
2000d579  initI2C                          
20011079  initTimer                        
2001162d  initUART                         
20011715  initVectors                      
2000edc9  ldexp                            
2000edc9  ldexpl                           
20012225  main                             
2000dbe9  mainThread                       
20012445  malloc                           
2000e80d  memalign                         
20011ed1  memccpy                          
2000f989  memcpy                           
20010205  memset                           
20012ab4  output                           
200128fc  parkInfo                         
2000ebf9  readTemp                         
20011f21  resetISR                         
20011f34  resetVectorAddr                  
20004000  resetVectors                     
20012a7f  rxBuffer                         
2000edc9  scalbn                           
2000edc9  scalbnl                          
20012a82  setpoint                         
20010e7d  snprintf                         
200120fd  strchr                           
200121c9  strlen                           
20012a84  temperature                      
20012a90  timer0                           
20012fa4  timerCC32XXHWAttrs               
20013338  timerCC32XXObjects               
20012401  timerCallback                    
20012a78  txBuffer                         
20012a88  uart                             
200133bc  uartCC32XXObjects0               
20012237  wcslen                           


GLOBAL SYMBOLS: SORTED BY Symbol Address 

address   name                             
-------   ----                             
00001000  __STACK_SIZE                     
00008000  __SYSMEM_SIZE                    
20003000  __stack                          
20004000  __STACK_END                      
20004000  __start___llvm_prf_cnts          
20004000  __stop___llvm_prf_cnts           
20004000  resetVectors                     
20004040  _sys_memory                      
2000c041  __TI_printfi                     
2000ca8f  Board_initHook                   
2000ca91  PRCMCC3200MCUInit                
2000cebd  UARTCC32XX_open                  
2000d579  initI2C                          
2000d741  __aeabi_dsub                     
2000d74b  __aeabi_dadd                     
2000d8f7  I2C_init                         
2000d8f9  PowerCC32XX_sleepPolicy          
2000da95  GPIO_setConfig                   
2000dbe9  mainThread                       
2000e105  Power_sleep                      
2000e23d  Timer_open                       
2000e375  __aeabi_ddiv                     
2000e4ab  I2C_transferTimeout              
2000e5cd  UARTCC32XX_close                 
2000e80d  aligned_alloc                    
2000e80d  memalign                         
2000e90d  I2C_open                         
2000ea09  __aeabi_dmul                     
2000eb05  UARTCC32XX_control               
2000ebf7  PowerCC32XX_initPolicy           
2000ebf9  readTemp                         
2000ece5  free                             
2000edc9  ldexp                            
2000edc9  ldexpl                           
2000edc9  scalbn                           
2000edc9  scalbnl                          
2000ee99  UARTCC32XX_write                 
2000ef63  SemaphoreP_destruct              
2000f025  UARTCC32XX_readPolling           
2000f0df  Timer_init                       
2000f5b9  IntEnable                        
2000f661  PowerCC32XX_configureWakeup      
2000f84d  SemaphoreP_pend                  
2000f989  __aeabi_memcpy                   
2000f989  __aeabi_memcpy4                  
2000f989  __aeabi_memcpy8                  
2000f989  memcpy                           
2000fa25  __aeabi_uldivmod                 
2000fabb  UARTCC32XX_init                  
2000fabd  GPIO_init                        
2000fbdd  HwiP_construct                   
2000fc69  IntPendSet                       
2000fcf1  PinConfigSet                     
2000fd79  __aeabi_cdcmpeq                  
2000fd79  __aeabi_cdcmple                  
2000fdff  __aeabi_cdrcmple                 
2000fe85  Power_init                       
2000ff8d  GPIO_write                       
2001000d  Power_setDependency              
20010183  __aeabi_fmul                     
200101fd  __aeabi_memclr                   
200101fd  __aeabi_memclr4                  
200101fd  __aeabi_memclr8                  
200101ff  __aeabi_memset                   
200101ff  __aeabi_memset4                  
200101ff  __aeabi_memset8                  
20010205  memset                           
20010363  _nop                             
200104b7  I2CSupport_primeTransfer         
20010521  Timer_setPeriod                  
20010589  __TI_decompress_lzss             
200105f1  UARTCC32XX_writeCancel           
20010659  GPIO_setInterruptConfig          
200106bd  PowerCC32XX_setParkState         
20010721  TickFct_ButtonFlag               
20010785  UARTCC32XX_writePolling          
200107e7  clkFxn                           
200107e9  GPIO_hwiIntFxn                   
20010849  PRCMSysResetCauseGet             
200108a9  frexp                            
200108a9  frexpl                           
20010961  PRCMPeripheralReset              
200109b9  Power_releaseDependency          
20010a69  TickFct_TmpLED                   
20010abd  __TI_ltoa                        
20010b65  PowerCC32XX_resumeLPDS           
20010c5d  ClockP_doTick                    
20010c5d  ClockP_sysTickHandler            
20010cad  SemaphoreP_construct             
20010cfd  TimerCC32XX_allocateTimerResource
20010d99  PowerCC32XX_parkPin              
20010de5  atoi                             
20010e7d  snprintf                         
20010ec9  FlashDisable                     
20010f11  GPIO_disableInt                  
20010f59  GPIO_enableInt                   
20010fa1  PRCMLPDSEnter                    
20010fe9  PRCMPeripheralClkEnable          
20011031  Power_releaseConstraint          
20011079  initTimer                        
200110c1  __aeabi_d2iz                     
20011109  RingBuf_put                      
20011195  ClockP_stop                      
200111d9  PRCMLPDSRestoreInfoSet           
2001121d  PowerCC32XX_enterLPDS            
20011261  SemaphoreP_post                  
200112a5  SwiP_restore                     
200112e9  Timer_start                      
2001132d  UART_init                        
20011371  __TI_auto_init_nobinit_nopinit   
200113b5  ClockP_construct                 
200113f5  PinModeSet                       
20011435  RingBuf_get                      
20011475  TimerSupport_timerEnable         
200114b5  Timer_close                      
200114f5  UARTCC32XX_read                  
20011535  UART_open                        
200115b5  ClockP_destruct                  
200115f1  Power_setConstraint              
2001162d  initUART                         
200116a3  __aeabi_idiv0                    
200116a3  __aeabi_ldiv0                    
200116a5  PRCMLPDSEnterKeepDebugIf         
20011715  initVectors                      
20011785  __aeabi_f2iz                     
200117bd  __aeabi_i2f                      
200117f5  TimerControlStall                
2001182b  Timer_stop                       
20011861  UARTCC32XX_readCancel            
20011899  ClockP_getTicksUntilInterrupt    
200118cd  ClockP_startup                   
20011901  PinModeGet                       
20011935  PowerCC32XX_restoreParkState     
20011969  TimerCC32XX_freeTimerResource    
20011a05  ClockP_start                     
20011a35  PowerCC32XX_restoreParkedPin     
20011a95  __aeabi_i2d                      
20011ac5  PowerCC32XX_getParkState         
20011af1  HwiP_create                      
20011b1b  TimerLoadSet                     
20011b45  TimerPrescaleSet                 
20011b6f  I2CFIFODataPutNonBlocking        
20011b99  PRCMPeripheralClkDisable         
20011bc1  Power_registerNotify             
20011c11  I2CFIFODataGetNonBlocking        
20011c37  I2C_cancel                       
20011c5d  List_put                         
20011c83  List_remove                      
20011ca9  TimerSupport_timerLoad           
20011cd1  HwiP_dispatch                    
20011cf5  PowerCC32XX_reset                
20011d19  TimerSupport_timerDisable        
20011d3d  _c_int00_noargs                  
20011d61  I2CMasterSlaveAddrSet            
20011d83  HwiP_destruct                    
20011da5  Power_unregisterNotify           
20011dc5  RingBuf_peek                     
20011e05  I2CMasterIntStatusEx             
20011e23  SemaphoreP_constructBinary       
20011e41  TimerDisable                     
20011e5f  TimerEnable                      
20011e7d  PinToPadGet                      
20011e99  SwiP_disable                     
20011ed1  memccpy                          
20011eed  ClockP_create                    
20011f07  SemaphoreP_createBinary          
20011f21  resetISR                         
20011f34  resetVectorAddr                  
20011f3d  GPIO_setCallback                 
20011f55  I2CMasterBusBusy                 
20011f6d  I2CMasterIntDisableEx            
20011f85  I2CMasterIntEnableEx             
20011f9d  I2CRxFIFOFlush                   
20011fb5  I2CTxFIFOFlush                   
20011fcd  Power_getTransitionLatency       
20011fe5  Power_idleFunc                   
20011ffd  TimerIntDisable                  
20012015  TimerIntEnable                   
2001202d  UARTBusy                         
20012045  UARTIntEnable                    
2001205d  UART_Params_init                 
2001208d  __aeabi_lmul                     
200120a5  I2CMasterBurstLengthSet          
200120bb  PRCMHIBRegRead                   
200120d1  PRCMHIBRegWrite                  
200120e7  SemaphoreP_create                
200120fd  strchr                           
20012113  Board_init                       
20012127  CPUcpsid                         
2001213d  HwiP_inISR                       
20012151  I2CSupport_masterFinish          
20012165  I2C_transfer                     
20012179  IntVTableBaseSet                 
2001218d  Power_disablePolicy              
200121a1  Power_getDependencyCount         
200121c9  strlen                           
200121dd  HwiP_Params_init                 
200121ef  I2CMasterIntClearEx              
20012201  RingBuf_construct                
20012213  TimerIntClear                    
20012225  main                             
20012237  wcslen                           
20012249  ClockP_add                       
20012259  ClockP_delete                    
20012269  ClockP_getCpuFreq                
20012279  ClockP_getSystemTicks            
20012289  ClockP_setTicks                  
20012299  HwiP_delete                      
200122a9  HwiP_restore                     
200122b9  I2CFIFOStatus                    
200122c9  I2C_Params_init                  
200122d9  Power_enablePolicy               
200122e9  SemaphoreP_Params_init           
200122f9  TimerSupport_timerFullWidth      
20012309  Timer_Params_init                
20012319  gpioButtonFxn0                   
20012329  gpioButtonFxn1                   
20012349  HwiP_clearInterrupt              
20012357  HwiP_disable                     
20012365  HwiP_disableInterrupt            
20012373  HwiP_enable                      
20012373  NoRTOS_start                     
20012381  HwiP_enableInterrupt             
2001239d  RingBuf_isFull                   
200123ab  __TI_decompress_none             
200123c5  Power_getConstraintMask          
200123d1  copysign                         
200123d1  copysignl                        
200123dd  __TI_zero_init                   
20012401  timerCallback                    
2001240d  ClockP_Params_init               
20012417  ClockP_isActive                  
20012421  IntMasterDisable                 
2001242b  UART_write                       
2001243d  __aeabi_errno_addr               
20012445  malloc                           
2001245d  I2CSupport_powerRelConstraint    
20012463  I2CSupport_powerSetConstraint    
20012469  UtilsDelay                       
2001246f  ClockP_setTimeout                
20012473  HwiP_post                        
20012477  SemaphoreP_delete                
2001247b  _system_pre_init                 
2001247f  C$$EXIT                          
2001247f  abort                            
20012790  PowerCC32XX_module               
200128fc  parkInfo                         
200129f4  gpioPinConfigs                   
20012a78  txBuffer                         
20012a79  Button0_Flag                     
20012a7a  Button1_Flag                     
20012a7b  heat                             
20012a7c  cool                             
20012a7d  BF_STATE                         
20012a7e  TL_STATE                         
20012a7f  rxBuffer                         
20012a82  setpoint                         
20012a84  temperature                      
20012a88  uart                             
20012a8c  i2c                              
20012a90  timer0                           
20012a94  i2cTransaction                   
20012ab4  output                           
20012af4  _lock                            
20012af8  _unlock                          
20012b04  SemaphoreP_defaultParams         
20012b0c  HwiP_key                         
20012b10  HwiP_swiPIntNum                  
20012b14  ClockP_tickPeriod                
20012b1c  errno                            
20012b22  i                                
20012b23  TimerFlag                        
20012b28  _ctypes_                         
20012dd4  PowerCC32XX_config               
20012e18  UARTCC32XX_fxnTable              
20012e68  UART_defaultParams               
20012f3c  i2cCC32XXHWAttrs                 
20012f64  GPIO_config                      
20012f74  I2C_defaultParams                
20012fa4  timerCC32XXHWAttrs               
20012fc0  UART_config                      
20012fe4  GPIO_pinLowerBound               
20012fe5  GPIO_pinUpperBound               
20012fe6  CONFIG_GPIO_BUTTON_0_CONST       
20012fe7  CONFIG_GPIO_BUTTON_1_CONST       
20012fe8  CONFIG_GPIO_LED_0_CONST          
20012fe9  CONFIG_I2C_0_CONST               
20012fea  I2C_count                        
20012feb  CONFIG_TIMER_0_CONST             
20012fec  Timer_count                      
20012fed  CONFIG_UART_0_CONST              
20012fee  UART_count                       
20012ff0  I2C_config                       
20012ff8  Timer_config                     
20013008  PowerCC32XX_contextSave          
20013134  i2cCC32XXObjects                 
20013230  gpioCallbackFunctions            
200132b4  gpioUserArgs                     
20013338  timerCC32XXObjects               
200133bc  uartCC32XXObjects0               
20013478  ClockP_ctrl                      
200134a0  __TI_static_base__               
20013570  __TI_Handler_Table_Base          
2001357c  __TI_Handler_Table_Limit         
20013588  __TI_CINIT_Base                  
20013598  __TI_CINIT_Limit                 
ffffffff  __TI_pprof_out_hndl              
ffffffff  __TI_prof_data_size              
ffffffff  __TI_prof_data_start             
ffffffff  __binit__                        
ffffffff  __c_args__                       
ffffffff  binit                            
UNDEFED   ITM_flush                        
UNDEFED   ITM_restore                      
UNDEFED   __mpu_init                       
UNDEFED   _system_post_cinit               

[316 symbols]
