******************************************************************************
                  TI ARM Linker PC v20.2.5                     
******************************************************************************
>> Linked Fri Jan 21 18:00:05 2022

OUTPUT FILE NAME:   <gpiointerrupt_CC3220S_LAUNCHXL_nortos_ccs.out>
ENTRY POINT SYMBOL: "resetISR"  address: 20011f51


MEMORY CONFIGURATION

         name            origin    length      used     unused   attr    fill
----------------------  --------  ---------  --------  --------  ----  --------
  SRAM2                 20000000   00004000  0000130c  00002cf4  RW X
  SRAM                  20004000   0003c000  0000f5c3  0002ca3d  RW X
  LOG_DATA              90000000   00040000  00000000  00040000  R   


SEGMENT ALLOCATION MAP

run origin  load origin   length   init length attrs members
----------  ----------- ---------- ----------- ----- -------
20003000    20003000    00001000   00000000    rw-
  20003000    20003000    00001000   00000000    rw- .stack
20004000    20004000    00000040   00000040    r--
  20004000    20004000    00000040   00000040    r-- .resetVecs
20004040    20004040    00008000   00000000    rw-
  20004040    20004040    00008000   00000000    rw- .sysmem
2000c040    2000c040    00006472   00006472    r-x
  2000c040    2000c040    00006472   00006472    r-x .text
200124b4    200124b4    000006a1   00000000    rw-
  200124b4    200124b4    000006a1   00000000    rw- .data
20012b58    20012b58    000004e0   000004e0    r--
  20012b58    20012b58    000004e0   000004e0    r-- .const
20013038    20013038    00000498   00000000    rw-
  20013038    20013038    00000498   00000000    rw- .bss
200134d0    200134d0    000000f8   000000f8    r--
  200134d0    200134d0    000000f8   000000f8    r-- .cinit


SECTION ALLOCATION MAP

 output                                  attributes/
section   page    origin      length       input sections
--------  ----  ----------  ----------   ----------------
.text      0    2000c040    00006472     
                  2000c040    00000a4e     rtsv7M4_T_le_eabi.lib : _printfi.c.obj (.text:__TI_printfi)
                  2000ca8e    00000002     ti_drivers_config.obj (.text:Board_initHook)
                  2000ca90    0000042c     driverlib.a : prcm.obj (.text:PRCMCC3200MCUInit)
                  2000cebc    00000288     drivers_cc32xx.a : UARTCC32XX.oem4 (.text:UARTCC32XX_open)
                  2000d144    00000268     rtsv7M4_T_le_eabi.lib : _printfi.c.obj (.text:_pconv_a)
                  2000d3ac    000001cc                           : _printfi.c.obj (.text:_pconv_g)
                  2000d578    000001c8     gpiointerrupt.obj (.text:initI2C)
                  2000d740    000001b6     rtsv7M4_T_le_eabi.lib : fd_add_t2.asm.obj (.text)
                  2000d8f6    00000002     drivers_cc32xx.a : I2C.oem4 (.text:I2C_init)
                  2000d8f8    0000019c     nortos_cc32xx.a : PowerCC32XX_nortos.oem4 (.text:PowerCC32XX_sleepPolicy)
                  2000da94    00000154     drivers_cc32xx.a : GPIOCC32XX.oem4 (.text:GPIO_setConfig)
                  2000dbe8    00000150     gpiointerrupt.obj (.text:mainThread)
                  2000dd38    00000148     drivers_cc32xx.a : I2CCC32XX.oem4 (.text:I2CCC32XX_hwiFxn)
                  2000de80    00000148                      : PowerCC32XX.oem4 (.text:parkPins)
                  2000dfc8    0000013c     rtsv7M4_T_le_eabi.lib : _printfi.c.obj (.text:_pconv_e)
                  2000e104    00000138     drivers_cc32xx.a : PowerCC32XX.oem4 (.text:Power_sleep)
                  2000e23c    00000138                      : TimerCC32XX.oem4 (.text:Timer_open)
                  2000e374    00000136     rtsv7M4_T_le_eabi.lib : fd_div_t2.asm.obj (.text)
                  2000e4aa    00000122     drivers_cc32xx.a : I2C.oem4 (.text:I2C_transferTimeout)
                  2000e5cc    00000120                      : UARTCC32XX.oem4 (.text:UARTCC32XX_close)
                  2000e6ec    00000120     rtsv7M4_T_le_eabi.lib : _printfi.c.obj (.text:fcvt)
                  2000e80c    00000100                           : memory.c.obj (.text:aligned_alloc)
                  2000e90c    000000fc     drivers_cc32xx.a : I2CCC32XX.oem4 (.text:I2C_open)
                  2000ea08    000000fc     rtsv7M4_T_le_eabi.lib : fd_mul_t2.asm.obj (.text)
                  2000eb04    000000f2     drivers_cc32xx.a : UARTCC32XX.oem4 (.text:UARTCC32XX_control)
                  2000ebf6    00000002     nortos_cc32xx.a : PowerCC32XX_nortos.oem4 (.text:PowerCC32XX_initPolicy)
                  2000ebf8    000000ec     gpiointerrupt.obj (.text:readTemp)
                  2000ece4    000000e4     rtsv7M4_T_le_eabi.lib : memory.c.obj (.text:free)
                  2000edc8    000000d0                           : s_scalbn.c.obj (.text:scalbn)
                  2000ee98    000000ca     drivers_cc32xx.a : UARTCC32XX.oem4 (.text:UARTCC32XX_write)
                  2000ef62    00000002     nortos_cc32xx.a : SemaphoreP_nortos.oem4 (.text:SemaphoreP_destruct)
                  2000ef64    000000c0     drivers_cc32xx.a : PowerCC32XX.oem4 (.text:restoreParkedPins)
                  2000f024    000000ba                      : UARTCC32XX.oem4 (.text:UARTCC32XX_readPolling)
                  2000f0de    00000002                      : Timer.oem4 (.text:Timer_init)
                  2000f0e0    000000b8                      : UARTCC32XX.oem4 (.text:initHw)
                  2000f198    000000b6                      : UARTCC32XX.oem4 (.text:readTaskCallback)
                  2000f24e    000000b2                      : I2CCC32XX.oem4 (.text:I2CCC32XX_completeTransfer)
                  2000f300    000000b1     rtsv7M4_T_le_eabi.lib : _printfi.c.obj (.text:_ltostr)
                  2000f3b1    00000001     --HOLE-- [fill = 0]
                  2000f3b2    000000b0     drivers_cc32xx.a : UARTCC32XX.oem4 (.text:readTaskBlocking)
                  2000f462    000000ae                      : UARTCC32XX.oem4 (.text:readIsrTextBlocking)
                  2000f510    000000a8                      : I2CCC32XX.oem4 (.text:I2CCC32XX_primeWriteBurst)
                  2000f5b8    000000a8     driverlib.a : interrupt.obj (.text:IntEnable)
                  2000f660    000000a8     drivers_cc32xx.a : PowerCC32XX.oem4 (.text:PowerCC32XX_configureWakeup)
                  2000f708    000000a2                      : UARTCC32XX.oem4 (.text:readIsrTextCallback)
                  2000f7aa    000000a2                      : UARTCC32XX.oem4 (.text:writeData)
                  2000f84c    000000a0     nortos_cc32xx.a : SemaphoreP_nortos.oem4 (.text:SemaphoreP_pend)
                  2000f8ec    0000009c     drivers_cc32xx.a : I2CCC32XX.oem4 (.text:I2CCC32XX_initHw)
                  2000f988    0000009c     rtsv7M4_T_le_eabi.lib : memcpy_t2.asm.obj (.text)
                  2000fa24    00000096                           : ull_div_t2.asm.obj (.text)
                  2000faba    00000002     drivers_cc32xx.a : UARTCC32XX.oem4 (.text:UARTCC32XX_init)
                  2000fabc    00000090                      : GPIOCC32XX.oem4 (.text:GPIO_init)
                  2000fb4c    00000090                      : PowerCC32XX.oem4 (.text:restoreNVICRegs)
                  2000fbdc    0000008c     nortos_cc32xx.a : HwiPCC32XX_nortos.oem4 (.text:HwiP_construct)
                  2000fc68    00000088     driverlib.a : interrupt.obj (.text:IntPendSet)
                  2000fcf0    00000088                 : pin.obj (.text:PinConfigSet)
                  2000fd78    00000088     gpiointerrupt.obj (.text:TickFct_TmpLED)
                  2000fe00    00000086     rtsv7M4_T_le_eabi.lib : fd_cmp_t2.asm.obj (.text:__aeabi_cdcmple)
                  2000fe86    00000086                           : fd_cmp_t2.asm.obj (.text:__aeabi_cdrcmple)
                  2000ff0c    00000084     drivers_cc32xx.a : PowerCC32XX.oem4 (.text:Power_init)
                  2000ff90    00000084                      : PowerCC32XX.oem4 (.text:saveNVICRegs)
                  20010014    00000080                      : GPIOCC32XX.oem4 (.text:GPIO_write)
                  20010094    00000080                      : PowerCC32XX.oem4 (.text:Power_setDependency)
                  20010114    0000007c                      : UARTCC32XX.oem4 (.text:readIsrBinaryBlocking)
                  20010190    0000007a                      : I2CCC32XX.oem4 (.text:I2CCC32XX_primeReadBurst)
                  2001020a    0000007a     rtsv7M4_T_le_eabi.lib : fs_mul_t2.asm.obj (.text)
                  20010284    0000007a                           : memset_t2.asm.obj (.text)
                  200102fe    00000078     drivers_cc32xx.a : UARTCC32XX.oem4 (.text:readIsrBinaryCallback)
                  20010376    00000074                      : UARTCC32XX.oem4 (.text:UARTCC32XX_hwiIntFxn)
                  200103ea    00000002     rtsv7M4_T_le_eabi.lib : _lock.c.obj (.text:_nop)
                  200103ec    00000074     drivers_cc32xx.a : GPIOCC32XX.oem4 (.text:powerNotifyFxn)
                  20010460    00000070     rtsv7M4_T_le_eabi.lib : memory.c.obj (.text:split)
                  200104d0    0000006e                           : _printfi.c.obj (.text:_mcpy)
                  2001053e    0000006a     drivers_cc32xx.a : I2CCC32XX.oem4 (.text:I2CSupport_primeTransfer)
                  200105a8    00000068                      : Timer.oem4 (.text:Timer_setPeriod)
                  20010610    00000068     rtsv7M4_T_le_eabi.lib : copy_decompress_lzss.c.obj (.text:decompress:lzss:__TI_decompress_lzss)
                  20010678    00000066     drivers_cc32xx.a : UARTCC32XX.oem4 (.text:UARTCC32XX_writeCancel)
                  200106de    00000002     nortos_cc32xx.a : startup_cc32xx_ccs.oem4 (.text:busFaultHandler)
                  200106e0    00000064     drivers_cc32xx.a : GPIOCC32XX.oem4 (.text:GPIO_setInterruptConfig)
                  20010744    00000064                      : PowerCC32XX.oem4 (.text:PowerCC32XX_setParkState)
                  200107a8    00000064     gpiointerrupt.obj (.text:TickFct_ButtonFlag)
                  2001080c    00000062     drivers_cc32xx.a : UARTCC32XX.oem4 (.text:UARTCC32XX_writePolling)
                  2001086e    00000002     nortos_cc32xx.a : SemaphoreP_nortos.oem4 (.text:clkFxn)
                  20010870    00000060     drivers_cc32xx.a : GPIOCC32XX.oem4 (.text:GPIO_hwiIntFxn)
                  200108d0    00000060     driverlib.a : prcm.obj (.text:PRCMSysResetCauseGet)
                  20010930    0000005c     rtsv7M4_T_le_eabi.lib : s_frexp.c.obj (.text:frexp)
                  2001098c    0000005c     nortos_cc32xx.a : ClockPSysTick_nortos.oem4 (.text:sysTickInit)
                  200109e8    00000058     driverlib.a : prcm.obj (.text:PRCMPeripheralReset)
                  20010a40    00000058     drivers_cc32xx.a : PowerCC32XX.oem4 (.text:Power_releaseDependency)
                  20010a98    00000056     rtsv7M4_T_le_eabi.lib : _printfi.c.obj (.text:_pconv_f)
                  20010aee    00000054                           : _ltoa.c.obj (.text:__TI_ltoa)
                  20010b42    00000054     drivers_cc32xx.a : UARTCC32XX.oem4 (.text:ringBufGet)
                  20010b96    00000052                      : PowerCC32XX_asm.oem4 (.text:PowerCC32XX_resumeLPDS)
                  20010be8    00000052     rtsv7M4_T_le_eabi.lib : _printfi.c.obj (.text:_ecpy)
                  20010c3a    00000052     drivers_cc32xx.a : TimerCC32XX.oem4 (.text:initHw)
                  20010c8c    00000050     nortos_cc32xx.a : ClockPSysTick_nortos.oem4 (.text:ClockP_sysTickHandler)
                  20010cdc    00000050                     : SemaphoreP_nortos.oem4 (.text:SemaphoreP_construct)
                  20010d2c    00000050     drivers_cc32xx.a : TimerCC32XX.oem4 (.text:TimerCC32XX_allocateTimerResource)
                  20010d7c    0000004c                      : I2CCC32XX.oem4 (.text:I2CCC32XX_readRecieveFifo)
                  20010dc8    0000004c                      : PowerCC32XX.oem4 (.text:PowerCC32XX_parkPin)
                  20010e14    0000004c     rtsv7M4_T_le_eabi.lib : atoi.c.obj (.text:atoi)
                  20010e60    0000004c     drivers_cc32xx.a : PowerCC32XX.oem4 (.text:restorePeriphClocks)
                  20010eac    0000004c     rtsv7M4_T_le_eabi.lib : snprintf.c.obj (.text:snprintf)
                  20010ef8    00000048     driverlib.a : flash.obj (.text:FlashDisable)
                  20010f40    00000048     drivers_cc32xx.a : GPIOCC32XX.oem4 (.text:GPIO_disableInt)
                  20010f88    00000048                      : GPIOCC32XX.oem4 (.text:GPIO_enableInt)
                  20010fd0    00000048     driverlib.a : prcm.obj (.text:PRCMLPDSEnter)
                  20011018    00000048                 : prcm.obj (.text:PRCMPeripheralClkEnable)
                  20011060    00000048     drivers_cc32xx.a : PowerCC32XX.oem4 (.text:Power_releaseConstraint)
                  200110a8    00000048     gpiointerrupt.obj (.text:initTimer)
                  200110f0    00000048     rtsv7M4_T_le_eabi.lib : fd_toi_t2.asm.obj (.text)
                  20011138    00000046     drivers_cc32xx.a : RingBuf.oem4 (.text:RingBuf_put)
                  2001117e    00000046                      : TimerCC32XX.oem4 (.text:getPrescaler)
                  200111c4    00000044     nortos_cc32xx.a : ClockPSysTick_nortos.oem4 (.text:ClockP_stop)
                  20011208    00000044     driverlib.a : prcm.obj (.text:PRCMLPDSRestoreInfoSet)
                  2001124c    00000044     drivers_cc32xx.a : PowerCC32XX_asm.oem4 (.text:PowerCC32XX_enterLPDS)
                  20011290    00000044     nortos_cc32xx.a : SemaphoreP_nortos.oem4 (.text:SemaphoreP_post)
                  200112d4    00000044                     : SwiP_nortos.oem4 (.text:SwiP_restore)
                  20011318    00000044     drivers_cc32xx.a : Timer.oem4 (.text:Timer_start)
                  2001135c    00000044                      : UART.oem4 (.text:UART_init)
                  200113a0    00000044     rtsv7M4_T_le_eabi.lib : autoinit.c.obj (.text:__TI_auto_init_nobinit_nopinit:__TI_auto_init_nobinit_nopinit)
                  200113e4    00000040     nortos_cc32xx.a : ClockPSysTick_nortos.oem4 (.text:ClockP_construct)
                  20011424    00000040     driverlib.a : pin.obj (.text:PinModeSet)
                  20011464    00000040     drivers_cc32xx.a : RingBuf.oem4 (.text:RingBuf_get)
                  200114a4    00000040                      : TimerCC32XX.oem4 (.text:TimerSupport_timerEnable)
                  200114e4    00000040                      : TimerCC32XX.oem4 (.text:Timer_close)
                  20011524    00000040                      : UARTCC32XX.oem4 (.text:UARTCC32XX_read)
                  20011564    00000040                      : UART.oem4 (.text:UART_open)
                  200115a4    0000003e     rtsv7M4_T_le_eabi.lib : _printfi.c.obj (.text:_fcpy)
                  200115e2    00000002     nortos_cc32xx.a : startup_cc32xx_ccs.oem4 (.text:defaultHandler)
                  200115e4    0000003c                     : ClockPSysTick_nortos.oem4 (.text:ClockP_destruct)
                  20011620    0000003c     drivers_cc32xx.a : PowerCC32XX.oem4 (.text:Power_setConstraint)
                  2001165c    0000003c     gpiointerrupt.obj (.text:initUART)
                  20011698    0000003a     nortos_cc32xx.a : PowerCC32XX_nortos.oem4 (.text:getCountsRTC)
                  200116d2    00000002                     : startup_cc32xx_ccs.oem4 (.text:faultISR)
                  200116d4    00000038     driverlib.a : prcm.obj (.text:PRCMLPDSEnterKeepDebugIf)
                  2001170c    00000038     nortos_cc32xx.a : ClockPSysTick_nortos.oem4 (.text:addToList)
                  20011744    00000038                     : startup_cc32xx_ccs.oem4 (.text:initVectors)
                  2001177c    00000038     drivers_cc32xx.a : PowerCC32XX.oem4 (.text:notify)
                  200117b4    00000038     rtsv7M4_T_le_eabi.lib : fs_toi_t2.asm.obj (.text)
                  200117ec    00000038                           : i_tofs_t2.asm.obj (.text)
                  20011824    00000036     driverlib.a : timer.obj (.text:TimerControlStall)
                  2001185a    00000036     drivers_cc32xx.a : Timer.oem4 (.text:Timer_stop)
                  20011890    00000036                      : UARTCC32XX.oem4 (.text:UARTCC32XX_readCancel)
                  200118c6    00000002     nortos_cc32xx.a : startup_cc32xx_ccs.oem4 (.text:nmiISR)
                  200118c8    00000034                     : ClockPSysTick_nortos.oem4 (.text:ClockP_getTicksUntilInterrupt)
                  200118fc    00000034                     : ClockPSysTick_nortos.oem4 (.text:ClockP_startup)
                  20011930    00000034     driverlib.a : pin.obj (.text:PinModeGet)
                  20011964    00000034     drivers_cc32xx.a : PowerCC32XX.oem4 (.text:PowerCC32XX_restoreParkState)
                  20011998    00000034                      : TimerCC32XX.oem4 (.text:TimerCC32XX_freeTimerResource)
                  200119cc    00000034                      : TimerCC32XX.oem4 (.text:TimerCC32XX_hwiIntFunction)
                  20011a00    00000034                      : TimerCC32XX.oem4 (.text:getPowerMgrId)
                  20011a34    00000030     nortos_cc32xx.a : ClockPSysTick_nortos.oem4 (.text:ClockP_start)
                  20011a64    00000030     drivers_cc32xx.a : PowerCC32XX.oem4 (.text:PowerCC32XX_restoreParkedPin)
                  20011a94    00000030     rtsv7M4_T_le_eabi.lib : snprintf.c.obj (.text:_outs)
                  20011ac4    0000002e                           : i_tofd_t2.asm.obj (.text)
                  20011af2    00000002                           : div0.asm.obj (.text)
                  20011af4    0000002c     drivers_cc32xx.a : PowerCC32XX.oem4 (.text:PowerCC32XX_getParkState)
                  20011b20    0000002a     nortos_cc32xx.a : HwiPCC32XX_nortos.oem4 (.text:HwiP_create)
                  20011b4a    0000002a     driverlib.a : timer.obj (.text:TimerLoadSet)
                  20011b74    0000002a                 : timer.obj (.text:TimerPrescaleSet)
                  20011b9e    00000028                 : i2c.obj (.text:I2CFIFODataPutNonBlocking)
                  20011bc6    00000002     --HOLE-- [fill = 0]
                  20011bc8    00000028                 : prcm.obj (.text:PRCMPeripheralClkDisable)
                  20011bf0    00000028     drivers_cc32xx.a : PowerCC32XX.oem4 (.text:Power_registerNotify)
                  20011c18    00000028     rtsv7M4_T_le_eabi.lib : memory.c.obj (.text:free_list_insert)
                  20011c40    00000026     driverlib.a : i2c.obj (.text:I2CFIFODataGetNonBlocking)
                  20011c66    00000026     drivers_cc32xx.a : I2C.oem4 (.text:I2C_cancel)
                  20011c8c    00000026                      : List.oem4 (.text:List_put)
                  20011cb2    00000026                      : List.oem4 (.text:List_remove)
                  20011cd8    00000026                      : TimerCC32XX.oem4 (.text:TimerSupport_timerLoad)
                  20011cfe    00000002     --HOLE-- [fill = 0]
                  20011d00    00000024     nortos_cc32xx.a : HwiPCC32XX_nortos.oem4 (.text:HwiP_dispatch)
                  20011d24    00000024     drivers_cc32xx.a : PowerCC32XX.oem4 (.text:PowerCC32XX_reset)
                  20011d48    00000024                      : TimerCC32XX.oem4 (.text:TimerSupport_timerDisable)
                  20011d6c    00000024     rtsv7M4_T_le_eabi.lib : boot_cortex_m.c.obj (.text:_c_int00_noargs:_c_int00_noargs)
                  20011d90    00000022     driverlib.a : i2c.obj (.text:I2CMasterSlaveAddrSet)
                  20011db2    00000020     nortos_cc32xx.a : HwiPCC32XX_nortos.oem4 (.text:HwiP_destruct)
                  20011dd2    00000002     --HOLE-- [fill = 0]
                  20011dd4    00000020     drivers_cc32xx.a : PowerCC32XX.oem4 (.text:Power_unregisterNotify)
                  20011df4    00000020                      : RingBuf.oem4 (.text:RingBuf_peek)
                  20011e14    00000020                      : UARTCC32XX.oem4 (.text:getPowerMgrId)
                  20011e34    0000001e     driverlib.a : i2c.obj (.text:I2CMasterIntStatusEx)
                  20011e52    0000001e     nortos_cc32xx.a : SemaphoreP_nortos.oem4 (.text:SemaphoreP_constructBinary)
                  20011e70    0000001e     driverlib.a : timer.obj (.text:TimerDisable)
                  20011e8e    0000001e                 : timer.obj (.text:TimerEnable)
                  20011eac    0000001c                 : pin.obj (.text:PinToPadGet)
                  20011ec8    0000001c     nortos_cc32xx.a : SwiP_nortos.oem4 (.text:SwiP_disable)
                  20011ee4    0000001c     rtsv7M4_T_le_eabi.lib : memory.c.obj (.text:free_list_remove)
                  20011f00    0000001c                           : memccpy.c.obj (.text:memccpy)
                  20011f1c    0000001a     nortos_cc32xx.a : ClockPSysTick_nortos.oem4 (.text:ClockP_create)
                  20011f36    0000001a                     : SemaphoreP_nortos.oem4 (.text:SemaphoreP_createBinary)
                  20011f50    0000001a                     : startup_cc32xx_ccs.oem4 (.text:resetISR)
                  20011f6a    00000002     --HOLE-- [fill = 0]
                  20011f6c    00000018     drivers_cc32xx.a : GPIO.oem4 (.text:GPIO_setCallback)
                  20011f84    00000018     driverlib.a : i2c.obj (.text:I2CMasterBusBusy)
                  20011f9c    00000018                 : i2c.obj (.text:I2CMasterIntDisableEx)
                  20011fb4    00000018                 : i2c.obj (.text:I2CMasterIntEnableEx)
                  20011fcc    00000018                 : i2c.obj (.text:I2CRxFIFOFlush)
                  20011fe4    00000018                 : i2c.obj (.text:I2CTxFIFOFlush)
                  20011ffc    00000018     drivers_cc32xx.a : PowerCC32XX.oem4 (.text:Power_getTransitionLatency)
                  20012014    00000018                      : PowerCC32XX.oem4 (.text:Power_idleFunc)
                  2001202c    00000018     driverlib.a : timer.obj (.text:TimerIntDisable)
                  20012044    00000018                 : timer.obj (.text:TimerIntEnable)
                  2001205c    00000018                 : uart.obj (.text:UARTBusy)
                  20012074    00000018                 : uart.obj (.text:UARTIntEnable)
                  2001208c    00000018     drivers_cc32xx.a : UART.oem4 (.text:UART_Params_init)
                  200120a4    00000018     rtsv7M4_T_le_eabi.lib : snprintf.c.obj (.text:_outc)
                  200120bc    00000018                           : ll_mul_t2.asm.obj (.text)
                  200120d4    00000016     driverlib.a : i2c.obj (.text:I2CMasterBurstLengthSet)
                  200120ea    00000016                 : prcm.obj (.text:PRCMHIBRegRead)
                  20012100    00000016                 : prcm.obj (.text:PRCMHIBRegWrite)
                  20012116    00000016     nortos_cc32xx.a : SemaphoreP_nortos.oem4 (.text:SemaphoreP_create)
                  2001212c    00000016     rtsv7M4_T_le_eabi.lib : strchr.c.obj (.text:strchr)
                  20012142    00000014     ti_drivers_config.obj (.text:Board_init)
                  20012156    00000014     driverlib.a : cpu.obj (.text:CPUcpsid)
                  2001216a    00000002     --HOLE-- [fill = 0]
                  2001216c    00000014     nortos_cc32xx.a : HwiPCC32XX_nortos.oem4 (.text:HwiP_inISR)
                  20012180    00000014     drivers_cc32xx.a : I2CCC32XX.oem4 (.text:I2CSupport_masterFinish)
                  20012194    00000014                      : I2C.oem4 (.text:I2C_transfer)
                  200121a8    00000014     driverlib.a : interrupt.obj (.text:IntVTableBaseSet)
                  200121bc    00000014     drivers_cc32xx.a : PowerCC32XX.oem4 (.text:Power_disablePolicy)
                  200121d0    00000014                      : PowerCC32XX.oem4 (.text:Power_getDependencyCount)
                  200121e4    00000014                      : UARTCC32XX.oem4 (.text:releasePowerConstraint)
                  200121f8    00000014     rtsv7M4_T_le_eabi.lib : strlen.c.obj (.text:strlen)
                  2001220c    00000012     nortos_cc32xx.a : HwiPCC32XX_nortos.oem4 (.text:HwiP_Params_init)
                  2001221e    00000012     driverlib.a : i2c.obj (.text:I2CMasterIntClearEx)
                  20012230    00000012     drivers_cc32xx.a : RingBuf.oem4 (.text:RingBuf_construct)
                  20012242    00000012     driverlib.a : timer.obj (.text:TimerIntClear)
                  20012254    00000012     main_nortos.obj (.text:main)
                  20012266    00000012     rtsv7M4_T_le_eabi.lib : wcslen.c.obj (.text:wcslen)
                  20012278    00000010     nortos_cc32xx.a : ClockPSysTick_nortos.oem4 (.text:ClockP_add)
                  20012288    00000010                     : ClockPSysTick_nortos.oem4 (.text:ClockP_delete)
                  20012298    00000010                     : ClockPSysTick_nortos.oem4 (.text:ClockP_getCpuFreq)
                  200122a8    00000010                     : ClockPSysTick_nortos.oem4 (.text:ClockP_getSystemTicks)
                  200122b8    00000010                     : ClockPSysTick_nortos.oem4 (.text:ClockP_setTicks)
                  200122c8    00000010                     : HwiPCC32XX_nortos.oem4 (.text:HwiP_delete)
                  200122d8    00000010                     : HwiPCC32XX_nortos.oem4 (.text:HwiP_restore)
                  200122e8    00000010     driverlib.a : i2c.obj (.text:I2CFIFOStatus)
                  200122f8    00000010     drivers_cc32xx.a : I2C.oem4 (.text:I2C_Params_init)
                  20012308    00000010                      : PowerCC32XX.oem4 (.text:Power_enablePolicy)
                  20012318    00000010     nortos_cc32xx.a : SemaphoreP_nortos.oem4 (.text:SemaphoreP_Params_init)
                  20012328    00000010     drivers_cc32xx.a : TimerCC32XX.oem4 (.text:TimerSupport_timerFullWidth)
                  20012338    00000010                      : Timer.oem4 (.text:Timer_Params_init)
                  20012348    00000010     gpiointerrupt.obj (.text:gpioButtonFxn0)
                  20012358    00000010     gpiointerrupt.obj (.text:gpioButtonFxn1)
                  20012368    00000010     drivers_cc32xx.a : UARTCC32XX.oem4 (.text:readBlockingTimeout)
                  20012378    0000000e     nortos_cc32xx.a : HwiPCC32XX_nortos.oem4 (.text:HwiP_clearInterrupt)
                  20012386    0000000e                     : HwiPCC32XX_nortos.oem4 (.text:HwiP_disable)
                  20012394    0000000e                     : HwiPCC32XX_nortos.oem4 (.text:HwiP_disableInterrupt)
                  200123a2    0000000e                     : HwiPCC32XX_nortos.oem4 (.text:HwiP_enable)
                  200123b0    0000000e                     : HwiPCC32XX_nortos.oem4 (.text:HwiP_enableInterrupt)
                  200123be    0000000e     drivers_cc32xx.a : I2CCC32XX.oem4 (.text:I2CCC32XX_updateReg)
                  200123cc    0000000e                      : RingBuf.oem4 (.text:RingBuf_isFull)
                  200123da    0000000e     rtsv7M4_T_le_eabi.lib : copy_decompress_none.c.obj (.text:decompress:none:__TI_decompress_none)
                  200123e8    0000000c     drivers_cc32xx.a : I2CCC32XX.oem4 (.text:I2CCC32XX_postNotify)
                  200123f4    0000000c                      : PowerCC32XX.oem4 (.text:Power_getConstraintMask)
                  20012400    0000000c     rtsv7M4_T_le_eabi.lib : s_copysign.c.obj (.text:copysign)
                  2001240c    0000000c                           : copy_zero_init.c.obj (.text:decompress:ZI:__TI_zero_init)
                  20012418    0000000c     drivers_cc32xx.a : TimerCC32XX.oem4 (.text:postNotifyFxn)
                  20012424    0000000c                      : UARTCC32XX.oem4 (.text:postNotifyFxn)
                  20012430    0000000c     gpiointerrupt.obj (.text:timerCallback)
                  2001243c    0000000a     nortos_cc32xx.a : ClockPSysTick_nortos.oem4 (.text:ClockP_Params_init)
                  20012446    0000000a                     : ClockPSysTick_nortos.oem4 (.text:ClockP_isActive)
                  20012450    0000000a     driverlib.a : interrupt.obj (.text:IntMasterDisable)
                  2001245a    0000000a     drivers_cc32xx.a : UART.oem4 (.text:UART_write)
                  20012464    00000008                      : I2CCC32XX.oem4 (.text:I2CCC32XX_blockingCallback)
                  2001246c    00000008     rtsv7M4_T_le_eabi.lib : errno.c.obj (.text:__aeabi_errno_addr)
                  20012474    00000008                           : memory.c.obj (.text:malloc)
                  2001247c    00000008     drivers_cc32xx.a : UARTCC32XX.oem4 (.text:readSemCallback)
                  20012484    00000008                      : UARTCC32XX.oem4 (.text:writeSemCallback)
                  2001248c    00000006                      : I2CCC32XX.oem4 (.text:I2CSupport_powerRelConstraint)
                  20012492    00000006                      : I2CCC32XX.oem4 (.text:I2CSupport_powerSetConstraint)
                  20012498    00000006     driverlib.a : utils.obj (.text:UtilsDelay)
                  2001249e    00000004     nortos_cc32xx.a : ClockPSysTick_nortos.oem4 (.text:ClockP_setTimeout)
                  200124a2    00000004                     : HwiPCC32XX_nortos.oem4 (.text:HwiP_post)
                  200124a6    00000004                     : SemaphoreP_nortos.oem4 (.text:SemaphoreP_delete)
                  200124aa    00000004     rtsv7M4_T_le_eabi.lib : pre_init.c.obj (.text:_system_pre_init)
                  200124ae    00000004                           : exit.c.obj (.text:abort:abort)

.const     0    20012b58    000004e0     
                  20012b58    00000101     rtsv7M4_T_le_eabi.lib : ctype.c.obj (.const:.string:_ctypes_)
                  20012c59    00000003     --HOLE-- [fill = 0]
                  20012c5c    00000100     driverlib.a : pin.obj (.const:g_ulPinToPadMap)
                  20012d5c    000000a8                 : prcm.obj (.const:PRCM_PeriphRegsList)
                  20012e04    00000044     ti_drivers_config.obj (.const:PowerCC32XX_config)
                  20012e48    00000028     drivers_cc32xx.a : UARTCC32XX.oem4 (.const:UARTCC32XX_fxnTable)
                  20012e70    00000028                      : GPIOCC32XX.oem4 (.const:portConfigs)
                  20012e98    00000024                      : UART.oem4 (.const:UART_defaultParams)
                  20012ebc    00000024     ti_drivers_config.obj (.const:uartCC32XXHWAttrs0)
                  20012ee0    00000021     drivers_cc32xx.a : GPIOCC32XX.oem4 (.const:.string:pinTable)
                  20012f01    00000003     --HOLE-- [fill = 0]
                  20012f04    00000020                      : UARTCC32XX.oem4 (.const:staticFxnTable)
                  20012f24    00000018     driverlib.a : interrupt.obj (.const:g_pulEnRegs)
                  20012f3c    00000018                 : interrupt.obj (.const:g_pulPendRegs)
                  20012f54    00000018     gpiointerrupt.obj (.const:sensors)
                  20012f6c    00000014     ti_drivers_config.obj (.const:i2cCC32XXHWAttrs)
                  20012f80    00000014     drivers_cc32xx.a : UARTCC32XX.oem4 (.const:parityType)
                  20012f94    00000010     ti_drivers_config.obj (.const:GPIO_config)
                  20012fa4    00000010     drivers_cc32xx.a : I2C.oem4 (.const:I2C_defaultParams)
                  20012fb4    00000010                      : I2CCC32XX.oem4 (.const:I2C_defaultParams)
                  20012fc4    00000010                      : UARTCC32XX.oem4 (.const:dataLength)
                  20012fd4    00000010     ti_drivers_config.obj (.const:timerCC32XXHWAttrs)
                  20012fe4    0000000c     gpiointerrupt.obj (.const:.string)
                  20012ff0    0000000c     ti_drivers_config.obj (.const:UART_config)
                  20012ffc    0000000c     drivers_cc32xx.a : Timer.oem4 (.const:defaultParams)
                  20013008    0000000c                      : TimerCC32XX.oem4 (.const:defaultParams)
                  20013014    0000000b     ti_drivers_config.obj (.const)
                  2001301f    00000001     --HOLE-- [fill = 0]
                  20013020    00000008     ti_drivers_config.obj (.const:I2C_config)
                  20013028    00000008     ti_drivers_config.obj (.const:Timer_config)
                  20013030    00000008     drivers_cc32xx.a : UARTCC32XX.oem4 (.const:stopBits)

.cinit     0    200134d0    000000f8     
                  200134d0    000000cf     (.cinit..data.load) [load image, compression = lzss]
                  2001359f    00000001     --HOLE-- [fill = 0]
                  200135a0    0000000c     (__TI_handler_table)
                  200135ac    00000004     --HOLE-- [fill = 0]
                  200135b0    00000008     (.cinit..bss.load) [load image, compression = zero_init]
                  200135b8    00000010     (__TI_cinit_table)

.init_array 
*          0    20004000    00000000     UNINITIALIZED

.ramVecs   0    20000000    0000030c     NOLOAD SECTION
                  20000000    0000030c     nortos_cc32xx.a : startup_cc32xx_ccs.oem4 (.ramVecs)

.stack     0    20003000    00001000     UNINITIALIZED
                  20003000    00000004     rtsv7M4_T_le_eabi.lib : boot_cortex_m.c.obj (.stack)
                  20003004    00000ffc     --HOLE--

.resetVecs 
*          0    20004000    00000040     
                  20004000    00000040     nortos_cc32xx.a : startup_cc32xx_ccs.oem4 (.resetVecs:retain)

.sysmem    0    20004040    00008000     UNINITIALIZED
                  20004040    00000010     rtsv7M4_T_le_eabi.lib : memory.c.obj (.sysmem)
                  20004050    00007ff0     --HOLE--

.data      0    200124b4    000006a1     UNINITIALIZED
                  200124b4    0000030c     nortos_cc32xx.a : HwiPCC32XX_nortos.oem4 (.data:HwiP_dispatchTable)
                  200127c0    0000016c     drivers_cc32xx.a : PowerCC32XX.oem4 (.data:PowerCC32XX_module)
                  2001292c    000000f8     ti_drivers_config.obj (.data:parkInfo)
                  20012a24    00000084     ti_drivers_config.obj (.data:gpioPinConfigs)
                  20012aa8    0000007c     gpiointerrupt.obj (.data:$O1$$)
                  20012b24    00000008     rtsv7M4_T_le_eabi.lib : _lock.c.obj (.data:$O1$$)
                  20012b2c    00000008                           : memory.c.obj (.data:$O1$$)
                  20012b34    00000008     nortos_cc32xx.a : SemaphoreP_nortos.oem4 (.data:SemaphoreP_defaultParams)
                  20012b3c    00000008                     : HwiPCC32XX_nortos.oem4 (.data)
                  20012b44    00000005                     : ClockPSysTick_nortos.oem4 (.data)
                  20012b49    00000003                     : SemaphoreP_nortos.oem4 (.data)
                  20012b4c    00000004     rtsv7M4_T_le_eabi.lib : errno.c.obj (.data)
                  20012b50    00000002     drivers_cc32xx.a : GPIOCC32XX.oem4 (.data)
                  20012b52    00000002     gpiointerrupt.obj (.data)
                  20012b54    00000001     drivers_cc32xx.a : UART.oem4 (.data)

.bss       0    20013038    00000498     UNINITIALIZED
                  20013038    0000012c     (.common:PowerCC32XX_contextSave)
                  20013164    000000fc     (.common:i2cCC32XXObjects)
                  20013260    00000084     (.common:gpioCallbackFunctions)
                  200132e4    00000084     (.common:gpioUserArgs)
                  20013368    00000084     (.common:timerCC32XXObjects)
                  200133ec    00000084     (.common:uartCC32XXObjects0)
                  20013470    00000020     ti_drivers_config.obj (.bss:uartCC32XXRingBuffer0)
                  20013490    00000014     drivers_cc32xx.a : GPIOCC32XX.oem4 (.bss:powerNotifyObj)
                  200134a4    00000004                      : GPIOCC32XX.oem4 (.bss)
                  200134a8    00000010     (.common:ClockP_ctrl)
                  200134b8    0000000d     nortos_cc32xx.a : SwiP_nortos.oem4 (.bss)
                  200134c5    00000003     --HOLE--
                  200134c8    00000004                     : ClockPSysTick_nortos.oem4 (.bss)
                  200134cc    00000004     drivers_cc32xx.a : TimerCC32XX.oem4 (.bss:timerState)

.log_data 
*          0    90000000    00000000     COPY SECTION

__llvm_prf_cnts 
*          0    20004000    00000000     UNINITIALIZED

MODULE SUMMARY

       Module                       code    ro data   rw data
       ------                       ----    -------   -------
    .\
       gpiointerrupt.obj            1440    36        126    
       main_nortos.obj              18      0         0      
    +--+----------------------------+-------+---------+---------+
       Total:                       1458    36        126    
                                                             
    .\syscfg\
       ti_drivers_config.obj        22      195       1192   
    +--+----------------------------+-------+---------+---------+
       Total:                       22      195       1192   
                                                             
    C:/ti/simplelink_cc32xx_sdk_5_30_00_08/kernel/nortos/lib/ccs/m4/nortos_cc32xx.a
       HwiPCC32XX_nortos.oem4       394     0         788    
       startup_cc32xx_ccs.oem4      90      64        780    
       ClockPSysTick_nortos.oem4    702     0         25     
       PowerCC32XX_nortos.oem4      472     0         0      
       SemaphoreP_nortos.oem4       410     0         11     
       SwiP_nortos.oem4             96      0         13     
    +--+----------------------------+-------+---------+---------+
       Total:                       2164    64        1617   
                                                             
    C:/ti/simplelink_cc32xx_sdk_5_30_00_08/source/ti/devices/cc32xx/driverlib/ccs/Release/driverlib.a
       prcm.obj                     1604    168       0      
       pin.obj                      280     256       0      
       interrupt.obj                334     48        0      
       i2c.obj                      318     0         0      
       timer.obj                    264     0         0      
       flash.obj                    72      0         0      
       uart.obj                     48      0         0      
       cpu.obj                      20      0         0      
       utils.obj                    6       0         0      
    +--+----------------------------+-------+---------+---------+
       Total:                       2946    472       0      
                                                             
    C:/ti/simplelink_cc32xx_sdk_5_30_00_08/source/ti/drivers/lib/ccs/m4/drivers_cc32xx.a
       UARTCC32XX.oem4              3466    116       0      
       PowerCC32XX.oem4             2432    0         664    
       I2CCC32XX.oem4               1452    16        0      
       GPIOCC32XX.oem4              1068    73        26     
       TimerCC32XX.oem4             930     12        4      
       I2C.oem4                     366     16        0      
       Timer.oem4                   244     12        0      
       UART.oem4                    166     36        1      
       RingBuf.oem4                 198     0         0      
       PowerCC32XX_asm.oem4         150     0         0      
       List.oem4                    76      0         0      
       GPIO.oem4                    24      0         0      
    +--+----------------------------+-------+---------+---------+
       Total:                       10572   281       695    
                                                             
    C:\ti\ccs1040\ccs\tools\compiler\ti-cgt-arm_20.2.5.LTS\lib\rtsv7M4_T_le_eabi.lib
       _printfi.c.obj               4835    0         0      
       memory.c.obj                 672     0         8      
       fd_add_t2.asm.obj            438     0         0      
       fd_div_t2.asm.obj            310     0         0      
       fd_cmp_t2.asm.obj            268     0         0      
       ctype.c.obj                  0       257       0      
       fd_mul_t2.asm.obj            252     0         0      
       s_scalbn.c.obj               208     0         0      
       memcpy_t2.asm.obj            156     0         0      
       ull_div_t2.asm.obj           150     0         0      
       snprintf.c.obj               148     0         0      
       fs_mul_t2.asm.obj            122     0         0      
       memset_t2.asm.obj            122     0         0      
       copy_decompress_lzss.c.obj   104     0         0      
       s_frexp.c.obj                92      0         0      
       _ltoa.c.obj                  84      0         0      
       atoi.c.obj                   76      0         0      
       fd_toi_t2.asm.obj            72      0         0      
       autoinit.c.obj               68      0         0      
       fs_toi_t2.asm.obj            56      0         0      
       i_tofs_t2.asm.obj            56      0         0      
       i_tofd_t2.asm.obj            46      0         0      
       boot_cortex_m.c.obj          36      0         0      
       memccpy.c.obj                28      0         0      
       ll_mul_t2.asm.obj            24      0         0      
       strchr.c.obj                 22      0         0      
       strlen.c.obj                 20      0         0      
       wcslen.c.obj                 18      0         0      
       copy_decompress_none.c.obj   14      0         0      
       copy_zero_init.c.obj         12      0         0      
       errno.c.obj                  8       0         4      
       s_copysign.c.obj             12      0         0      
       _lock.c.obj                  2       0         8      
       exit.c.obj                   4       0         0      
       pre_init.c.obj               4       0         0      
       div0.asm.obj                 2       0         0      
    +--+----------------------------+-------+---------+---------+
       Total:                       8541    257       20     
                                                             
       Heap:                        0       0         32768  
       Stack:                       0       0         4096   
       Linker Generated:            0       243       0      
    +--+----------------------------+-------+---------+---------+
       Grand Total:                 25703   1548      40514  


LINKER GENERATED COPY TABLES

__TI_cinit_table @ 200135b8 records: 2, size/record: 8, table size: 16
	.data: load addr=200134d0, load size=000000cf bytes, run addr=200124b4, run size=000006a1 bytes, compression=lzss
	.bss: load addr=200135b0, load size=00000008 bytes, run addr=20013038, run size=00000498 bytes, compression=zero_init


LINKER GENERATED HANDLER TABLE

__TI_handler_table @ 200135a0 records: 3, size/record: 4, table size: 12
	index: 0, handler: __TI_decompress_lzss
	index: 1, handler: __TI_decompress_none
	index: 2, handler: __TI_zero_init


GLOBAL SYMBOLS: SORTED ALPHABETICALLY BY Name 

address   name                             
-------   ----                             
20012aad  BF_STATE                         
20012143  Board_init                       
2000ca8f  Board_initHook                   
20012aa9  Button0_Flag                     
20012aaa  Button1_Flag                     
200124af  C$$EXIT                          
20013016  CONFIG_GPIO_BUTTON_0_CONST       
20013017  CONFIG_GPIO_BUTTON_1_CONST       
20013018  CONFIG_GPIO_LED_0_CONST          
20013019  CONFIG_I2C_0_CONST               
2001301b  CONFIG_TIMER_0_CONST             
2001301d  CONFIG_UART_0_CONST              
20012157  CPUcpsid                         
2001243d  ClockP_Params_init               
20012279  ClockP_add                       
200113e5  ClockP_construct                 
20011f1d  ClockP_create                    
200134a8  ClockP_ctrl                      
20012289  ClockP_delete                    
200115e5  ClockP_destruct                  
20010c8d  ClockP_doTick                    
20012299  ClockP_getCpuFreq                
200122a9  ClockP_getSystemTicks            
200118c9  ClockP_getTicksUntilInterrupt    
20012447  ClockP_isActive                  
200122b9  ClockP_setTicks                  
2001249f  ClockP_setTimeout                
20011a35  ClockP_start                     
200118fd  ClockP_startup                   
200111c5  ClockP_stop                      
20010c8d  ClockP_sysTickHandler            
20012b44  ClockP_tickPeriod                
20010ef9  FlashDisable                     
20012f94  GPIO_config                      
20010f41  GPIO_disableInt                  
20010f89  GPIO_enableInt                   
20010871  GPIO_hwiIntFxn                   
2000fabd  GPIO_init                        
20013014  GPIO_pinLowerBound               
20013015  GPIO_pinUpperBound               
20011f6d  GPIO_setCallback                 
2000da95  GPIO_setConfig                   
200106e1  GPIO_setInterruptConfig          
20010015  GPIO_write                       
2001220d  HwiP_Params_init                 
20012379  HwiP_clearInterrupt              
2000fbdd  HwiP_construct                   
20011b21  HwiP_create                      
200122c9  HwiP_delete                      
20011db3  HwiP_destruct                    
20012387  HwiP_disable                     
20012395  HwiP_disableInterrupt            
20011d01  HwiP_dispatch                    
200123a3  HwiP_enable                      
200123b1  HwiP_enableInterrupt             
2001216d  HwiP_inISR                       
20012b3c  HwiP_key                         
200124a3  HwiP_post                        
200122d9  HwiP_restore                     
20012b40  HwiP_swiPIntNum                  
20011c41  I2CFIFODataGetNonBlocking        
20011b9f  I2CFIFODataPutNonBlocking        
200122e9  I2CFIFOStatus                    
200120d5  I2CMasterBurstLengthSet          
20011f85  I2CMasterBusBusy                 
2001221f  I2CMasterIntClearEx              
20011f9d  I2CMasterIntDisableEx            
20011fb5  I2CMasterIntEnableEx             
20011e35  I2CMasterIntStatusEx             
20011d91  I2CMasterSlaveAddrSet            
20011fcd  I2CRxFIFOFlush                   
20012181  I2CSupport_masterFinish          
2001248d  I2CSupport_powerRelConstraint    
20012493  I2CSupport_powerSetConstraint    
2001053f  I2CSupport_primeTransfer         
20011fe5  I2CTxFIFOFlush                   
200122f9  I2C_Params_init                  
20011c67  I2C_cancel                       
20013020  I2C_config                       
2001301a  I2C_count                        
20012fa4  I2C_defaultParams                
2000d8f7  I2C_init                         
2000e90d  I2C_open                         
20012195  I2C_transfer                     
2000e4ab  I2C_transferTimeout              
UNDEFED   ITM_flush                        
UNDEFED   ITM_restore                      
2000f5b9  IntEnable                        
20012451  IntMasterDisable                 
2000fc69  IntPendSet                       
200121a9  IntVTableBaseSet                 
20011c8d  List_put                         
20011cb3  List_remove                      
200123a3  NoRTOS_start                     
2000ca91  PRCMCC3200MCUInit                
200120eb  PRCMHIBRegRead                   
20012101  PRCMHIBRegWrite                  
20010fd1  PRCMLPDSEnter                    
200116d5  PRCMLPDSEnterKeepDebugIf         
20011209  PRCMLPDSRestoreInfoSet           
20011bc9  PRCMPeripheralClkDisable         
20011019  PRCMPeripheralClkEnable          
200109e9  PRCMPeripheralReset              
200108d1  PRCMSysResetCauseGet             
2000fcf1  PinConfigSet                     
20011931  PinModeGet                       
20011425  PinModeSet                       
20011ead  PinToPadGet                      
20012e04  PowerCC32XX_config               
2000f661  PowerCC32XX_configureWakeup      
20013038  PowerCC32XX_contextSave          
2001124d  PowerCC32XX_enterLPDS            
20011af5  PowerCC32XX_getParkState         
2000ebf7  PowerCC32XX_initPolicy           
200127c0  PowerCC32XX_module               
20010dc9  PowerCC32XX_parkPin              
20011d25  PowerCC32XX_reset                
20011965  PowerCC32XX_restoreParkState     
20011a65  PowerCC32XX_restoreParkedPin     
20010b97  PowerCC32XX_resumeLPDS           
20010745  PowerCC32XX_setParkState         
2000d8f9  PowerCC32XX_sleepPolicy          
200121bd  Power_disablePolicy              
20012309  Power_enablePolicy               
200123f5  Power_getConstraintMask          
200121d1  Power_getDependencyCount         
20011ffd  Power_getTransitionLatency       
20012015  Power_idleFunc                   
2000ff0d  Power_init                       
20011bf1  Power_registerNotify             
20011061  Power_releaseConstraint          
20010a41  Power_releaseDependency          
20011621  Power_setConstraint              
20010095  Power_setDependency              
2000e105  Power_sleep                      
20011dd5  Power_unregisterNotify           
20012231  RingBuf_construct                
20011465  RingBuf_get                      
200123cd  RingBuf_isFull                   
20011df5  RingBuf_peek                     
20011139  RingBuf_put                      
20012319  SemaphoreP_Params_init           
20010cdd  SemaphoreP_construct             
20011e53  SemaphoreP_constructBinary       
20012117  SemaphoreP_create                
20011f37  SemaphoreP_createBinary          
20012b34  SemaphoreP_defaultParams         
200124a7  SemaphoreP_delete                
2000ef63  SemaphoreP_destruct              
2000f84d  SemaphoreP_pend                  
20011291  SemaphoreP_post                  
20011ec9  SwiP_disable                     
200112d5  SwiP_restore                     
20012aae  TL_STATE                         
200107a9  TickFct_ButtonFlag               
2000fd79  TickFct_TmpLED                   
20010d2d  TimerCC32XX_allocateTimerResource
20011999  TimerCC32XX_freeTimerResource    
20011825  TimerControlStall                
20011e71  TimerDisable                     
20011e8f  TimerEnable                      
20012b53  TimerFlag                        
20012243  TimerIntClear                    
2001202d  TimerIntDisable                  
20012045  TimerIntEnable                   
20011b4b  TimerLoadSet                     
20011b75  TimerPrescaleSet                 
20011d49  TimerSupport_timerDisable        
200114a5  TimerSupport_timerEnable         
20012329  TimerSupport_timerFullWidth      
20011cd9  TimerSupport_timerLoad           
20012339  Timer_Params_init                
200114e5  Timer_close                      
20013028  Timer_config                     
2001301c  Timer_count                      
2000f0df  Timer_init                       
2000e23d  Timer_open                       
200105a9  Timer_setPeriod                  
20011319  Timer_start                      
2001185b  Timer_stop                       
2001205d  UARTBusy                         
2000e5cd  UARTCC32XX_close                 
2000eb05  UARTCC32XX_control               
20012e48  UARTCC32XX_fxnTable              
2000fabb  UARTCC32XX_init                  
2000cebd  UARTCC32XX_open                  
20011525  UARTCC32XX_read                  
20011891  UARTCC32XX_readCancel            
2000f025  UARTCC32XX_readPolling           
2000ee99  UARTCC32XX_write                 
20010679  UARTCC32XX_writeCancel           
2001080d  UARTCC32XX_writePolling          
20012075  UARTIntEnable                    
2001208d  UART_Params_init                 
20012ff0  UART_config                      
2001301e  UART_count                       
20012e98  UART_defaultParams               
2001135d  UART_init                        
20011565  UART_open                        
2001245b  UART_write                       
20012499  UtilsDelay                       
20004000  __STACK_END                      
00001000  __STACK_SIZE                     
00008000  __SYSMEM_SIZE                    
200135b8  __TI_CINIT_Base                  
200135c8  __TI_CINIT_Limit                 
200135a0  __TI_Handler_Table_Base          
200135ac  __TI_Handler_Table_Limit         
200113a1  __TI_auto_init_nobinit_nopinit   
20010611  __TI_decompress_lzss             
200123db  __TI_decompress_none             
20010aef  __TI_ltoa                        
ffffffff  __TI_pprof_out_hndl              
2000c041  __TI_printfi                     
ffffffff  __TI_prof_data_size              
ffffffff  __TI_prof_data_start             
200134d0  __TI_static_base__               
2001240d  __TI_zero_init                   
2000fe01  __aeabi_cdcmpeq                  
2000fe01  __aeabi_cdcmple                  
2000fe87  __aeabi_cdrcmple                 
200110f1  __aeabi_d2iz                     
2000d74b  __aeabi_dadd                     
2000e375  __aeabi_ddiv                     
2000ea09  __aeabi_dmul                     
2000d741  __aeabi_dsub                     
2001246d  __aeabi_errno_addr               
200117b5  __aeabi_f2iz                     
2001020b  __aeabi_fmul                     
20011ac5  __aeabi_i2d                      
200117ed  __aeabi_i2f                      
20011af3  __aeabi_idiv0                    
20011af3  __aeabi_ldiv0                    
200120bd  __aeabi_lmul                     
20010285  __aeabi_memclr                   
20010285  __aeabi_memclr4                  
20010285  __aeabi_memclr8                  
2000f989  __aeabi_memcpy                   
2000f989  __aeabi_memcpy4                  
2000f989  __aeabi_memcpy8                  
20010287  __aeabi_memset                   
20010287  __aeabi_memset4                  
20010287  __aeabi_memset8                  
2000fa25  __aeabi_uldivmod                 
ffffffff  __binit__                        
ffffffff  __c_args__                       
UNDEFED   __mpu_init                       
20003000  __stack                          
20004000  __start___llvm_prf_cnts          
20004000  __stop___llvm_prf_cnts           
20011d6d  _c_int00_noargs                  
20012b58  _ctypes_                         
20012b24  _lock                            
200103eb  _nop                             
20004040  _sys_memory                      
UNDEFED   _system_post_cinit               
200124ab  _system_pre_init                 
20012b28  _unlock                          
200124af  abort                            
2000e80d  aligned_alloc                    
20010e15  atoi                             
ffffffff  binit                            
2001086f  clkFxn                           
20012aac  cool                             
20012401  copysign                         
20012401  copysignl                        
20012b4c  errno                            
2000ece5  free                             
20010931  frexp                            
20010931  frexpl                           
20012349  gpioButtonFxn0                   
20012359  gpioButtonFxn1                   
20013260  gpioCallbackFunctions            
20012a24  gpioPinConfigs                   
200132e4  gpioUserArgs                     
20012aab  heat                             
20012b52  i                                
20012abc  i2c                              
20012f6c  i2cCC32XXHWAttrs                 
20013164  i2cCC32XXObjects                 
20012ac4  i2cTransaction                   
2000d579  initI2C                          
200110a9  initTimer                        
2001165d  initUART                         
20011745  initVectors                      
2000edc9  ldexp                            
2000edc9  ldexpl                           
20012255  main                             
2000dbe9  mainThread                       
20012475  malloc                           
2000e80d  memalign                         
20011f01  memccpy                          
2000f989  memcpy                           
2001028d  memset                           
20012ae4  output                           
2001292c  parkInfo                         
2000ebf9  readTemp                         
20011f51  resetISR                         
20011f64  resetVectorAddr                  
20004000  resetVectors                     
20012aaf  rxBuffer                         
2000edc9  scalbn                           
2000edc9  scalbnl                          
20012ab2  setpoint                         
20010ead  snprintf                         
2001212d  strchr                           
200121f9  strlen                           
20012ab4  temperature                      
20012ac0  timer0                           
20012fd4  timerCC32XXHWAttrs               
20013368  timerCC32XXObjects               
20012431  timerCallback                    
20012aa8  txBuffer                         
20012ab8  uart                             
200133ec  uartCC32XXObjects0               
20012267  wcslen                           


GLOBAL SYMBOLS: SORTED BY Symbol Address 

address   name                             
-------   ----                             
00001000  __STACK_SIZE                     
00008000  __SYSMEM_SIZE                    
20003000  __stack                          
20004000  __STACK_END                      
20004000  __start___llvm_prf_cnts          
20004000  __stop___llvm_prf_cnts           
20004000  resetVectors                     
20004040  _sys_memory                      
2000c041  __TI_printfi                     
2000ca8f  Board_initHook                   
2000ca91  PRCMCC3200MCUInit                
2000cebd  UARTCC32XX_open                  
2000d579  initI2C                          
2000d741  __aeabi_dsub                     
2000d74b  __aeabi_dadd                     
2000d8f7  I2C_init                         
2000d8f9  PowerCC32XX_sleepPolicy          
2000da95  GPIO_setConfig                   
2000dbe9  mainThread                       
2000e105  Power_sleep                      
2000e23d  Timer_open                       
2000e375  __aeabi_ddiv                     
2000e4ab  I2C_transferTimeout              
2000e5cd  UARTCC32XX_close                 
2000e80d  aligned_alloc                    
2000e80d  memalign                         
2000e90d  I2C_open                         
2000ea09  __aeabi_dmul                     
2000eb05  UARTCC32XX_control               
2000ebf7  PowerCC32XX_initPolicy           
2000ebf9  readTemp                         
2000ece5  free                             
2000edc9  ldexp                            
2000edc9  ldexpl                           
2000edc9  scalbn                           
2000edc9  scalbnl                          
2000ee99  UARTCC32XX_write                 
2000ef63  SemaphoreP_destruct              
2000f025  UARTCC32XX_readPolling           
2000f0df  Timer_init                       
2000f5b9  IntEnable                        
2000f661  PowerCC32XX_configureWakeup      
2000f84d  SemaphoreP_pend                  
2000f989  __aeabi_memcpy                   
2000f989  __aeabi_memcpy4                  
2000f989  __aeabi_memcpy8                  
2000f989  memcpy                           
2000fa25  __aeabi_uldivmod                 
2000fabb  UARTCC32XX_init                  
2000fabd  GPIO_init                        
2000fbdd  HwiP_construct                   
2000fc69  IntPendSet                       
2000fcf1  PinConfigSet                     
2000fd79  TickFct_TmpLED                   
2000fe01  __aeabi_cdcmpeq                  
2000fe01  __aeabi_cdcmple                  
2000fe87  __aeabi_cdrcmple                 
2000ff0d  Power_init                       
20010015  GPIO_write                       
20010095  Power_setDependency              
2001020b  __aeabi_fmul                     
20010285  __aeabi_memclr                   
20010285  __aeabi_memclr4                  
20010285  __aeabi_memclr8                  
20010287  __aeabi_memset                   
20010287  __aeabi_memset4                  
20010287  __aeabi_memset8                  
2001028d  memset                           
200103eb  _nop                             
2001053f  I2CSupport_primeTransfer         
200105a9  Timer_setPeriod                  
20010611  __TI_decompress_lzss             
20010679  UARTCC32XX_writeCancel           
200106e1  GPIO_setInterruptConfig          
20010745  PowerCC32XX_setParkState         
200107a9  TickFct_ButtonFlag               
2001080d  UARTCC32XX_writePolling          
2001086f  clkFxn                           
20010871  GPIO_hwiIntFxn                   
200108d1  PRCMSysResetCauseGet             
20010931  frexp                            
20010931  frexpl                           
200109e9  PRCMPeripheralReset              
20010a41  Power_releaseDependency          
20010aef  __TI_ltoa                        
20010b97  PowerCC32XX_resumeLPDS           
20010c8d  ClockP_doTick                    
20010c8d  ClockP_sysTickHandler            
20010cdd  SemaphoreP_construct             
20010d2d  TimerCC32XX_allocateTimerResource
20010dc9  PowerCC32XX_parkPin              
20010e15  atoi                             
20010ead  snprintf                         
20010ef9  FlashDisable                     
20010f41  GPIO_disableInt                  
20010f89  GPIO_enableInt                   
20010fd1  PRCMLPDSEnter                    
20011019  PRCMPeripheralClkEnable          
20011061  Power_releaseConstraint          
200110a9  initTimer                        
200110f1  __aeabi_d2iz                     
20011139  RingBuf_put                      
200111c5  ClockP_stop                      
20011209  PRCMLPDSRestoreInfoSet           
2001124d  PowerCC32XX_enterLPDS            
20011291  SemaphoreP_post                  
200112d5  SwiP_restore                     
20011319  Timer_start                      
2001135d  UART_init                        
200113a1  __TI_auto_init_nobinit_nopinit   
200113e5  ClockP_construct                 
20011425  PinModeSet                       
20011465  RingBuf_get                      
200114a5  TimerSupport_timerEnable         
200114e5  Timer_close                      
20011525  UARTCC32XX_read                  
20011565  UART_open                        
200115e5  ClockP_destruct                  
20011621  Power_setConstraint              
2001165d  initUART                         
200116d5  PRCMLPDSEnterKeepDebugIf         
20011745  initVectors                      
200117b5  __aeabi_f2iz                     
200117ed  __aeabi_i2f                      
20011825  TimerControlStall                
2001185b  Timer_stop                       
20011891  UARTCC32XX_readCancel            
200118c9  ClockP_getTicksUntilInterrupt    
200118fd  ClockP_startup                   
20011931  PinModeGet                       
20011965  PowerCC32XX_restoreParkState     
20011999  TimerCC32XX_freeTimerResource    
20011a35  ClockP_start                     
20011a65  PowerCC32XX_restoreParkedPin     
20011ac5  __aeabi_i2d                      
20011af3  __aeabi_idiv0                    
20011af3  __aeabi_ldiv0                    
20011af5  PowerCC32XX_getParkState         
20011b21  HwiP_create                      
20011b4b  TimerLoadSet                     
20011b75  TimerPrescaleSet                 
20011b9f  I2CFIFODataPutNonBlocking        
20011bc9  PRCMPeripheralClkDisable         
20011bf1  Power_registerNotify             
20011c41  I2CFIFODataGetNonBlocking        
20011c67  I2C_cancel                       
20011c8d  List_put                         
20011cb3  List_remove                      
20011cd9  TimerSupport_timerLoad           
20011d01  HwiP_dispatch                    
20011d25  PowerCC32XX_reset                
20011d49  TimerSupport_timerDisable        
20011d6d  _c_int00_noargs                  
20011d91  I2CMasterSlaveAddrSet            
20011db3  HwiP_destruct                    
20011dd5  Power_unregisterNotify           
20011df5  RingBuf_peek                     
20011e35  I2CMasterIntStatusEx             
20011e53  SemaphoreP_constructBinary       
20011e71  TimerDisable                     
20011e8f  TimerEnable                      
20011ead  PinToPadGet                      
20011ec9  SwiP_disable                     
20011f01  memccpy                          
20011f1d  ClockP_create                    
20011f37  SemaphoreP_createBinary          
20011f51  resetISR                         
20011f64  resetVectorAddr                  
20011f6d  GPIO_setCallback                 
20011f85  I2CMasterBusBusy                 
20011f9d  I2CMasterIntDisableEx            
20011fb5  I2CMasterIntEnableEx             
20011fcd  I2CRxFIFOFlush                   
20011fe5  I2CTxFIFOFlush                   
20011ffd  Power_getTransitionLatency       
20012015  Power_idleFunc                   
2001202d  TimerIntDisable                  
20012045  TimerIntEnable                   
2001205d  UARTBusy                         
20012075  UARTIntEnable                    
2001208d  UART_Params_init                 
200120bd  __aeabi_lmul                     
200120d5  I2CMasterBurstLengthSet          
200120eb  PRCMHIBRegRead                   
20012101  PRCMHIBRegWrite                  
20012117  SemaphoreP_create                
2001212d  strchr                           
20012143  Board_init                       
20012157  CPUcpsid                         
2001216d  HwiP_inISR                       
20012181  I2CSupport_masterFinish          
20012195  I2C_transfer                     
200121a9  IntVTableBaseSet                 
200121bd  Power_disablePolicy              
200121d1  Power_getDependencyCount         
200121f9  strlen                           
2001220d  HwiP_Params_init                 
2001221f  I2CMasterIntClearEx              
20012231  RingBuf_construct                
20012243  TimerIntClear                    
20012255  main                             
20012267  wcslen                           
20012279  ClockP_add                       
20012289  ClockP_delete                    
20012299  ClockP_getCpuFreq                
200122a9  ClockP_getSystemTicks            
200122b9  ClockP_setTicks                  
200122c9  HwiP_delete                      
200122d9  HwiP_restore                     
200122e9  I2CFIFOStatus                    
200122f9  I2C_Params_init                  
20012309  Power_enablePolicy               
20012319  SemaphoreP_Params_init           
20012329  TimerSupport_timerFullWidth      
20012339  Timer_Params_init                
20012349  gpioButtonFxn0                   
20012359  gpioButtonFxn1                   
20012379  HwiP_clearInterrupt              
20012387  HwiP_disable                     
20012395  HwiP_disableInterrupt            
200123a3  HwiP_enable                      
200123a3  NoRTOS_start                     
200123b1  HwiP_enableInterrupt             
200123cd  RingBuf_isFull                   
200123db  __TI_decompress_none             
200123f5  Power_getConstraintMask          
20012401  copysign                         
20012401  copysignl                        
2001240d  __TI_zero_init                   
20012431  timerCallback                    
2001243d  ClockP_Params_init               
20012447  ClockP_isActive                  
20012451  IntMasterDisable                 
2001245b  UART_write                       
2001246d  __aeabi_errno_addr               
20012475  malloc                           
2001248d  I2CSupport_powerRelConstraint    
20012493  I2CSupport_powerSetConstraint    
20012499  UtilsDelay                       
2001249f  ClockP_setTimeout                
200124a3  HwiP_post                        
200124a7  SemaphoreP_delete                
200124ab  _system_pre_init                 
200124af  C$$EXIT                          
200124af  abort                            
200127c0  PowerCC32XX_module               
2001292c  parkInfo                         
20012a24  gpioPinConfigs                   
20012aa8  txBuffer                         
20012aa9  Button0_Flag                     
20012aaa  Button1_Flag                     
20012aab  heat                             
20012aac  cool                             
20012aad  BF_STATE                         
20012aae  TL_STATE                         
20012aaf  rxBuffer                         
20012ab2  setpoint                         
20012ab4  temperature                      
20012ab8  uart                             
20012abc  i2c                              
20012ac0  timer0                           
20012ac4  i2cTransaction                   
20012ae4  output                           
20012b24  _lock                            
20012b28  _unlock                          
20012b34  SemaphoreP_defaultParams         
20012b3c  HwiP_key                         
20012b40  HwiP_swiPIntNum                  
20012b44  ClockP_tickPeriod                
20012b4c  errno                            
20012b52  i                                
20012b53  TimerFlag                        
20012b58  _ctypes_                         
20012e04  PowerCC32XX_config               
20012e48  UARTCC32XX_fxnTable              
20012e98  UART_defaultParams               
20012f6c  i2cCC32XXHWAttrs                 
20012f94  GPIO_config                      
20012fa4  I2C_defaultParams                
20012fd4  timerCC32XXHWAttrs               
20012ff0  UART_config                      
20013014  GPIO_pinLowerBound               
20013015  GPIO_pinUpperBound               
20013016  CONFIG_GPIO_BUTTON_0_CONST       
20013017  CONFIG_GPIO_BUTTON_1_CONST       
20013018  CONFIG_GPIO_LED_0_CONST          
20013019  CONFIG_I2C_0_CONST               
2001301a  I2C_count                        
2001301b  CONFIG_TIMER_0_CONST             
2001301c  Timer_count                      
2001301d  CONFIG_UART_0_CONST              
2001301e  UART_count                       
20013020  I2C_config                       
20013028  Timer_config                     
20013038  PowerCC32XX_contextSave          
20013164  i2cCC32XXObjects                 
20013260  gpioCallbackFunctions            
200132e4  gpioUserArgs                     
20013368  timerCC32XXObjects               
200133ec  uartCC32XXObjects0               
200134a8  ClockP_ctrl                      
200134d0  __TI_static_base__               
200135a0  __TI_Handler_Table_Base          
200135ac  __TI_Handler_Table_Limit         
200135b8  __TI_CINIT_Base                  
200135c8  __TI_CINIT_Limit                 
ffffffff  __TI_pprof_out_hndl              
ffffffff  __TI_prof_data_size              
ffffffff  __TI_prof_data_start             
ffffffff  __binit__                        
ffffffff  __c_args__                       
ffffffff  binit                            
UNDEFED   ITM_flush                        
UNDEFED   ITM_restore                      
UNDEFED   __mpu_init                       
UNDEFED   _system_post_cinit               

[316 symbols]
