<?xml version="1.0" encoding="ISO-8859-1" ?>
<link_info>
   <banner>TI ARM Linker PC v20.2.5.LTS</banner>
   <copyright>Copyright (c) 1996-2018 Texas Instruments Incorporated</copyright>
   <link_time>0x61eb8145</link_time>
   <link_errors>0x0</link_errors>
   <output_file>gpiointerrupt_CC3220S_LAUNCHXL_nortos_ccs.out</output_file>
   <entry_point>
      <name>resetISR</name>
      <address>0x20011f51</address>
   </entry_point>
   <input_file_list>
      <input_file id="fl-2">
         <path>.\</path>
         <kind>object</kind>
         <file>gpiointerrupt.obj</file>
         <name>gpiointerrupt.obj</name>
      </input_file>
      <input_file id="fl-3">
         <path>.\syscfg\</path>
         <kind>object</kind>
         <file>ti_drivers_config.obj</file>
         <name>ti_drivers_config.obj</name>
      </input_file>
      <input_file id="fl-4">
         <path>.\</path>
         <kind>object</kind>
         <file>main_nortos.obj</file>
         <name>main_nortos.obj</name>
      </input_file>
      <input_file id="fl-d">
         <kind>object</kind>
         <file>&lt;internal&gt;</file>
         <name>&lt;internal&gt;</name>
      </input_file>
      <input_file id="fl-e">
         <path>C:\ti\simplelink_cc32xx_sdk_5_30_00_08\source\ti\drivers\lib\ccs\m4\</path>
         <kind>archive</kind>
         <file>drivers_cc32xx.a</file>
         <name>GPIO.oem4</name>
      </input_file>
      <input_file id="fl-f">
         <path>C:\ti\simplelink_cc32xx_sdk_5_30_00_08\source\ti\drivers\lib\ccs\m4\</path>
         <kind>archive</kind>
         <file>drivers_cc32xx.a</file>
         <name>I2C.oem4</name>
      </input_file>
      <input_file id="fl-10">
         <path>C:\ti\simplelink_cc32xx_sdk_5_30_00_08\source\ti\drivers\lib\ccs\m4\</path>
         <kind>archive</kind>
         <file>drivers_cc32xx.a</file>
         <name>Timer.oem4</name>
      </input_file>
      <input_file id="fl-11">
         <path>C:\ti\simplelink_cc32xx_sdk_5_30_00_08\source\ti\drivers\lib\ccs\m4\</path>
         <kind>archive</kind>
         <file>drivers_cc32xx.a</file>
         <name>UART.oem4</name>
      </input_file>
      <input_file id="fl-12">
         <path>C:\ti\simplelink_cc32xx_sdk_5_30_00_08\source\ti\drivers\lib\ccs\m4\</path>
         <kind>archive</kind>
         <file>drivers_cc32xx.a</file>
         <name>GPIOCC32XX.oem4</name>
      </input_file>
      <input_file id="fl-13">
         <path>C:\ti\simplelink_cc32xx_sdk_5_30_00_08\source\ti\drivers\lib\ccs\m4\</path>
         <kind>archive</kind>
         <file>drivers_cc32xx.a</file>
         <name>I2CCC32XX.oem4</name>
      </input_file>
      <input_file id="fl-14">
         <path>C:\ti\simplelink_cc32xx_sdk_5_30_00_08\source\ti\drivers\lib\ccs\m4\</path>
         <kind>archive</kind>
         <file>drivers_cc32xx.a</file>
         <name>PowerCC32XX.oem4</name>
      </input_file>
      <input_file id="fl-15">
         <path>C:\ti\simplelink_cc32xx_sdk_5_30_00_08\source\ti\drivers\lib\ccs\m4\</path>
         <kind>archive</kind>
         <file>drivers_cc32xx.a</file>
         <name>PowerCC32XX_asm.oem4</name>
      </input_file>
      <input_file id="fl-16">
         <path>C:\ti\simplelink_cc32xx_sdk_5_30_00_08\source\ti\drivers\lib\ccs\m4\</path>
         <kind>archive</kind>
         <file>drivers_cc32xx.a</file>
         <name>TimerCC32XX.oem4</name>
      </input_file>
      <input_file id="fl-17">
         <path>C:\ti\simplelink_cc32xx_sdk_5_30_00_08\source\ti\drivers\lib\ccs\m4\</path>
         <kind>archive</kind>
         <file>drivers_cc32xx.a</file>
         <name>UARTCC32XX.oem4</name>
      </input_file>
      <input_file id="fl-18">
         <path>C:\ti\simplelink_cc32xx_sdk_5_30_00_08\source\ti\drivers\lib\ccs\m4\</path>
         <kind>archive</kind>
         <file>drivers_cc32xx.a</file>
         <name>List.oem4</name>
      </input_file>
      <input_file id="fl-19">
         <path>C:\ti\simplelink_cc32xx_sdk_5_30_00_08\source\ti\drivers\lib\ccs\m4\</path>
         <kind>archive</kind>
         <file>drivers_cc32xx.a</file>
         <name>RingBuf.oem4</name>
      </input_file>
      <input_file id="fl-1a">
         <path>C:\ti\simplelink_cc32xx_sdk_5_30_00_08\kernel\nortos\lib\ccs\m4\</path>
         <kind>archive</kind>
         <file>nortos_cc32xx.a</file>
         <name>NoRTOS.oem4</name>
      </input_file>
      <input_file id="fl-1b">
         <path>C:\ti\simplelink_cc32xx_sdk_5_30_00_08\kernel\nortos\lib\ccs\m4\</path>
         <kind>archive</kind>
         <file>nortos_cc32xx.a</file>
         <name>SemaphoreP_nortos.oem4</name>
      </input_file>
      <input_file id="fl-1c">
         <path>C:\ti\simplelink_cc32xx_sdk_5_30_00_08\kernel\nortos\lib\ccs\m4\</path>
         <kind>archive</kind>
         <file>nortos_cc32xx.a</file>
         <name>ClockPSysTick_nortos.oem4</name>
      </input_file>
      <input_file id="fl-1d">
         <path>C:\ti\simplelink_cc32xx_sdk_5_30_00_08\kernel\nortos\lib\ccs\m4\</path>
         <kind>archive</kind>
         <file>nortos_cc32xx.a</file>
         <name>HwiPCC32XX_nortos.oem4</name>
      </input_file>
      <input_file id="fl-1e">
         <path>C:\ti\simplelink_cc32xx_sdk_5_30_00_08\kernel\nortos\lib\ccs\m4\</path>
         <kind>archive</kind>
         <file>nortos_cc32xx.a</file>
         <name>PowerCC32XX_nortos.oem4</name>
      </input_file>
      <input_file id="fl-1f">
         <path>C:\ti\simplelink_cc32xx_sdk_5_30_00_08\kernel\nortos\lib\ccs\m4\</path>
         <kind>archive</kind>
         <file>nortos_cc32xx.a</file>
         <name>startup_cc32xx_ccs.oem4</name>
      </input_file>
      <input_file id="fl-20">
         <path>C:\ti\simplelink_cc32xx_sdk_5_30_00_08\kernel\nortos\lib\ccs\m4\</path>
         <kind>archive</kind>
         <file>nortos_cc32xx.a</file>
         <name>SwiP_nortos.oem4</name>
      </input_file>
      <input_file id="fl-21">
         <path>C:\ti\simplelink_cc32xx_sdk_5_30_00_08\kernel\nortos\lib\ccs\m4\</path>
         <kind>archive</kind>
         <file>nortos_cc32xx.a</file>
         <name>QueueP_nortos.oem4</name>
      </input_file>
      <input_file id="fl-22">
         <path>C:\ti\simplelink_cc32xx_sdk_5_30_00_08\source\ti\devices\cc32xx\driverlib\ccs\Release\</path>
         <kind>archive</kind>
         <file>driverlib.a</file>
         <name>cpu.obj</name>
      </input_file>
      <input_file id="fl-23">
         <path>C:\ti\simplelink_cc32xx_sdk_5_30_00_08\source\ti\devices\cc32xx\driverlib\ccs\Release\</path>
         <kind>archive</kind>
         <file>driverlib.a</file>
         <name>i2c.obj</name>
      </input_file>
      <input_file id="fl-24">
         <path>C:\ti\simplelink_cc32xx_sdk_5_30_00_08\source\ti\devices\cc32xx\driverlib\ccs\Release\</path>
         <kind>archive</kind>
         <file>driverlib.a</file>
         <name>interrupt.obj</name>
      </input_file>
      <input_file id="fl-25">
         <path>C:\ti\simplelink_cc32xx_sdk_5_30_00_08\source\ti\devices\cc32xx\driverlib\ccs\Release\</path>
         <kind>archive</kind>
         <file>driverlib.a</file>
         <name>pin.obj</name>
      </input_file>
      <input_file id="fl-26">
         <path>C:\ti\simplelink_cc32xx_sdk_5_30_00_08\source\ti\devices\cc32xx\driverlib\ccs\Release\</path>
         <kind>archive</kind>
         <file>driverlib.a</file>
         <name>prcm.obj</name>
      </input_file>
      <input_file id="fl-27">
         <path>C:\ti\simplelink_cc32xx_sdk_5_30_00_08\source\ti\devices\cc32xx\driverlib\ccs\Release\</path>
         <kind>archive</kind>
         <file>driverlib.a</file>
         <name>timer.obj</name>
      </input_file>
      <input_file id="fl-28">
         <path>C:\ti\simplelink_cc32xx_sdk_5_30_00_08\source\ti\devices\cc32xx\driverlib\ccs\Release\</path>
         <kind>archive</kind>
         <file>driverlib.a</file>
         <name>uart.obj</name>
      </input_file>
      <input_file id="fl-29">
         <path>C:\ti\simplelink_cc32xx_sdk_5_30_00_08\source\ti\devices\cc32xx\driverlib\ccs\Release\</path>
         <kind>archive</kind>
         <file>driverlib.a</file>
         <name>utils.obj</name>
      </input_file>
      <input_file id="fl-2a">
         <path>C:\ti\simplelink_cc32xx_sdk_5_30_00_08\source\ti\devices\cc32xx\driverlib\ccs\Release\</path>
         <kind>archive</kind>
         <file>driverlib.a</file>
         <name>flash.obj</name>
      </input_file>
      <input_file id="fl-e0">
         <path>C:\ti\ccs1040\ccs\tools\compiler\ti-cgt-arm_20.2.5.LTS\lib\</path>
         <kind>archive</kind>
         <file>rtsv7M4_T_le_eabi.lib</file>
         <name>snprintf.c.obj</name>
      </input_file>
      <input_file id="fl-e1">
         <path>C:\ti\ccs1040\ccs\tools\compiler\ti-cgt-arm_20.2.5.LTS\lib\</path>
         <kind>archive</kind>
         <file>rtsv7M4_T_le_eabi.lib</file>
         <name>fs_mul_t2.asm.obj</name>
      </input_file>
      <input_file id="fl-e2">
         <path>C:\ti\ccs1040\ccs\tools\compiler\ti-cgt-arm_20.2.5.LTS\lib\</path>
         <kind>archive</kind>
         <file>rtsv7M4_T_le_eabi.lib</file>
         <name>fs_toi_t2.asm.obj</name>
      </input_file>
      <input_file id="fl-e3">
         <path>C:\ti\ccs1040\ccs\tools\compiler\ti-cgt-arm_20.2.5.LTS\lib\</path>
         <kind>archive</kind>
         <file>rtsv7M4_T_le_eabi.lib</file>
         <name>i_tofs_t2.asm.obj</name>
      </input_file>
      <input_file id="fl-e4">
         <path>C:\ti\ccs1040\ccs\tools\compiler\ti-cgt-arm_20.2.5.LTS\lib\</path>
         <kind>archive</kind>
         <file>rtsv7M4_T_le_eabi.lib</file>
         <name>ll_mul_t2.asm.obj</name>
      </input_file>
      <input_file id="fl-e5">
         <path>C:\ti\ccs1040\ccs\tools\compiler\ti-cgt-arm_20.2.5.LTS\lib\</path>
         <kind>archive</kind>
         <file>rtsv7M4_T_le_eabi.lib</file>
         <name>memcpy_t2.asm.obj</name>
      </input_file>
      <input_file id="fl-e6">
         <path>C:\ti\ccs1040\ccs\tools\compiler\ti-cgt-arm_20.2.5.LTS\lib\</path>
         <kind>archive</kind>
         <file>rtsv7M4_T_le_eabi.lib</file>
         <name>ull_div_t2.asm.obj</name>
      </input_file>
      <input_file id="fl-e7">
         <path>C:\ti\ccs1040\ccs\tools\compiler\ti-cgt-arm_20.2.5.LTS\lib\</path>
         <kind>archive</kind>
         <file>rtsv7M4_T_le_eabi.lib</file>
         <name>copy_zero_init.c.obj</name>
      </input_file>
      <input_file id="fl-e8">
         <path>C:\ti\ccs1040\ccs\tools\compiler\ti-cgt-arm_20.2.5.LTS\lib\</path>
         <kind>archive</kind>
         <file>rtsv7M4_T_le_eabi.lib</file>
         <name>copy_decompress_none.c.obj</name>
      </input_file>
      <input_file id="fl-e9">
         <path>C:\ti\ccs1040\ccs\tools\compiler\ti-cgt-arm_20.2.5.LTS\lib\</path>
         <kind>archive</kind>
         <file>rtsv7M4_T_le_eabi.lib</file>
         <name>copy_decompress_lzss.c.obj</name>
      </input_file>
      <input_file id="fl-ea">
         <path>C:\ti\ccs1040\ccs\tools\compiler\ti-cgt-arm_20.2.5.LTS\lib\</path>
         <kind>archive</kind>
         <file>rtsv7M4_T_le_eabi.lib</file>
         <name>memory.c.obj</name>
      </input_file>
      <input_file id="fl-eb">
         <path>C:\ti\ccs1040\ccs\tools\compiler\ti-cgt-arm_20.2.5.LTS\lib\</path>
         <kind>archive</kind>
         <file>rtsv7M4_T_le_eabi.lib</file>
         <name>boot_cortex_m.c.obj</name>
      </input_file>
      <input_file id="fl-ec">
         <path>C:\ti\ccs1040\ccs\tools\compiler\ti-cgt-arm_20.2.5.LTS\lib\</path>
         <kind>archive</kind>
         <file>rtsv7M4_T_le_eabi.lib</file>
         <name>_printfi.c.obj</name>
      </input_file>
      <input_file id="fl-ed">
         <path>C:\ti\ccs1040\ccs\tools\compiler\ti-cgt-arm_20.2.5.LTS\lib\</path>
         <kind>archive</kind>
         <file>rtsv7M4_T_le_eabi.lib</file>
         <name>s_frexp.c.obj</name>
      </input_file>
      <input_file id="fl-ee">
         <path>C:\ti\ccs1040\ccs\tools\compiler\ti-cgt-arm_20.2.5.LTS\lib\</path>
         <kind>archive</kind>
         <file>rtsv7M4_T_le_eabi.lib</file>
         <name>s_scalbn.c.obj</name>
      </input_file>
      <input_file id="fl-ef">
         <path>C:\ti\ccs1040\ccs\tools\compiler\ti-cgt-arm_20.2.5.LTS\lib\</path>
         <kind>archive</kind>
         <file>rtsv7M4_T_le_eabi.lib</file>
         <name>wcslen.c.obj</name>
      </input_file>
      <input_file id="fl-f0">
         <path>C:\ti\ccs1040\ccs\tools\compiler\ti-cgt-arm_20.2.5.LTS\lib\</path>
         <kind>archive</kind>
         <file>rtsv7M4_T_le_eabi.lib</file>
         <name>div0.asm.obj</name>
      </input_file>
      <input_file id="fl-f1">
         <path>C:\ti\ccs1040\ccs\tools\compiler\ti-cgt-arm_20.2.5.LTS\lib\</path>
         <kind>archive</kind>
         <file>rtsv7M4_T_le_eabi.lib</file>
         <name>fd_add_t2.asm.obj</name>
      </input_file>
      <input_file id="fl-f2">
         <path>C:\ti\ccs1040\ccs\tools\compiler\ti-cgt-arm_20.2.5.LTS\lib\</path>
         <kind>archive</kind>
         <file>rtsv7M4_T_le_eabi.lib</file>
         <name>fd_cmp_t2.asm.obj</name>
      </input_file>
      <input_file id="fl-f3">
         <path>C:\ti\ccs1040\ccs\tools\compiler\ti-cgt-arm_20.2.5.LTS\lib\</path>
         <kind>archive</kind>
         <file>rtsv7M4_T_le_eabi.lib</file>
         <name>fd_div_t2.asm.obj</name>
      </input_file>
      <input_file id="fl-f4">
         <path>C:\ti\ccs1040\ccs\tools\compiler\ti-cgt-arm_20.2.5.LTS\lib\</path>
         <kind>archive</kind>
         <file>rtsv7M4_T_le_eabi.lib</file>
         <name>fd_mul_t2.asm.obj</name>
      </input_file>
      <input_file id="fl-f5">
         <path>C:\ti\ccs1040\ccs\tools\compiler\ti-cgt-arm_20.2.5.LTS\lib\</path>
         <kind>archive</kind>
         <file>rtsv7M4_T_le_eabi.lib</file>
         <name>fd_toi_t2.asm.obj</name>
      </input_file>
      <input_file id="fl-f6">
         <path>C:\ti\ccs1040\ccs\tools\compiler\ti-cgt-arm_20.2.5.LTS\lib\</path>
         <kind>archive</kind>
         <file>rtsv7M4_T_le_eabi.lib</file>
         <name>i_tofd_t2.asm.obj</name>
      </input_file>
      <input_file id="fl-f7">
         <path>C:\ti\ccs1040\ccs\tools\compiler\ti-cgt-arm_20.2.5.LTS\lib\</path>
         <kind>archive</kind>
         <file>rtsv7M4_T_le_eabi.lib</file>
         <name>memset_t2.asm.obj</name>
      </input_file>
      <input_file id="fl-f8">
         <path>C:\ti\ccs1040\ccs\tools\compiler\ti-cgt-arm_20.2.5.LTS\lib\</path>
         <kind>archive</kind>
         <file>rtsv7M4_T_le_eabi.lib</file>
         <name>autoinit.c.obj</name>
      </input_file>
      <input_file id="fl-f9">
         <path>C:\ti\ccs1040\ccs\tools\compiler\ti-cgt-arm_20.2.5.LTS\lib\</path>
         <kind>archive</kind>
         <file>rtsv7M4_T_le_eabi.lib</file>
         <name>pre_init.c.obj</name>
      </input_file>
      <input_file id="fl-fa">
         <path>C:\ti\ccs1040\ccs\tools\compiler\ti-cgt-arm_20.2.5.LTS\lib\</path>
         <kind>archive</kind>
         <file>rtsv7M4_T_le_eabi.lib</file>
         <name>cpy_tbl.c.obj</name>
      </input_file>
      <input_file id="fl-fb">
         <path>C:\ti\ccs1040\ccs\tools\compiler\ti-cgt-arm_20.2.5.LTS\lib\</path>
         <kind>archive</kind>
         <file>rtsv7M4_T_le_eabi.lib</file>
         <name>exit.c.obj</name>
      </input_file>
      <input_file id="fl-fc">
         <path>C:\ti\ccs1040\ccs\tools\compiler\ti-cgt-arm_20.2.5.LTS\lib\</path>
         <kind>archive</kind>
         <file>rtsv7M4_T_le_eabi.lib</file>
         <name>_lock.c.obj</name>
      </input_file>
      <input_file id="fl-fd">
         <path>C:\ti\ccs1040\ccs\tools\compiler\ti-cgt-arm_20.2.5.LTS\lib\</path>
         <kind>archive</kind>
         <file>rtsv7M4_T_le_eabi.lib</file>
         <name>_ltoa.c.obj</name>
      </input_file>
      <input_file id="fl-fe">
         <path>C:\ti\ccs1040\ccs\tools\compiler\ti-cgt-arm_20.2.5.LTS\lib\</path>
         <kind>archive</kind>
         <file>rtsv7M4_T_le_eabi.lib</file>
         <name>args_main.c.obj</name>
      </input_file>
      <input_file id="fl-ff">
         <path>C:\ti\ccs1040\ccs\tools\compiler\ti-cgt-arm_20.2.5.LTS\lib\</path>
         <kind>archive</kind>
         <file>rtsv7M4_T_le_eabi.lib</file>
         <name>atoi.c.obj</name>
      </input_file>
      <input_file id="fl-100">
         <path>C:\ti\ccs1040\ccs\tools\compiler\ti-cgt-arm_20.2.5.LTS\lib\</path>
         <kind>archive</kind>
         <file>rtsv7M4_T_le_eabi.lib</file>
         <name>ctype.c.obj</name>
      </input_file>
      <input_file id="fl-101">
         <path>C:\ti\ccs1040\ccs\tools\compiler\ti-cgt-arm_20.2.5.LTS\lib\</path>
         <kind>archive</kind>
         <file>rtsv7M4_T_le_eabi.lib</file>
         <name>memccpy.c.obj</name>
      </input_file>
      <input_file id="fl-102">
         <path>C:\ti\ccs1040\ccs\tools\compiler\ti-cgt-arm_20.2.5.LTS\lib\</path>
         <kind>archive</kind>
         <file>rtsv7M4_T_le_eabi.lib</file>
         <name>strchr.c.obj</name>
      </input_file>
      <input_file id="fl-103">
         <path>C:\ti\ccs1040\ccs\tools\compiler\ti-cgt-arm_20.2.5.LTS\lib\</path>
         <kind>archive</kind>
         <file>rtsv7M4_T_le_eabi.lib</file>
         <name>strlen.c.obj</name>
      </input_file>
      <input_file id="fl-104">
         <path>C:\ti\ccs1040\ccs\tools\compiler\ti-cgt-arm_20.2.5.LTS\lib\</path>
         <kind>archive</kind>
         <file>rtsv7M4_T_le_eabi.lib</file>
         <name>errno.c.obj</name>
      </input_file>
      <input_file id="fl-105">
         <path>C:\ti\ccs1040\ccs\tools\compiler\ti-cgt-arm_20.2.5.LTS\lib\</path>
         <kind>archive</kind>
         <file>rtsv7M4_T_le_eabi.lib</file>
         <name>s_copysign.c.obj</name>
      </input_file>
   </input_file_list>
   <object_component_list>
      <object_component id="oc-3c4">
         <name>.text:__TI_printfi</name>
         <load_address>0x2000c040</load_address>
         <run_address>0x2000c040</run_address>
         <size>0xa4e</size>
         <input_file_ref idref="fl-ec"/>
      </object_component>
      <object_component id="oc-1ee">
         <name>.text:Board_initHook</name>
         <load_address>0x2000ca8e</load_address>
         <run_address>0x2000ca8e</run_address>
         <size>0x2</size>
         <input_file_ref idref="fl-3"/>
      </object_component>
      <object_component id="oc-1dc">
         <name>.text:PRCMCC3200MCUInit</name>
         <load_address>0x2000ca90</load_address>
         <run_address>0x2000ca90</run_address>
         <size>0x42c</size>
         <input_file_ref idref="fl-26"/>
      </object_component>
      <object_component id="oc-83b">
         <name>.text:UARTCC32XX_open</name>
         <load_address>0x2000cebc</load_address>
         <run_address>0x2000cebc</run_address>
         <size>0x288</size>
         <input_file_ref idref="fl-17"/>
      </object_component>
      <object_component id="oc-57d">
         <name>.text:_pconv_a</name>
         <load_address>0x2000d144</load_address>
         <run_address>0x2000d144</run_address>
         <size>0x268</size>
         <input_file_ref idref="fl-ec"/>
      </object_component>
      <object_component id="oc-56b">
         <name>.text:_pconv_g</name>
         <load_address>0x2000d3ac</load_address>
         <run_address>0x2000d3ac</run_address>
         <size>0x1cc</size>
         <input_file_ref idref="fl-ec"/>
      </object_component>
      <object_component id="oc-1fc">
         <name>.text:initI2C</name>
         <load_address>0x2000d578</load_address>
         <run_address>0x2000d578</run_address>
         <size>0x1c8</size>
         <input_file_ref idref="fl-2"/>
      </object_component>
      <object_component id="oc-76c">
         <name>.text</name>
         <load_address>0x2000d740</load_address>
         <run_address>0x2000d740</run_address>
         <size>0x1b6</size>
         <input_file_ref idref="fl-f1"/>
      </object_component>
      <object_component id="oc-334">
         <name>.text:I2C_init</name>
         <load_address>0x2000d8f6</load_address>
         <run_address>0x2000d8f6</run_address>
         <size>0x2</size>
         <input_file_ref idref="fl-f"/>
      </object_component>
      <object_component id="oc-42a">
         <name>.text:PowerCC32XX_sleepPolicy</name>
         <load_address>0x2000d8f8</load_address>
         <run_address>0x2000d8f8</run_address>
         <size>0x19c</size>
         <input_file_ref idref="fl-1e"/>
      </object_component>
      <object_component id="oc-20e">
         <name>.text:GPIO_setConfig</name>
         <load_address>0x2000da94</load_address>
         <run_address>0x2000da94</run_address>
         <size>0x154</size>
         <input_file_ref idref="fl-12"/>
      </object_component>
      <object_component id="oc-166">
         <name>.text:mainThread</name>
         <load_address>0x2000dbe8</load_address>
         <run_address>0x2000dbe8</run_address>
         <size>0x150</size>
         <input_file_ref idref="fl-2"/>
      </object_component>
      <object_component id="oc-4d2">
         <name>.text:I2CCC32XX_hwiFxn</name>
         <load_address>0x2000dd38</load_address>
         <run_address>0x2000dd38</run_address>
         <size>0x148</size>
         <input_file_ref idref="fl-13"/>
      </object_component>
      <object_component id="oc-7dc">
         <name>.text:parkPins</name>
         <load_address>0x2000de80</load_address>
         <run_address>0x2000de80</run_address>
         <size>0x148</size>
         <input_file_ref idref="fl-14"/>
      </object_component>
      <object_component id="oc-577">
         <name>.text:_pconv_e</name>
         <load_address>0x2000dfc8</load_address>
         <run_address>0x2000dfc8</run_address>
         <size>0x13c</size>
         <input_file_ref idref="fl-ec"/>
      </object_component>
      <object_component id="oc-5f3">
         <name>.text:Power_sleep</name>
         <load_address>0x2000e104</load_address>
         <run_address>0x2000e104</run_address>
         <size>0x138</size>
         <input_file_ref idref="fl-14"/>
      </object_component>
      <object_component id="oc-35c">
         <name>.text:Timer_open</name>
         <load_address>0x2000e23c</load_address>
         <run_address>0x2000e23c</run_address>
         <size>0x138</size>
         <input_file_ref idref="fl-16"/>
      </object_component>
      <object_component id="oc-752">
         <name>.text</name>
         <load_address>0x2000e374</load_address>
         <run_address>0x2000e374</run_address>
         <size>0x136</size>
         <input_file_ref idref="fl-f3"/>
      </object_component>
      <object_component id="oc-4e0">
         <name>.text:I2C_transferTimeout</name>
         <load_address>0x2000e4aa</load_address>
         <run_address>0x2000e4aa</run_address>
         <size>0x122</size>
         <input_file_ref idref="fl-f"/>
      </object_component>
      <object_component id="oc-829">
         <name>.text:UARTCC32XX_close</name>
         <load_address>0x2000e5cc</load_address>
         <run_address>0x2000e5cc</run_address>
         <size>0x120</size>
         <input_file_ref idref="fl-17"/>
      </object_component>
      <object_component id="oc-77e">
         <name>.text:fcvt</name>
         <load_address>0x2000e6ec</load_address>
         <run_address>0x2000e6ec</run_address>
         <size>0x120</size>
         <input_file_ref idref="fl-ec"/>
      </object_component>
      <object_component id="oc-73c">
         <name>.text:aligned_alloc</name>
         <load_address>0x2000e80c</load_address>
         <run_address>0x2000e80c</run_address>
         <size>0x100</size>
         <input_file_ref idref="fl-ea"/>
      </object_component>
      <object_component id="oc-340">
         <name>.text:I2C_open</name>
         <load_address>0x2000e90c</load_address>
         <run_address>0x2000e90c</run_address>
         <size>0xfc</size>
         <input_file_ref idref="fl-13"/>
      </object_component>
      <object_component id="oc-74d">
         <name>.text</name>
         <load_address>0x2000ea08</load_address>
         <run_address>0x2000ea08</run_address>
         <size>0xfc</size>
         <input_file_ref idref="fl-f4"/>
      </object_component>
      <object_component id="oc-82f">
         <name>.text:UARTCC32XX_control</name>
         <load_address>0x2000eb04</load_address>
         <run_address>0x2000eb04</run_address>
         <size>0xf2</size>
         <input_file_ref idref="fl-17"/>
      </object_component>
      <object_component id="oc-424">
         <name>.text:PowerCC32XX_initPolicy</name>
         <load_address>0x2000ebf6</load_address>
         <run_address>0x2000ebf6</run_address>
         <size>0x2</size>
         <input_file_ref idref="fl-1e"/>
      </object_component>
      <object_component id="oc-226">
         <name>.text:readTemp</name>
         <load_address>0x2000ebf8</load_address>
         <run_address>0x2000ebf8</run_address>
         <size>0xec</size>
         <input_file_ref idref="fl-2"/>
      </object_component>
      <object_component id="oc-446">
         <name>.text:free</name>
         <load_address>0x2000ece4</load_address>
         <run_address>0x2000ece4</run_address>
         <size>0xe4</size>
         <input_file_ref idref="fl-ea"/>
      </object_component>
      <object_component id="oc-792">
         <name>.text:scalbn</name>
         <load_address>0x2000edc8</load_address>
         <run_address>0x2000edc8</run_address>
         <size>0xd0</size>
         <input_file_ref idref="fl-ee"/>
      </object_component>
      <object_component id="oc-853">
         <name>.text:UARTCC32XX_write</name>
         <load_address>0x2000ee98</load_address>
         <run_address>0x2000ee98</run_address>
         <size>0xca</size>
         <input_file_ref idref="fl-17"/>
      </object_component>
      <object_component id="oc-6fa">
         <name>.text:SemaphoreP_destruct</name>
         <load_address>0x2000ef62</load_address>
         <run_address>0x2000ef62</run_address>
         <size>0x2</size>
         <input_file_ref idref="fl-1b"/>
      </object_component>
      <object_component id="oc-7f9">
         <name>.text:restoreParkedPins</name>
         <load_address>0x2000ef64</load_address>
         <run_address>0x2000ef64</run_address>
         <size>0xc0</size>
         <input_file_ref idref="fl-14"/>
      </object_component>
      <object_component id="oc-847">
         <name>.text:UARTCC32XX_readPolling</name>
         <load_address>0x2000f024</load_address>
         <run_address>0x2000f024</run_address>
         <size>0xba</size>
         <input_file_ref idref="fl-17"/>
      </object_component>
      <object_component id="oc-350">
         <name>.text:Timer_init</name>
         <load_address>0x2000f0de</load_address>
         <run_address>0x2000f0de</run_address>
         <size>0x2</size>
         <input_file_ref idref="fl-10"/>
      </object_component>
      <object_component id="oc-9b9">
         <name>.text:initHw</name>
         <load_address>0x2000f0e0</load_address>
         <run_address>0x2000f0e0</run_address>
         <size>0xb8</size>
         <input_file_ref idref="fl-17"/>
      </object_component>
      <object_component id="oc-a63">
         <name>.text:readTaskCallback</name>
         <load_address>0x2000f198</load_address>
         <run_address>0x2000f198</run_address>
         <size>0xb6</size>
         <input_file_ref idref="fl-17"/>
      </object_component>
      <object_component id="oc-6a8">
         <name>.text:I2CCC32XX_completeTransfer</name>
         <load_address>0x2000f24e</load_address>
         <run_address>0x2000f24e</run_address>
         <size>0xb2</size>
         <input_file_ref idref="fl-13"/>
      </object_component>
      <object_component id="oc-560">
         <name>.text:_ltostr</name>
         <load_address>0x2000f300</load_address>
         <run_address>0x2000f300</run_address>
         <size>0xb1</size>
         <input_file_ref idref="fl-ec"/>
      </object_component>
      <object_component id="oc-a51">
         <name>.text:readTaskBlocking</name>
         <load_address>0x2000f3b2</load_address>
         <run_address>0x2000f3b2</run_address>
         <size>0xb0</size>
         <input_file_ref idref="fl-17"/>
      </object_component>
      <object_component id="oc-a57">
         <name>.text:readIsrTextBlocking</name>
         <load_address>0x2000f462</load_address>
         <run_address>0x2000f462</run_address>
         <size>0xae</size>
         <input_file_ref idref="fl-17"/>
      </object_component>
      <object_component id="oc-696">
         <name>.text:I2CCC32XX_primeWriteBurst</name>
         <load_address>0x2000f510</load_address>
         <run_address>0x2000f510</run_address>
         <size>0xa8</size>
         <input_file_ref idref="fl-13"/>
      </object_component>
      <object_component id="oc-b5">
         <name>.text:IntEnable</name>
         <load_address>0x2000f5b8</load_address>
         <run_address>0x2000f5b8</run_address>
         <size>0xa8</size>
         <input_file_ref idref="fl-24"/>
      </object_component>
      <object_component id="oc-2d5">
         <name>.text:PowerCC32XX_configureWakeup</name>
         <load_address>0x2000f660</load_address>
         <run_address>0x2000f660</run_address>
         <size>0xa8</size>
         <input_file_ref idref="fl-14"/>
      </object_component>
      <object_component id="oc-a69">
         <name>.text:readIsrTextCallback</name>
         <load_address>0x2000f708</load_address>
         <run_address>0x2000f708</run_address>
         <size>0xa2</size>
         <input_file_ref idref="fl-17"/>
      </object_component>
      <object_component id="oc-9f0">
         <name>.text:writeData</name>
         <load_address>0x2000f7aa</load_address>
         <run_address>0x2000f7aa</run_address>
         <size>0xa2</size>
         <input_file_ref idref="fl-17"/>
      </object_component>
      <object_component id="oc-2fa">
         <name>.text:SemaphoreP_pend</name>
         <load_address>0x2000f84c</load_address>
         <run_address>0x2000f84c</run_address>
         <size>0xa0</size>
         <input_file_ref idref="fl-1b"/>
      </object_component>
      <object_component id="oc-4c0">
         <name>.text:I2CCC32XX_initHw</name>
         <load_address>0x2000f8ec</load_address>
         <run_address>0x2000f8ec</run_address>
         <size>0x9c</size>
         <input_file_ref idref="fl-13"/>
      </object_component>
      <object_component id="oc-3b">
         <name>.text</name>
         <load_address>0x2000f988</load_address>
         <run_address>0x2000f988</run_address>
         <size>0x9c</size>
         <input_file_ref idref="fl-e5"/>
      </object_component>
      <object_component id="oc-5ee">
         <name>.text</name>
         <load_address>0x2000fa24</load_address>
         <run_address>0x2000fa24</run_address>
         <size>0x96</size>
         <input_file_ref idref="fl-e6"/>
      </object_component>
      <object_component id="oc-835">
         <name>.text:UARTCC32XX_init</name>
         <load_address>0x2000faba</load_address>
         <run_address>0x2000faba</run_address>
         <size>0x2</size>
         <input_file_ref idref="fl-17"/>
      </object_component>
      <object_component id="oc-1e8">
         <name>.text:GPIO_init</name>
         <load_address>0x2000fabc</load_address>
         <run_address>0x2000fabc</run_address>
         <size>0x90</size>
         <input_file_ref idref="fl-12"/>
      </object_component>
      <object_component id="oc-7ed">
         <name>.text:restoreNVICRegs</name>
         <load_address>0x2000fb4c</load_address>
         <run_address>0x2000fb4c</run_address>
         <size>0x90</size>
         <input_file_ref idref="fl-14"/>
      </object_component>
      <object_component id="oc-4b4">
         <name>.text:HwiP_construct</name>
         <load_address>0x2000fbdc</load_address>
         <run_address>0x2000fbdc</run_address>
         <size>0x8c</size>
         <input_file_ref idref="fl-1d"/>
      </object_component>
      <object_component id="oc-974">
         <name>.text:IntPendSet</name>
         <load_address>0x2000fc68</load_address>
         <run_address>0x2000fc68</run_address>
         <size>0x88</size>
         <input_file_ref idref="fl-24"/>
      </object_component>
      <object_component id="oc-383">
         <name>.text:PinConfigSet</name>
         <load_address>0x2000fcf0</load_address>
         <run_address>0x2000fcf0</run_address>
         <size>0x88</size>
         <input_file_ref idref="fl-25"/>
      </object_component>
      <object_component id="oc-232">
         <name>.text:TickFct_TmpLED</name>
         <load_address>0x2000fd78</load_address>
         <run_address>0x2000fd78</run_address>
         <size>0x88</size>
         <input_file_ref idref="fl-2"/>
      </object_component>
      <object_component id="oc-566">
         <name>.text:__aeabi_cdcmple</name>
         <load_address>0x2000fe00</load_address>
         <run_address>0x2000fe00</run_address>
         <size>0x86</size>
         <input_file_ref idref="fl-f2"/>
      </object_component>
      <object_component id="oc-757">
         <name>.text:__aeabi_cdrcmple</name>
         <load_address>0x2000fe86</load_address>
         <run_address>0x2000fe86</run_address>
         <size>0x86</size>
         <input_file_ref idref="fl-f2"/>
      </object_component>
      <object_component id="oc-1e2">
         <name>.text:Power_init</name>
         <load_address>0x2000ff0c</load_address>
         <run_address>0x2000ff0c</run_address>
         <size>0x84</size>
         <input_file_ref idref="fl-14"/>
      </object_component>
      <object_component id="oc-7e2">
         <name>.text:saveNVICRegs</name>
         <load_address>0x2000ff90</load_address>
         <run_address>0x2000ff90</run_address>
         <size>0x84</size>
         <input_file_ref idref="fl-14"/>
      </object_component>
      <object_component id="oc-214">
         <name>.text:GPIO_write</name>
         <load_address>0x20010014</load_address>
         <run_address>0x20010014</run_address>
         <size>0x80</size>
         <input_file_ref idref="fl-12"/>
      </object_component>
      <object_component id="oc-389">
         <name>.text:Power_setDependency</name>
         <load_address>0x20010094</load_address>
         <run_address>0x20010094</run_address>
         <size>0x80</size>
         <input_file_ref idref="fl-14"/>
      </object_component>
      <object_component id="oc-a4b">
         <name>.text:readIsrBinaryBlocking</name>
         <load_address>0x20010114</load_address>
         <run_address>0x20010114</run_address>
         <size>0x7c</size>
         <input_file_ref idref="fl-17"/>
      </object_component>
      <object_component id="oc-690">
         <name>.text:I2CCC32XX_primeReadBurst</name>
         <load_address>0x20010190</load_address>
         <run_address>0x20010190</run_address>
         <size>0x7a</size>
         <input_file_ref idref="fl-13"/>
      </object_component>
      <object_component id="oc-3b7">
         <name>.text</name>
         <load_address>0x2001020a</load_address>
         <run_address>0x2001020a</run_address>
         <size>0x7a</size>
         <input_file_ref idref="fl-e1"/>
      </object_component>
      <object_component id="oc-9d">
         <name>.text</name>
         <load_address>0x20010284</load_address>
         <run_address>0x20010284</run_address>
         <size>0x7a</size>
         <input_file_ref idref="fl-f7"/>
      </object_component>
      <object_component id="oc-a5d">
         <name>.text:readIsrBinaryCallback</name>
         <load_address>0x200102fe</load_address>
         <run_address>0x200102fe</run_address>
         <size>0x78</size>
         <input_file_ref idref="fl-17"/>
      </object_component>
      <object_component id="oc-9c8">
         <name>.text:UARTCC32XX_hwiIntFxn</name>
         <load_address>0x20010376</load_address>
         <run_address>0x20010376</run_address>
         <size>0x74</size>
         <input_file_ref idref="fl-17"/>
      </object_component>
      <object_component id="oc-3f1">
         <name>.text:_nop</name>
         <load_address>0x200103ea</load_address>
         <run_address>0x200103ea</run_address>
         <size>0x2</size>
         <input_file_ref idref="fl-fc"/>
      </object_component>
      <object_component id="oc-319">
         <name>.text:powerNotifyFxn</name>
         <load_address>0x200103ec</load_address>
         <run_address>0x200103ec</run_address>
         <size>0x74</size>
         <input_file_ref idref="fl-12"/>
      </object_component>
      <object_component id="oc-8eb">
         <name>.text:split</name>
         <load_address>0x20010460</load_address>
         <run_address>0x20010460</run_address>
         <size>0x70</size>
         <input_file_ref idref="fl-ea"/>
      </object_component>
      <object_component id="oc-777">
         <name>.text:_mcpy</name>
         <load_address>0x200104d0</load_address>
         <run_address>0x200104d0</run_address>
         <size>0x6e</size>
         <input_file_ref idref="fl-ec"/>
      </object_component>
      <object_component id="oc-6c3">
         <name>.text:I2CSupport_primeTransfer</name>
         <load_address>0x2001053e</load_address>
         <run_address>0x2001053e</run_address>
         <size>0x6a</size>
         <input_file_ref idref="fl-13"/>
      </object_component>
      <object_component id="oc-208">
         <name>.text:Timer_setPeriod</name>
         <load_address>0x200105a8</load_address>
         <run_address>0x200105a8</run_address>
         <size>0x68</size>
         <input_file_ref idref="fl-10"/>
      </object_component>
      <object_component id="oc-14">
         <name>.text:decompress:lzss:__TI_decompress_lzss</name>
         <load_address>0x20010610</load_address>
         <run_address>0x20010610</run_address>
         <size>0x68</size>
         <input_file_ref idref="fl-e9"/>
      </object_component>
      <object_component id="oc-85f">
         <name>.text:UARTCC32XX_writeCancel</name>
         <load_address>0x20010678</load_address>
         <run_address>0x20010678</run_address>
         <size>0x66</size>
         <input_file_ref idref="fl-17"/>
      </object_component>
      <object_component id="oc-73">
         <name>.text:busFaultHandler</name>
         <load_address>0x200106de</load_address>
         <run_address>0x200106de</run_address>
         <size>0x2</size>
         <input_file_ref idref="fl-1f"/>
      </object_component>
      <object_component id="oc-39b">
         <name>.text:GPIO_setInterruptConfig</name>
         <load_address>0x200106e0</load_address>
         <run_address>0x200106e0</run_address>
         <size>0x64</size>
         <input_file_ref idref="fl-12"/>
      </object_component>
      <object_component id="oc-496">
         <name>.text:PowerCC32XX_setParkState</name>
         <load_address>0x20010744</load_address>
         <run_address>0x20010744</run_address>
         <size>0x64</size>
         <input_file_ref idref="fl-14"/>
      </object_component>
      <object_component id="oc-22c">
         <name>.text:TickFct_ButtonFlag</name>
         <load_address>0x200107a8</load_address>
         <run_address>0x200107a8</run_address>
         <size>0x64</size>
         <input_file_ref idref="fl-2"/>
      </object_component>
      <object_component id="oc-859">
         <name>.text:UARTCC32XX_writePolling</name>
         <load_address>0x2001080c</load_address>
         <run_address>0x2001080c</run_address>
         <size>0x62</size>
         <input_file_ref idref="fl-17"/>
      </object_component>
      <object_component id="oc-46b">
         <name>.text:clkFxn</name>
         <load_address>0x2001086e</load_address>
         <run_address>0x2001086e</run_address>
         <size>0x2</size>
         <input_file_ref idref="fl-1b"/>
      </object_component>
      <object_component id="oc-3a4">
         <name>.text:GPIO_hwiIntFxn</name>
         <load_address>0x20010870</load_address>
         <run_address>0x20010870</run_address>
         <size>0x60</size>
         <input_file_ref idref="fl-12"/>
      </object_component>
      <object_component id="oc-2a3">
         <name>.text:PRCMSysResetCauseGet</name>
         <load_address>0x200108d0</load_address>
         <run_address>0x200108d0</run_address>
         <size>0x60</size>
         <input_file_ref idref="fl-26"/>
      </object_component>
      <object_component id="oc-78c">
         <name>.text:frexp</name>
         <load_address>0x20010930</load_address>
         <run_address>0x20010930</run_address>
         <size>0x5c</size>
         <input_file_ref idref="fl-ed"/>
      </object_component>
      <object_component id="oc-934">
         <name>.text:sysTickInit</name>
         <load_address>0x2001098c</load_address>
         <run_address>0x2001098c</run_address>
         <size>0x5c</size>
         <input_file_ref idref="fl-1c"/>
      </object_component>
      <object_component id="oc-2bc">
         <name>.text:PRCMPeripheralReset</name>
         <load_address>0x200109e8</load_address>
         <run_address>0x200109e8</run_address>
         <size>0x58</size>
         <input_file_ref idref="fl-26"/>
      </object_component>
      <object_component id="oc-8dc">
         <name>.text:Power_releaseDependency</name>
         <load_address>0x20010a40</load_address>
         <run_address>0x20010a40</run_address>
         <size>0x58</size>
         <input_file_ref idref="fl-14"/>
      </object_component>
      <object_component id="oc-571">
         <name>.text:_pconv_f</name>
         <load_address>0x20010a98</load_address>
         <run_address>0x20010a98</run_address>
         <size>0x56</size>
         <input_file_ref idref="fl-ec"/>
      </object_component>
      <object_component id="oc-761">
         <name>.text:__TI_ltoa</name>
         <load_address>0x20010aee</load_address>
         <run_address>0x20010aee</run_address>
         <size>0x54</size>
         <input_file_ref idref="fl-fd"/>
      </object_component>
      <object_component id="oc-aa6">
         <name>.text:ringBufGet</name>
         <load_address>0x20010b42</load_address>
         <run_address>0x20010b42</run_address>
         <size>0x54</size>
         <input_file_ref idref="fl-17"/>
      </object_component>
      <object_component id="oc-951">
         <name>.text:PowerCC32XX_resumeLPDS</name>
         <load_address>0x20010b96</load_address>
         <run_address>0x20010b96</run_address>
         <size>0x52</size>
         <input_file_ref idref="fl-15"/>
      </object_component>
      <object_component id="oc-771">
         <name>.text:_ecpy</name>
         <load_address>0x20010be8</load_address>
         <run_address>0x20010be8</run_address>
         <size>0x52</size>
         <input_file_ref idref="fl-ec"/>
      </object_component>
      <object_component id="oc-501">
         <name>.text:initHw</name>
         <load_address>0x20010c3a</load_address>
         <run_address>0x20010c3a</run_address>
         <size>0x52</size>
         <input_file_ref idref="fl-16"/>
      </object_component>
      <object_component id="oc-79">
         <name>.text:ClockP_sysTickHandler</name>
         <load_address>0x20010c8c</load_address>
         <run_address>0x20010c8c</run_address>
         <size>0x50</size>
         <input_file_ref idref="fl-1c"/>
      </object_component>
      <object_component id="oc-614">
         <name>.text:SemaphoreP_construct</name>
         <load_address>0x20010cdc</load_address>
         <run_address>0x20010cdc</run_address>
         <size>0x50</size>
         <input_file_ref idref="fl-1b"/>
      </object_component>
      <object_component id="oc-4ef">
         <name>.text:TimerCC32XX_allocateTimerResource</name>
         <load_address>0x20010d2c</load_address>
         <run_address>0x20010d2c</run_address>
         <size>0x50</size>
         <input_file_ref idref="fl-16"/>
      </object_component>
      <object_component id="oc-684">
         <name>.text:I2CCC32XX_readRecieveFifo</name>
         <load_address>0x20010d7c</load_address>
         <run_address>0x20010d7c</run_address>
         <size>0x4c</size>
         <input_file_ref idref="fl-13"/>
      </object_component>
      <object_component id="oc-948">
         <name>.text:PowerCC32XX_parkPin</name>
         <load_address>0x20010dc8</load_address>
         <run_address>0x20010dc8</run_address>
         <size>0x4c</size>
         <input_file_ref idref="fl-14"/>
      </object_component>
      <object_component id="oc-55a">
         <name>.text:atoi</name>
         <load_address>0x20010e14</load_address>
         <run_address>0x20010e14</run_address>
         <size>0x4c</size>
         <input_file_ref idref="fl-ff"/>
      </object_component>
      <object_component id="oc-7f3">
         <name>.text:restorePeriphClocks</name>
         <load_address>0x20010e60</load_address>
         <run_address>0x20010e60</run_address>
         <size>0x4c</size>
         <input_file_ref idref="fl-14"/>
      </object_component>
      <object_component id="oc-238">
         <name>.text:snprintf</name>
         <load_address>0x20010eac</load_address>
         <run_address>0x20010eac</run_address>
         <size>0x4c</size>
         <input_file_ref idref="fl-e0"/>
      </object_component>
      <object_component id="oc-96c">
         <name>.text:FlashDisable</name>
         <load_address>0x20010ef8</load_address>
         <run_address>0x20010ef8</run_address>
         <size>0x48</size>
         <input_file_ref idref="fl-2a"/>
      </object_component>
      <object_component id="oc-53e">
         <name>.text:GPIO_disableInt</name>
         <load_address>0x20010f40</load_address>
         <run_address>0x20010f40</run_address>
         <size>0x48</size>
         <input_file_ref idref="fl-12"/>
      </object_component>
      <object_component id="oc-220">
         <name>.text:GPIO_enableInt</name>
         <load_address>0x20010f88</load_address>
         <run_address>0x20010f88</run_address>
         <size>0x48</size>
         <input_file_ref idref="fl-12"/>
      </object_component>
      <object_component id="oc-7ff">
         <name>.text:PRCMLPDSEnter</name>
         <load_address>0x20010fd0</load_address>
         <run_address>0x20010fd0</run_address>
         <size>0x48</size>
         <input_file_ref idref="fl-26"/>
      </object_component>
      <object_component id="oc-2b6">
         <name>.text:PRCMPeripheralClkEnable</name>
         <load_address>0x20011018</load_address>
         <run_address>0x20011018</run_address>
         <size>0x48</size>
         <input_file_ref idref="fl-26"/>
      </object_component>
      <object_component id="oc-89a">
         <name>.text:Power_releaseConstraint</name>
         <load_address>0x20011060</load_address>
         <run_address>0x20011060</run_address>
         <size>0x48</size>
         <input_file_ref idref="fl-14"/>
      </object_component>
      <object_component id="oc-202">
         <name>.text:initTimer</name>
         <load_address>0x200110a8</load_address>
         <run_address>0x200110a8</run_address>
         <size>0x48</size>
         <input_file_ref idref="fl-2"/>
      </object_component>
      <object_component id="oc-75c">
         <name>.text</name>
         <load_address>0x200110f0</load_address>
         <run_address>0x200110f0</run_address>
         <size>0x48</size>
         <input_file_ref idref="fl-f5"/>
      </object_component>
      <object_component id="oc-a93">
         <name>.text:RingBuf_put</name>
         <load_address>0x20011138</load_address>
         <run_address>0x20011138</run_address>
         <size>0x46</size>
         <input_file_ref idref="fl-19"/>
      </object_component>
      <object_component id="oc-4fb">
         <name>.text:getPrescaler</name>
         <load_address>0x2001117e</load_address>
         <run_address>0x2001117e</run_address>
         <size>0x46</size>
         <input_file_ref idref="fl-16"/>
      </object_component>
      <object_component id="oc-63c">
         <name>.text:ClockP_stop</name>
         <load_address>0x200111c4</load_address>
         <run_address>0x200111c4</run_address>
         <size>0x44</size>
         <input_file_ref idref="fl-1c"/>
      </object_component>
      <object_component id="oc-956">
         <name>.text:PRCMLPDSRestoreInfoSet</name>
         <load_address>0x20011208</load_address>
         <run_address>0x20011208</run_address>
         <size>0x44</size>
         <input_file_ref idref="fl-26"/>
      </object_component>
      <object_component id="oc-7e8">
         <name>.text:PowerCC32XX_enterLPDS</name>
         <load_address>0x2001124c</load_address>
         <run_address>0x2001124c</run_address>
         <size>0x44</size>
         <input_file_ref idref="fl-15"/>
      </object_component>
      <object_component id="oc-306">
         <name>.text:SemaphoreP_post</name>
         <load_address>0x20011290</load_address>
         <run_address>0x20011290</run_address>
         <size>0x44</size>
         <input_file_ref idref="fl-1b"/>
      </object_component>
      <object_component id="oc-604">
         <name>.text:SwiP_restore</name>
         <load_address>0x200112d4</load_address>
         <run_address>0x200112d4</run_address>
         <size>0x44</size>
         <input_file_ref idref="fl-20"/>
      </object_component>
      <object_component id="oc-362">
         <name>.text:Timer_start</name>
         <load_address>0x20011318</load_address>
         <run_address>0x20011318</run_address>
         <size>0x44</size>
         <input_file_ref idref="fl-10"/>
      </object_component>
      <object_component id="oc-321">
         <name>.text:UART_init</name>
         <load_address>0x2001135c</load_address>
         <run_address>0x2001135c</run_address>
         <size>0x44</size>
         <input_file_ref idref="fl-11"/>
      </object_component>
      <object_component id="oc-179">
         <name>.text:__TI_auto_init_nobinit_nopinit:__TI_auto_init_nobinit_nopinit</name>
         <load_address>0x200113a0</load_address>
         <run_address>0x200113a0</run_address>
         <size>0x44</size>
         <input_file_ref idref="fl-f8"/>
      </object_component>
      <object_component id="oc-a3a">
         <name>.text:ClockP_construct</name>
         <load_address>0x200113e4</load_address>
         <run_address>0x200113e4</run_address>
         <size>0x40</size>
         <input_file_ref idref="fl-1c"/>
      </object_component>
      <object_component id="oc-2ce">
         <name>.text:PinModeSet</name>
         <load_address>0x20011424</load_address>
         <run_address>0x20011424</run_address>
         <size>0x40</size>
         <input_file_ref idref="fl-25"/>
      </object_component>
      <object_component id="oc-9e2">
         <name>.text:RingBuf_get</name>
         <load_address>0x20011464</load_address>
         <run_address>0x20011464</run_address>
         <size>0x40</size>
         <input_file_ref idref="fl-19"/>
      </object_component>
      <object_component id="oc-51b">
         <name>.text:TimerSupport_timerEnable</name>
         <load_address>0x200114a4</load_address>
         <run_address>0x200114a4</run_address>
         <size>0x40</size>
         <input_file_ref idref="fl-16"/>
      </object_component>
      <object_component id="oc-4f5">
         <name>.text:Timer_close</name>
         <load_address>0x200114e4</load_address>
         <run_address>0x200114e4</run_address>
         <size>0x40</size>
         <input_file_ref idref="fl-16"/>
      </object_component>
      <object_component id="oc-841">
         <name>.text:UARTCC32XX_read</name>
         <load_address>0x20011524</load_address>
         <run_address>0x20011524</run_address>
         <size>0x40</size>
         <input_file_ref idref="fl-17"/>
      </object_component>
      <object_component id="oc-32d">
         <name>.text:UART_open</name>
         <load_address>0x20011564</load_address>
         <run_address>0x20011564</run_address>
         <size>0x40</size>
         <input_file_ref idref="fl-11"/>
      </object_component>
      <object_component id="oc-784">
         <name>.text:_fcpy</name>
         <load_address>0x200115a4</load_address>
         <run_address>0x200115a4</run_address>
         <size>0x3e</size>
         <input_file_ref idref="fl-ec"/>
      </object_component>
      <object_component id="oc-6d">
         <name>.text:defaultHandler</name>
         <load_address>0x200115e2</load_address>
         <run_address>0x200115e2</run_address>
         <size>0x2</size>
         <input_file_ref idref="fl-1f"/>
      </object_component>
      <object_component id="oc-465">
         <name>.text:ClockP_destruct</name>
         <load_address>0x200115e4</load_address>
         <run_address>0x200115e4</run_address>
         <size>0x3c</size>
         <input_file_ref idref="fl-1c"/>
      </object_component>
      <object_component id="oc-72d">
         <name>.text:Power_setConstraint</name>
         <load_address>0x20011620</load_address>
         <run_address>0x20011620</run_address>
         <size>0x3c</size>
         <input_file_ref idref="fl-14"/>
      </object_component>
      <object_component id="oc-1f6">
         <name>.text:initUART</name>
         <load_address>0x2001165c</load_address>
         <run_address>0x2001165c</run_address>
         <size>0x3c</size>
         <input_file_ref idref="fl-2"/>
      </object_component>
      <object_component id="oc-5e8">
         <name>.text:getCountsRTC</name>
         <load_address>0x20011698</load_address>
         <run_address>0x20011698</run_address>
         <size>0x3a</size>
         <input_file_ref idref="fl-1e"/>
      </object_component>
      <object_component id="oc-67">
         <name>.text:faultISR</name>
         <load_address>0x200116d2</load_address>
         <run_address>0x200116d2</run_address>
         <size>0x2</size>
         <input_file_ref idref="fl-1f"/>
      </object_component>
      <object_component id="oc-805">
         <name>.text:PRCMLPDSEnterKeepDebugIf</name>
         <load_address>0x200116d4</load_address>
         <run_address>0x200116d4</run_address>
         <size>0x38</size>
         <input_file_ref idref="fl-26"/>
      </object_component>
      <object_component id="oc-db">
         <name>.text:addToList</name>
         <load_address>0x2001170c</load_address>
         <run_address>0x2001170c</run_address>
         <size>0x38</size>
         <input_file_ref idref="fl-1c"/>
      </object_component>
      <object_component id="oc-59">
         <name>.text:initVectors</name>
         <load_address>0x20011744</load_address>
         <run_address>0x20011744</run_address>
         <size>0x38</size>
         <input_file_ref idref="fl-1f"/>
      </object_component>
      <object_component id="oc-7d6">
         <name>.text:notify</name>
         <load_address>0x2001177c</load_address>
         <run_address>0x2001177c</run_address>
         <size>0x38</size>
         <input_file_ref idref="fl-14"/>
      </object_component>
      <object_component id="oc-3bc">
         <name>.text</name>
         <load_address>0x200117b4</load_address>
         <run_address>0x200117b4</run_address>
         <size>0x38</size>
         <input_file_ref idref="fl-e2"/>
      </object_component>
      <object_component id="oc-3b2">
         <name>.text</name>
         <load_address>0x200117ec</load_address>
         <run_address>0x200117ec</run_address>
         <size>0x38</size>
         <input_file_ref idref="fl-e3"/>
      </object_component>
      <object_component id="oc-70e">
         <name>.text:TimerControlStall</name>
         <load_address>0x20011824</load_address>
         <run_address>0x20011824</run_address>
         <size>0x36</size>
         <input_file_ref idref="fl-27"/>
      </object_component>
      <object_component id="oc-6e8">
         <name>.text:Timer_stop</name>
         <load_address>0x2001185a</load_address>
         <run_address>0x2001185a</run_address>
         <size>0x36</size>
         <input_file_ref idref="fl-10"/>
      </object_component>
      <object_component id="oc-84d">
         <name>.text:UARTCC32XX_readCancel</name>
         <load_address>0x20011890</load_address>
         <run_address>0x20011890</run_address>
         <size>0x36</size>
         <input_file_ref idref="fl-17"/>
      </object_component>
      <object_component id="oc-61">
         <name>.text:nmiISR</name>
         <load_address>0x200118c6</load_address>
         <run_address>0x200118c6</run_address>
         <size>0x2</size>
         <input_file_ref idref="fl-1f"/>
      </object_component>
      <object_component id="oc-5d6">
         <name>.text:ClockP_getTicksUntilInterrupt</name>
         <load_address>0x200118c8</load_address>
         <run_address>0x200118c8</run_address>
         <size>0x34</size>
         <input_file_ref idref="fl-1c"/>
      </object_component>
      <object_component id="oc-7c7">
         <name>.text:ClockP_startup</name>
         <load_address>0x200118fc</load_address>
         <run_address>0x200118fc</run_address>
         <size>0x34</size>
         <input_file_ref idref="fl-1c"/>
      </object_component>
      <object_component id="oc-2c8">
         <name>.text:PinModeGet</name>
         <load_address>0x20011930</load_address>
         <run_address>0x20011930</run_address>
         <size>0x34</size>
         <input_file_ref idref="fl-25"/>
      </object_component>
      <object_component id="oc-986">
         <name>.text:PowerCC32XX_restoreParkState</name>
         <load_address>0x20011964</load_address>
         <run_address>0x20011964</run_address>
         <size>0x34</size>
         <input_file_ref idref="fl-14"/>
      </object_component>
      <object_component id="oc-700">
         <name>.text:TimerCC32XX_freeTimerResource</name>
         <load_address>0x20011998</load_address>
         <run_address>0x20011998</run_address>
         <size>0x34</size>
         <input_file_ref idref="fl-16"/>
      </object_component>
      <object_component id="oc-513">
         <name>.text:TimerCC32XX_hwiIntFunction</name>
         <load_address>0x200119cc</load_address>
         <run_address>0x200119cc</run_address>
         <size>0x34</size>
         <input_file_ref idref="fl-16"/>
      </object_component>
      <object_component id="oc-6de">
         <name>.text:getPowerMgrId</name>
         <load_address>0x20011a00</load_address>
         <run_address>0x20011a00</run_address>
         <size>0x34</size>
         <input_file_ref idref="fl-16"/>
      </object_component>
      <object_component id="oc-453">
         <name>.text:ClockP_start</name>
         <load_address>0x20011a34</load_address>
         <run_address>0x20011a34</run_address>
         <size>0x30</size>
         <input_file_ref idref="fl-1c"/>
      </object_component>
      <object_component id="oc-965">
         <name>.text:PowerCC32XX_restoreParkedPin</name>
         <load_address>0x20011a64</load_address>
         <run_address>0x20011a64</run_address>
         <size>0x30</size>
         <input_file_ref idref="fl-14"/>
      </object_component>
      <object_component id="oc-3ca">
         <name>.text:_outs</name>
         <load_address>0x20011a94</load_address>
         <run_address>0x20011a94</run_address>
         <size>0x30</size>
         <input_file_ref idref="fl-e0"/>
      </object_component>
      <object_component id="oc-767">
         <name>.text</name>
         <load_address>0x20011ac4</load_address>
         <run_address>0x20011ac4</run_address>
         <size>0x2e</size>
         <input_file_ref idref="fl-f6"/>
      </object_component>
      <object_component id="oc-7d0">
         <name>.text</name>
         <load_address>0x20011af2</load_address>
         <run_address>0x20011af2</run_address>
         <size>0x2</size>
         <input_file_ref idref="fl-f0"/>
      </object_component>
      <object_component id="oc-9a7">
         <name>.text:PowerCC32XX_getParkState</name>
         <load_address>0x20011af4</load_address>
         <run_address>0x20011af4</run_address>
         <size>0x2c</size>
         <input_file_ref idref="fl-14"/>
      </object_component>
      <object_component id="oc-395">
         <name>.text:HwiP_create</name>
         <load_address>0x20011b20</load_address>
         <run_address>0x20011b20</run_address>
         <size>0x2a</size>
         <input_file_ref idref="fl-1d"/>
      </object_component>
      <object_component id="oc-52b">
         <name>.text:TimerLoadSet</name>
         <load_address>0x20011b4a</load_address>
         <run_address>0x20011b4a</run_address>
         <size>0x2a</size>
         <input_file_ref idref="fl-27"/>
      </object_component>
      <object_component id="oc-525">
         <name>.text:TimerPrescaleSet</name>
         <load_address>0x20011b74</load_address>
         <run_address>0x20011b74</run_address>
         <size>0x2a</size>
         <input_file_ref idref="fl-27"/>
      </object_component>
      <object_component id="oc-69c">
         <name>.text:I2CFIFODataPutNonBlocking</name>
         <load_address>0x20011b9e</load_address>
         <run_address>0x20011b9e</run_address>
         <size>0x28</size>
         <input_file_ref idref="fl-23"/>
      </object_component>
      <object_component id="oc-2c2">
         <name>.text:PRCMPeripheralClkDisable</name>
         <load_address>0x20011bc8</load_address>
         <run_address>0x20011bc8</run_address>
         <size>0x28</size>
         <input_file_ref idref="fl-26"/>
      </object_component>
      <object_component id="oc-300">
         <name>.text:Power_registerNotify</name>
         <load_address>0x20011bf0</load_address>
         <run_address>0x20011bf0</run_address>
         <size>0x28</size>
         <input_file_ref idref="fl-14"/>
      </object_component>
      <object_component id="oc-634">
         <name>.text:free_list_insert</name>
         <load_address>0x20011c18</load_address>
         <run_address>0x20011c18</run_address>
         <size>0x28</size>
         <input_file_ref idref="fl-ea"/>
      </object_component>
      <object_component id="oc-876">
         <name>.text:I2CFIFODataGetNonBlocking</name>
         <load_address>0x20011c40</load_address>
         <run_address>0x20011c40</run_address>
         <size>0x26</size>
         <input_file_ref idref="fl-23"/>
      </object_component>
      <object_component id="oc-6cf">
         <name>.text:I2C_cancel</name>
         <load_address>0x20011c66</load_address>
         <run_address>0x20011c66</run_address>
         <size>0x26</size>
         <input_file_ref idref="fl-f"/>
      </object_component>
      <object_component id="oc-475">
         <name>.text:List_put</name>
         <load_address>0x20011c8c</load_address>
         <run_address>0x20011c8c</run_address>
         <size>0x26</size>
         <input_file_ref idref="fl-18"/>
      </object_component>
      <object_component id="oc-8cd">
         <name>.text:List_remove</name>
         <load_address>0x20011cb2</load_address>
         <run_address>0x20011cb2</run_address>
         <size>0x26</size>
         <input_file_ref idref="fl-18"/>
      </object_component>
      <object_component id="oc-37b">
         <name>.text:TimerSupport_timerLoad</name>
         <load_address>0x20011cd8</load_address>
         <run_address>0x20011cd8</run_address>
         <size>0x26</size>
         <input_file_ref idref="fl-16"/>
      </object_component>
      <object_component id="oc-663">
         <name>.text:HwiP_dispatch</name>
         <load_address>0x20011d00</load_address>
         <run_address>0x20011d00</run_address>
         <size>0x24</size>
         <input_file_ref idref="fl-1d"/>
      </object_component>
      <object_component id="oc-9a1">
         <name>.text:PowerCC32XX_reset</name>
         <load_address>0x20011d24</load_address>
         <run_address>0x20011d24</run_address>
         <size>0x24</size>
         <input_file_ref idref="fl-14"/>
      </object_component>
      <object_component id="oc-8c6">
         <name>.text:TimerSupport_timerDisable</name>
         <load_address>0x20011d48</load_address>
         <run_address>0x20011d48</run_address>
         <size>0x24</size>
         <input_file_ref idref="fl-16"/>
      </object_component>
      <object_component id="oc-c5">
         <name>.text:_c_int00_noargs:_c_int00_noargs</name>
         <load_address>0x20011d6c</load_address>
         <run_address>0x20011d6c</run_address>
         <size>0x24</size>
         <input_file_ref idref="fl-eb"/>
      </object_component>
      <object_component id="oc-87e">
         <name>.text:I2CMasterSlaveAddrSet</name>
         <load_address>0x20011d90</load_address>
         <run_address>0x20011d90</run_address>
         <size>0x22</size>
         <input_file_ref idref="fl-23"/>
      </object_component>
      <object_component id="oc-8d4">
         <name>.text:HwiP_destruct</name>
         <load_address>0x20011db2</load_address>
         <run_address>0x20011db2</run_address>
         <size>0x20</size>
         <input_file_ref idref="fl-1d"/>
      </object_component>
      <object_component id="oc-6ee">
         <name>.text:Power_unregisterNotify</name>
         <load_address>0x20011dd4</load_address>
         <run_address>0x20011dd4</run_address>
         <size>0x20</size>
         <input_file_ref idref="fl-14"/>
      </object_component>
      <object_component id="oc-98d">
         <name>.text:RingBuf_peek</name>
         <load_address>0x20011df4</load_address>
         <run_address>0x20011df4</run_address>
         <size>0x20</size>
         <input_file_ref idref="fl-19"/>
      </object_component>
      <object_component id="oc-99b">
         <name>.text:getPowerMgrId</name>
         <load_address>0x20011e14</load_address>
         <run_address>0x20011e14</run_address>
         <size>0x20</size>
         <input_file_ref idref="fl-17"/>
      </object_component>
      <object_component id="oc-678">
         <name>.text:I2CMasterIntStatusEx</name>
         <load_address>0x20011e34</load_address>
         <run_address>0x20011e34</run_address>
         <size>0x1e</size>
         <input_file_ref idref="fl-23"/>
      </object_component>
      <object_component id="oc-4ba">
         <name>.text:SemaphoreP_constructBinary</name>
         <load_address>0x20011e52</load_address>
         <run_address>0x20011e52</run_address>
         <size>0x1e</size>
         <input_file_ref idref="fl-1b"/>
      </object_component>
      <object_component id="oc-708">
         <name>.text:TimerDisable</name>
         <load_address>0x20011e70</load_address>
         <run_address>0x20011e70</run_address>
         <size>0x1e</size>
         <input_file_ref idref="fl-27"/>
      </object_component>
      <object_component id="oc-733">
         <name>.text:TimerEnable</name>
         <load_address>0x20011e8e</load_address>
         <run_address>0x20011e8e</run_address>
         <size>0x1e</size>
         <input_file_ref idref="fl-27"/>
      </object_component>
      <object_component id="oc-942">
         <name>.text:PinToPadGet</name>
         <load_address>0x20011eac</load_address>
         <run_address>0x20011eac</run_address>
         <size>0x1c</size>
         <input_file_ref idref="fl-25"/>
      </object_component>
      <object_component id="oc-5ca">
         <name>.text:SwiP_disable</name>
         <load_address>0x20011ec8</load_address>
         <run_address>0x20011ec8</run_address>
         <size>0x1c</size>
         <input_file_ref idref="fl-20"/>
      </object_component>
      <object_component id="oc-62e">
         <name>.text:free_list_remove</name>
         <load_address>0x20011ee4</load_address>
         <run_address>0x20011ee4</run_address>
         <size>0x1c</size>
         <input_file_ref idref="fl-ea"/>
      </object_component>
      <object_component id="oc-583">
         <name>.text:memccpy</name>
         <load_address>0x20011f00</load_address>
         <run_address>0x20011f00</run_address>
         <size>0x1c</size>
         <input_file_ref idref="fl-101"/>
      </object_component>
      <object_component id="oc-9b3">
         <name>.text:ClockP_create</name>
         <load_address>0x20011f1c</load_address>
         <run_address>0x20011f1c</run_address>
         <size>0x1a</size>
         <input_file_ref idref="fl-1c"/>
      </object_component>
      <object_component id="oc-2e2">
         <name>.text:SemaphoreP_createBinary</name>
         <load_address>0x20011f36</load_address>
         <run_address>0x20011f36</run_address>
         <size>0x1a</size>
         <input_file_ref idref="fl-1b"/>
      </object_component>
      <object_component id="oc-21">
         <name>.text:resetISR</name>
         <load_address>0x20011f50</load_address>
         <run_address>0x20011f50</run_address>
         <size>0x1a</size>
         <input_file_ref idref="fl-1f"/>
      </object_component>
      <object_component id="oc-21a">
         <name>.text:GPIO_setCallback</name>
         <load_address>0x20011f6c</load_address>
         <run_address>0x20011f6c</run_address>
         <size>0x18</size>
         <input_file_ref idref="fl-e"/>
      </object_component>
      <object_component id="oc-8af">
         <name>.text:I2CMasterBusBusy</name>
         <load_address>0x20011f84</load_address>
         <run_address>0x20011f84</run_address>
         <size>0x18</size>
         <input_file_ref idref="fl-23"/>
      </object_component>
      <object_component id="oc-68a">
         <name>.text:I2CMasterIntDisableEx</name>
         <load_address>0x20011f9c</load_address>
         <run_address>0x20011f9c</run_address>
         <size>0x18</size>
         <input_file_ref idref="fl-23"/>
      </object_component>
      <object_component id="oc-890">
         <name>.text:I2CMasterIntEnableEx</name>
         <load_address>0x20011fb4</load_address>
         <run_address>0x20011fb4</run_address>
         <size>0x18</size>
         <input_file_ref idref="fl-23"/>
      </object_component>
      <object_component id="oc-8a9">
         <name>.text:I2CRxFIFOFlush</name>
         <load_address>0x20011fcc</load_address>
         <run_address>0x20011fcc</run_address>
         <size>0x18</size>
         <input_file_ref idref="fl-23"/>
      </object_component>
      <object_component id="oc-8a3">
         <name>.text:I2CTxFIFOFlush</name>
         <load_address>0x20011fe4</load_address>
         <run_address>0x20011fe4</run_address>
         <size>0x18</size>
         <input_file_ref idref="fl-23"/>
      </object_component>
      <object_component id="oc-5dc">
         <name>.text:Power_getTransitionLatency</name>
         <load_address>0x20011ffc</load_address>
         <run_address>0x20011ffc</run_address>
         <size>0x18</size>
         <input_file_ref idref="fl-14"/>
      </object_component>
      <object_component id="oc-818">
         <name>.text:Power_idleFunc</name>
         <load_address>0x20012014</load_address>
         <run_address>0x20012014</run_address>
         <size>0x18</size>
         <input_file_ref idref="fl-14"/>
      </object_component>
      <object_component id="oc-a08">
         <name>.text:TimerIntDisable</name>
         <load_address>0x2001202c</load_address>
         <run_address>0x2001202c</run_address>
         <size>0x18</size>
         <input_file_ref idref="fl-27"/>
      </object_component>
      <object_component id="oc-727">
         <name>.text:TimerIntEnable</name>
         <load_address>0x20012044</load_address>
         <run_address>0x20012044</run_address>
         <size>0x18</size>
         <input_file_ref idref="fl-27"/>
      </object_component>
      <object_component id="oc-9ea">
         <name>.text:UARTBusy</name>
         <load_address>0x2001205c</load_address>
         <run_address>0x2001205c</run_address>
         <size>0x18</size>
         <input_file_ref idref="fl-28"/>
      </object_component>
      <object_component id="oc-a7e">
         <name>.text:UARTIntEnable</name>
         <load_address>0x20012074</load_address>
         <run_address>0x20012074</run_address>
         <size>0x18</size>
         <input_file_ref idref="fl-28"/>
      </object_component>
      <object_component id="oc-327">
         <name>.text:UART_Params_init</name>
         <load_address>0x2001208c</load_address>
         <run_address>0x2001208c</run_address>
         <size>0x18</size>
         <input_file_ref idref="fl-11"/>
      </object_component>
      <object_component id="oc-3d0">
         <name>.text:_outc</name>
         <load_address>0x200120a4</load_address>
         <run_address>0x200120a4</run_address>
         <size>0x18</size>
         <input_file_ref idref="fl-e0"/>
      </object_component>
      <object_component id="oc-5f9">
         <name>.text</name>
         <load_address>0x200120bc</load_address>
         <run_address>0x200120bc</run_address>
         <size>0x18</size>
         <input_file_ref idref="fl-e4"/>
      </object_component>
      <object_component id="oc-88a">
         <name>.text:I2CMasterBurstLengthSet</name>
         <load_address>0x200120d4</load_address>
         <run_address>0x200120d4</run_address>
         <size>0x16</size>
         <input_file_ref idref="fl-23"/>
      </object_component>
      <object_component id="oc-2b0">
         <name>.text:PRCMHIBRegRead</name>
         <load_address>0x200120ea</load_address>
         <run_address>0x200120ea</run_address>
         <size>0x16</size>
         <input_file_ref idref="fl-26"/>
      </object_component>
      <object_component id="oc-2aa">
         <name>.text:PRCMHIBRegWrite</name>
         <load_address>0x20012100</load_address>
         <run_address>0x20012100</run_address>
         <size>0x16</size>
         <input_file_ref idref="fl-26"/>
      </object_component>
      <object_component id="oc-43b">
         <name>.text:SemaphoreP_create</name>
         <load_address>0x20012116</load_address>
         <run_address>0x20012116</run_address>
         <size>0x16</size>
         <input_file_ref idref="fl-1b"/>
      </object_component>
      <object_component id="oc-798">
         <name>.text:strchr</name>
         <load_address>0x2001212c</load_address>
         <run_address>0x2001212c</run_address>
         <size>0x16</size>
         <input_file_ref idref="fl-102"/>
      </object_component>
      <object_component id="oc-15a">
         <name>.text:Board_init</name>
         <load_address>0x20012142</load_address>
         <run_address>0x20012142</run_address>
         <size>0x14</size>
         <input_file_ref idref="fl-3"/>
      </object_component>
      <object_component id="oc-a3">
         <name>.text:CPUcpsid</name>
         <load_address>0x20012156</load_address>
         <run_address>0x20012156</run_address>
         <size>0x14</size>
         <input_file_ref idref="fl-22"/>
      </object_component>
      <object_component id="oc-47c">
         <name>.text:HwiP_inISR</name>
         <load_address>0x2001216c</load_address>
         <run_address>0x2001216c</run_address>
         <size>0x14</size>
         <input_file_ref idref="fl-1d"/>
      </object_component>
      <object_component id="oc-8b7">
         <name>.text:I2CSupport_masterFinish</name>
         <load_address>0x20012180</load_address>
         <run_address>0x20012180</run_address>
         <size>0x14</size>
         <input_file_ref idref="fl-13"/>
      </object_component>
      <object_component id="oc-346">
         <name>.text:I2C_transfer</name>
         <load_address>0x20012194</load_address>
         <run_address>0x20012194</run_address>
         <size>0x14</size>
         <input_file_ref idref="fl-f"/>
      </object_component>
      <object_component id="oc-af">
         <name>.text:IntVTableBaseSet</name>
         <load_address>0x200121a8</load_address>
         <run_address>0x200121a8</run_address>
         <size>0x14</size>
         <input_file_ref idref="fl-24"/>
      </object_component>
      <object_component id="oc-482">
         <name>.text:Power_disablePolicy</name>
         <load_address>0x200121bc</load_address>
         <run_address>0x200121bc</run_address>
         <size>0x14</size>
         <input_file_ref idref="fl-14"/>
      </object_component>
      <object_component id="oc-95e">
         <name>.text:Power_getDependencyCount</name>
         <load_address>0x200121d0</load_address>
         <run_address>0x200121d0</run_address>
         <size>0x14</size>
         <input_file_ref idref="fl-14"/>
      </object_component>
      <object_component id="oc-a78">
         <name>.text:releasePowerConstraint</name>
         <load_address>0x200121e4</load_address>
         <run_address>0x200121e4</run_address>
         <size>0x14</size>
         <input_file_ref idref="fl-17"/>
      </object_component>
      <object_component id="oc-554">
         <name>.text:strlen</name>
         <load_address>0x200121f8</load_address>
         <run_address>0x200121f8</run_address>
         <size>0x14</size>
         <input_file_ref idref="fl-103"/>
      </object_component>
      <object_component id="oc-38f">
         <name>.text:HwiP_Params_init</name>
         <load_address>0x2001220c</load_address>
         <run_address>0x2001220c</run_address>
         <size>0x12</size>
         <input_file_ref idref="fl-1d"/>
      </object_component>
      <object_component id="oc-67e">
         <name>.text:I2CMasterIntClearEx</name>
         <load_address>0x2001221e</load_address>
         <run_address>0x2001221e</run_address>
         <size>0x12</size>
         <input_file_ref idref="fl-23"/>
      </object_component>
      <object_component id="oc-995">
         <name>.text:RingBuf_construct</name>
         <load_address>0x20012230</load_address>
         <run_address>0x20012230</run_address>
         <size>0x12</size>
         <input_file_ref idref="fl-19"/>
      </object_component>
      <object_component id="oc-71e">
         <name>.text:TimerIntClear</name>
         <load_address>0x20012242</load_address>
         <run_address>0x20012242</run_address>
         <size>0x12</size>
         <input_file_ref idref="fl-27"/>
      </object_component>
[...]
      </symbol>
      <symbol id="sm-af6">
         <name>HwiP_disableInterrupt</name>
         <value>0x20012395</value>
         <object_component_ref idref="oc-6bd"/>
      </symbol>
      <symbol id="sm-b26">
         <name>PowerCC32XX_initPolicy</name>
         <value>0x2000ebf7</value>
         <object_component_ref idref="oc-424"/>
      </symbol>
      <symbol id="sm-b27">
         <name>PowerCC32XX_sleepPolicy</name>
         <value>0x2000d8f9</value>
         <object_component_ref idref="oc-42a"/>
      </symbol>
      <symbol id="sm-b77">
         <name>resetISR</name>
         <value>0x20011f51</value>
         <object_component_ref idref="oc-21"/>
      </symbol>
      <symbol id="sm-b78">
         <name>resetVectorAddr</name>
         <value>0x20011f64</value>
         <object_component_ref idref="oc-21"/>
      </symbol>
      <symbol id="sm-b79">
         <name>initVectors</name>
         <value>0x20011745</value>
         <object_component_ref idref="oc-59"/>
      </symbol>
      <symbol id="sm-b7a">
         <name>resetVectors</name>
         <value>0x20004000</value>
         <object_component_ref idref="oc-27"/>
      </symbol>
      <symbol id="sm-baa">
         <name>SwiP_disable</name>
         <value>0x20011ec9</value>
         <object_component_ref idref="oc-5ca"/>
      </symbol>
      <symbol id="sm-bab">
         <name>SwiP_restore</name>
         <value>0x200112d5</value>
         <object_component_ref idref="oc-604"/>
      </symbol>
      <symbol id="sm-bb6">
         <name>CPUcpsid</name>
         <value>0x20012157</value>
         <object_component_ref idref="oc-a3"/>
      </symbol>
      <symbol id="sm-c23">
         <name>I2CRxFIFOFlush</name>
         <value>0x20011fcd</value>
         <object_component_ref idref="oc-8a9"/>
      </symbol>
      <symbol id="sm-c24">
         <name>I2CTxFIFOFlush</name>
         <value>0x20011fe5</value>
         <object_component_ref idref="oc-8a3"/>
      </symbol>
      <symbol id="sm-c25">
         <name>I2CFIFODataPutNonBlocking</name>
         <value>0x20011b9f</value>
         <object_component_ref idref="oc-69c"/>
      </symbol>
      <symbol id="sm-c26">
         <name>I2CMasterBusBusy</name>
         <value>0x20011f85</value>
         <object_component_ref idref="oc-8af"/>
      </symbol>
      <symbol id="sm-c27">
         <name>I2CMasterIntDisableEx</name>
         <value>0x20011f9d</value>
         <object_component_ref idref="oc-68a"/>
      </symbol>
      <symbol id="sm-c28">
         <name>I2CMasterBurstLengthSet</name>
         <value>0x200120d5</value>
         <object_component_ref idref="oc-88a"/>
      </symbol>
      <symbol id="sm-c29">
         <name>I2CMasterIntClearEx</name>
         <value>0x2001221f</value>
         <object_component_ref idref="oc-67e"/>
      </symbol>
      <symbol id="sm-c2a">
         <name>I2CMasterSlaveAddrSet</name>
         <value>0x20011d91</value>
         <object_component_ref idref="oc-87e"/>
      </symbol>
      <symbol id="sm-c2b">
         <name>I2CMasterIntEnableEx</name>
         <value>0x20011fb5</value>
         <object_component_ref idref="oc-890"/>
      </symbol>
      <symbol id="sm-c2c">
         <name>I2CFIFOStatus</name>
         <value>0x200122e9</value>
         <object_component_ref idref="oc-6a2"/>
      </symbol>
      <symbol id="sm-c2d">
         <name>I2CMasterIntStatusEx</name>
         <value>0x20011e35</value>
         <object_component_ref idref="oc-678"/>
      </symbol>
      <symbol id="sm-c2e">
         <name>I2CFIFODataGetNonBlocking</name>
         <value>0x20011c41</value>
         <object_component_ref idref="oc-876"/>
      </symbol>
      <symbol id="sm-c73">
         <name>IntVTableBaseSet</name>
         <value>0x200121a9</value>
         <object_component_ref idref="oc-af"/>
      </symbol>
      <symbol id="sm-c74">
         <name>IntEnable</name>
         <value>0x2000f5b9</value>
         <object_component_ref idref="oc-b5"/>
      </symbol>
      <symbol id="sm-c75">
         <name>IntMasterDisable</name>
         <value>0x20012451</value>
         <object_component_ref idref="oc-53"/>
      </symbol>
      <symbol id="sm-c76">
         <name>IntPendSet</name>
         <value>0x2000fc69</value>
         <object_component_ref idref="oc-974"/>
      </symbol>
      <symbol id="sm-cb0">
         <name>PinModeGet</name>
         <value>0x20011931</value>
         <object_component_ref idref="oc-2c8"/>
      </symbol>
      <symbol id="sm-cb1">
         <name>PinConfigSet</name>
         <value>0x2000fcf1</value>
         <object_component_ref idref="oc-383"/>
      </symbol>
      <symbol id="sm-cb2">
         <name>PinModeSet</name>
         <value>0x20011425</value>
         <object_component_ref idref="oc-2ce"/>
      </symbol>
      <symbol id="sm-cb3">
         <name>PinToPadGet</name>
         <value>0x20011ead</value>
         <object_component_ref idref="oc-942"/>
      </symbol>
      <symbol id="sm-d7c">
         <name>PRCMLPDSRestoreInfoSet</name>
         <value>0x20011209</value>
         <object_component_ref idref="oc-956"/>
      </symbol>
      <symbol id="sm-d7d">
         <name>PRCMPeripheralReset</name>
         <value>0x200109e9</value>
         <object_component_ref idref="oc-2bc"/>
      </symbol>
      <symbol id="sm-d7e">
         <name>PRCMLPDSEnter</name>
         <value>0x20010fd1</value>
         <object_component_ref idref="oc-7ff"/>
      </symbol>
      <symbol id="sm-d7f">
         <name>PRCMPeripheralClkEnable</name>
         <value>0x20011019</value>
         <object_component_ref idref="oc-2b6"/>
      </symbol>
      <symbol id="sm-d80">
         <name>PRCMLPDSEnterKeepDebugIf</name>
         <value>0x200116d5</value>
         <object_component_ref idref="oc-805"/>
      </symbol>
      <symbol id="sm-d81">
         <name>PRCMCC3200MCUInit</name>
         <value>0x2000ca91</value>
         <object_component_ref idref="oc-1dc"/>
      </symbol>
      <symbol id="sm-d82">
         <name>PRCMHIBRegWrite</name>
         <value>0x20012101</value>
         <object_component_ref idref="oc-2aa"/>
      </symbol>
      <symbol id="sm-d83">
         <name>PRCMSysResetCauseGet</name>
         <value>0x200108d1</value>
         <object_component_ref idref="oc-2a3"/>
      </symbol>
      <symbol id="sm-d84">
         <name>PRCMPeripheralClkDisable</name>
         <value>0x20011bc9</value>
         <object_component_ref idref="oc-2c2"/>
      </symbol>
      <symbol id="sm-d85">
         <name>PRCMHIBRegRead</name>
         <value>0x200120eb</value>
         <object_component_ref idref="oc-2b0"/>
      </symbol>
      <symbol id="sm-dcd">
         <name>TimerLoadSet</name>
         <value>0x20011b4b</value>
         <object_component_ref idref="oc-52b"/>
      </symbol>
      <symbol id="sm-dce">
         <name>TimerDisable</name>
         <value>0x20011e71</value>
         <object_component_ref idref="oc-708"/>
      </symbol>
      <symbol id="sm-dcf">
         <name>TimerEnable</name>
         <value>0x20011e8f</value>
         <object_component_ref idref="oc-733"/>
      </symbol>
      <symbol id="sm-dd0">
         <name>TimerIntDisable</name>
         <value>0x2001202d</value>
         <object_component_ref idref="oc-a08"/>
      </symbol>
      <symbol id="sm-dd1">
         <name>TimerPrescaleSet</name>
         <value>0x20011b75</value>
         <object_component_ref idref="oc-525"/>
      </symbol>
      <symbol id="sm-dd2">
         <name>TimerControlStall</name>
         <value>0x20011825</value>
         <object_component_ref idref="oc-70e"/>
      </symbol>
      <symbol id="sm-dd3">
         <name>TimerIntEnable</name>
         <value>0x20012045</value>
         <object_component_ref idref="oc-727"/>
      </symbol>
      <symbol id="sm-dd4">
         <name>TimerIntClear</name>
         <value>0x20012243</value>
         <object_component_ref idref="oc-71e"/>
      </symbol>
      <symbol id="sm-de8">
         <name>UARTBusy</name>
         <value>0x2001205d</value>
         <object_component_ref idref="oc-9ea"/>
      </symbol>
      <symbol id="sm-de9">
         <name>UARTIntEnable</name>
         <value>0x20012075</value>
         <object_component_ref idref="oc-a7e"/>
      </symbol>
      <symbol id="sm-ded">
         <name>UtilsDelay</name>
         <value>0x20012499</value>
         <object_component_ref idref="oc-2a9"/>
      </symbol>
      <symbol id="sm-dfd">
         <name>FlashDisable</name>
         <value>0x20010ef9</value>
         <object_component_ref idref="oc-96c"/>
      </symbol>
      <symbol id="sm-e2c">
         <name>snprintf</name>
         <value>0x20010ead</value>
         <object_component_ref idref="oc-238"/>
      </symbol>
      <symbol id="sm-e36">
         <name>__aeabi_fmul</name>
         <value>0x2001020b</value>
         <object_component_ref idref="oc-3b7"/>
      </symbol>
      <symbol id="sm-e40">
         <name>__aeabi_f2iz</name>
         <value>0x200117b5</value>
         <object_component_ref idref="oc-3bc"/>
      </symbol>
      <symbol id="sm-e4b">
         <name>__aeabi_i2f</name>
         <value>0x200117ed</value>
         <object_component_ref idref="oc-3b2"/>
      </symbol>
      <symbol id="sm-e54">
         <name>__aeabi_lmul</name>
         <value>0x200120bd</value>
         <object_component_ref idref="oc-5f9"/>
      </symbol>
      <symbol id="sm-e6f">
         <name>memcpy</name>
         <value>0x2000f989</value>
         <object_component_ref idref="oc-3b"/>
      </symbol>
      <symbol id="sm-e70">
         <name>__aeabi_memcpy</name>
         <value>0x2000f989</value>
         <object_component_ref idref="oc-3b"/>
      </symbol>
      <symbol id="sm-e71">
         <name>__aeabi_memcpy8</name>
         <value>0x2000f989</value>
         <object_component_ref idref="oc-3b"/>
      </symbol>
      <symbol id="sm-e72">
         <name>__aeabi_memcpy4</name>
         <value>0x2000f989</value>
         <object_component_ref idref="oc-3b"/>
      </symbol>
      <symbol id="sm-e7f">
         <name>__aeabi_uldivmod</name>
         <value>0x2000fa25</value>
         <object_component_ref idref="oc-5ee"/>
      </symbol>
      <symbol id="sm-e91">
         <name>__TI_zero_init</name>
         <value>0x2001240d</value>
         <object_component_ref idref="oc-4d"/>
      </symbol>
      <symbol id="sm-ea8">
         <name>__TI_decompress_none</name>
         <value>0x200123db</value>
         <object_component_ref idref="oc-1a"/>
      </symbol>
      <symbol id="sm-ecb">
         <name>__TI_decompress_lzss</name>
         <value>0x20010611</value>
         <object_component_ref idref="oc-14"/>
      </symbol>
      <symbol id="sm-f54">
         <name>_sys_memory</name>
         <value>0x20004040</value>
         <object_component_ref idref="oc-2a"/>
      </symbol>
      <symbol id="sm-f55">
         <name>free</name>
         <value>0x2000ece5</value>
         <object_component_ref idref="oc-446"/>
      </symbol>
      <symbol id="sm-f56">
         <name>memalign</name>
         <value>0x2000e80d</value>
         <object_component_ref idref="oc-73c"/>
      </symbol>
      <symbol id="sm-f57">
         <name>malloc</name>
         <value>0x20012475</value>
         <object_component_ref idref="oc-537"/>
      </symbol>
      <symbol id="sm-f58">
         <name>aligned_alloc</name>
         <value>0x2000e80d</value>
         <object_component_ref idref="oc-73c"/>
      </symbol>
      <symbol id="sm-f6a">
         <name>__stack</name>
         <value>0x20003000</value>
         <object_component_ref idref="oc-2d"/>
      </symbol>
      <symbol id="sm-f6b">
         <name>_c_int00_noargs</name>
         <value>0x20011d6d</value>
         <object_component_ref idref="oc-c5"/>
      </symbol>
      <symbol id="sm-10d0">
         <name>__TI_printfi</name>
         <value>0x2000c041</value>
         <object_component_ref idref="oc-3c4"/>
      </symbol>
      <symbol id="sm-10f0">
         <name>frexpl</name>
         <value>0x20010931</value>
         <object_component_ref idref="oc-78c"/>
      </symbol>
      <symbol id="sm-10f1">
         <name>frexp</name>
         <value>0x20010931</value>
         <object_component_ref idref="oc-78c"/>
      </symbol>
      <symbol id="sm-110f">
         <name>scalbn</name>
         <value>0x2000edc9</value>
         <object_component_ref idref="oc-792"/>
      </symbol>
      <symbol id="sm-1110">
         <name>scalbnl</name>
         <value>0x2000edc9</value>
         <object_component_ref idref="oc-792"/>
      </symbol>
      <symbol id="sm-1111">
         <name>ldexpl</name>
         <value>0x2000edc9</value>
         <object_component_ref idref="oc-792"/>
      </symbol>
      <symbol id="sm-1112">
         <name>ldexp</name>
         <value>0x2000edc9</value>
         <object_component_ref idref="oc-792"/>
      </symbol>
      <symbol id="sm-112b">
         <name>wcslen</name>
         <value>0x20012267</value>
         <object_component_ref idref="oc-589"/>
      </symbol>
      <symbol id="sm-1135">
         <name>__aeabi_idiv0</name>
         <value>0x20011af3</value>
         <object_component_ref idref="oc-7d0"/>
      </symbol>
      <symbol id="sm-1136">
         <name>__aeabi_ldiv0</name>
         <value>0x20011af3</value>
         <object_component_ref idref="oc-7d0"/>
      </symbol>
      <symbol id="sm-114d">
         <name>__aeabi_dsub</name>
         <value>0x2000d741</value>
         <object_component_ref idref="oc-76c"/>
      </symbol>
      <symbol id="sm-114e">
         <name>__aeabi_dadd</name>
         <value>0x2000d74b</value>
         <object_component_ref idref="oc-76c"/>
      </symbol>
      <symbol id="sm-1170">
         <name>__aeabi_cdcmpeq</name>
         <value>0x2000fe01</value>
         <object_component_ref idref="oc-566"/>
      </symbol>
      <symbol id="sm-1171">
         <name>__aeabi_cdcmple</name>
         <value>0x2000fe01</value>
         <object_component_ref idref="oc-566"/>
      </symbol>
      <symbol id="sm-1172">
         <name>__aeabi_cdrcmple</name>
         <value>0x2000fe87</value>
         <object_component_ref idref="oc-757"/>
      </symbol>
      <symbol id="sm-1186">
         <name>__aeabi_ddiv</name>
         <value>0x2000e375</value>
         <object_component_ref idref="oc-752"/>
      </symbol>
      <symbol id="sm-1191">
         <name>__aeabi_dmul</name>
         <value>0x2000ea09</value>
         <object_component_ref idref="oc-74d"/>
      </symbol>
      <symbol id="sm-119b">
         <name>__aeabi_d2iz</name>
         <value>0x200110f1</value>
         <object_component_ref idref="oc-75c"/>
      </symbol>
      <symbol id="sm-11a5">
         <name>__aeabi_i2d</name>
         <value>0x20011ac5</value>
         <object_component_ref idref="oc-767"/>
      </symbol>
      <symbol id="sm-11b4">
         <name>__aeabi_memset</name>
         <value>0x20010287</value>
         <object_component_ref idref="oc-9d"/>
      </symbol>
      <symbol id="sm-11b5">
         <name>memset</name>
         <value>0x2001028d</value>
         <object_component_ref idref="oc-9d"/>
      </symbol>
      <symbol id="sm-11b6">
         <name>__aeabi_memset8</name>
         <value>0x20010287</value>
         <object_component_ref idref="oc-9d"/>
      </symbol>
      <symbol id="sm-11b7">
         <name>__aeabi_memset4</name>
         <value>0x20010287</value>
         <object_component_ref idref="oc-9d"/>
      </symbol>
      <symbol id="sm-11b8">
         <name>__aeabi_memclr8</name>
         <value>0x20010285</value>
         <object_component_ref idref="oc-9d"/>
      </symbol>
      <symbol id="sm-11b9">
         <name>__aeabi_memclr4</name>
         <value>0x20010285</value>
         <object_component_ref idref="oc-9d"/>
      </symbol>
      <symbol id="sm-11ba">
         <name>__aeabi_memclr</name>
         <value>0x20010285</value>
         <object_component_ref idref="oc-9d"/>
      </symbol>
      <symbol id="sm-11e2">
         <name>__TI_auto_init_nobinit_nopinit</name>
         <value>0x200113a1</value>
         <object_component_ref idref="oc-179"/>
      </symbol>
      <symbol id="sm-11ec">
         <name>_system_pre_init</name>
         <value>0x200124ab</value>
         <object_component_ref idref="oc-119"/>
      </symbol>
      <symbol id="sm-11f8">
         <name>C$$EXIT</name>
         <value>0x200124af</value>
         <object_component_ref idref="oc-16d"/>
      </symbol>
      <symbol id="sm-11f9">
         <name>abort</name>
         <value>0x200124af</value>
         <object_component_ref idref="oc-16d"/>
      </symbol>
      <symbol id="sm-120e">
         <name>_nop</name>
         <value>0x200103eb</value>
         <object_component_ref idref="oc-3f1"/>
      </symbol>
      <symbol id="sm-120f">
         <name>_lock</name>
         <value>0x20012b24</value>
         <object_component_ref idref="oc-25b"/>
      </symbol>
      <symbol id="sm-1210">
         <name>_unlock</name>
         <value>0x20012b28</value>
         <object_component_ref idref="oc-25b"/>
      </symbol>
      <symbol id="sm-121f">
         <name>__TI_ltoa</name>
         <value>0x20010aef</value>
         <object_component_ref idref="oc-761"/>
      </symbol>
      <symbol id="sm-1236">
         <name>atoi</name>
         <value>0x20010e15</value>
         <object_component_ref idref="oc-55a"/>
      </symbol>
      <symbol id="sm-1241">
         <name>_ctypes_</name>
         <value>0x20012b58</value>
         <object_component_ref idref="oc-746"/>
      </symbol>
      <symbol id="sm-1251">
         <name>memccpy</name>
         <value>0x20011f01</value>
         <object_component_ref idref="oc-583"/>
      </symbol>
      <symbol id="sm-1261">
         <name>strchr</name>
         <value>0x2001212d</value>
         <object_component_ref idref="oc-798"/>
      </symbol>
      <symbol id="sm-126f">
         <name>strlen</name>
         <value>0x200121f9</value>
         <object_component_ref idref="oc-554"/>
      </symbol>
      <symbol id="sm-1285">
         <name>__aeabi_errno_addr</name>
         <value>0x2001246d</value>
         <object_component_ref idref="oc-58f"/>
      </symbol>
      <symbol id="sm-1286">
         <name>errno</name>
         <value>0x20012b4c</value>
         <object_component_ref idref="oc-7a8"/>
      </symbol>
      <symbol id="sm-1290">
         <name>copysign</name>
         <value>0x20012401</value>
         <object_component_ref idref="oc-90c"/>
      </symbol>
      <symbol id="sm-1291">
         <name>copysignl</name>
         <value>0x20012401</value>
         <object_component_ref idref="oc-90c"/>
      </symbol>
      <symbol id="sm-1292">
         <name>__TI_static_base__</name>
         <value>0x200134d0</value>
      </symbol>
      <symbol id="sm-1295">
         <name>ITM_flush</name>
         <value>0x0</value>
      </symbol>
      <symbol id="sm-1296">
         <name>ITM_restore</name>
         <value>0x0</value>
      </symbol>
      <symbol id="sm-1297">
         <name>__mpu_init</name>
         <value>0x0</value>
      </symbol>
      <symbol id="sm-1298">
         <name>_system_post_cinit</name>
         <value>0x0</value>
      </symbol>
      <symbol id="sm-1299">
         <name>NoRTOS_start</name>
         <value>0x200123a3</value>
      </symbol>
   </symbol_table>
   <title>Link successful</title>
</link_info>
